Archive member included to satisfy reference by file (symbol)

app/libapp.a(main.c.obj)      (--whole-archive)
zephyr/libzephyr.a(heap.c.obj)
                              (--whole-archive)
zephyr/libzephyr.a(cbprintf_packaged.c.obj)
                              (--whole-archive)
zephyr/libzephyr.a(printk.c.obj)
                              (--whole-archive)
zephyr/libzephyr.a(sem.c.obj)
                              (--whole-archive)
zephyr/libzephyr.a(thread_entry.c.obj)
                              (--whole-archive)
zephyr/libzephyr.a(cbprintf_complete.c.obj)
                              (--whole-archive)
zephyr/libzephyr.a(assert.c.obj)
                              (--whole-archive)
zephyr/libzephyr.a(dec.c.obj)
                              (--whole-archive)
zephyr/libzephyr.a(hex.c.obj)
                              (--whole-archive)
zephyr/libzephyr.a(rb.c.obj)  (--whole-archive)
zephyr/libzephyr.a(timeutil.c.obj)
                              (--whole-archive)
zephyr/libzephyr.a(bitarray.c.obj)
                              (--whole-archive)
zephyr/libzephyr.a(onoff.c.obj)
                              (--whole-archive)
zephyr/libzephyr.a(notify.c.obj)
                              (--whole-archive)
zephyr/libzephyr.a(ring_buffer.c.obj)
                              (--whole-archive)
zephyr/libzephyr.a(configs.c.obj)
                              (--whole-archive)
zephyr/libzephyr.a(mem_attr.c.obj)
                              (--whole-archive)
zephyr/libzephyr.a(tracing_none.c.obj)
                              (--whole-archive)
zephyr/arch/common/libarch__common.a(sw_isr_common.c.obj)
                              (--whole-archive)
zephyr/arch/arch/arm/core/libarch__arm__core.a(fatal.c.obj)
                              (--whole-archive)
zephyr/arch/arch/arm/core/libarch__arm__core.a(nmi.c.obj)
                              (--whole-archive)
zephyr/arch/arch/arm/core/libarch__arm__core.a(nmi_on_reset.S.obj)
                              (--whole-archive)
zephyr/arch/arch/arm/core/libarch__arm__core.a(tls.c.obj)
                              (--whole-archive)
zephyr/arch/arch/arm/core/cortex_m/libarch__arm__core__cortex_m.a(exc_exit.c.obj)
                              (--whole-archive)
zephyr/arch/arch/arm/core/cortex_m/libarch__arm__core__cortex_m.a(fault.c.obj)
                              (--whole-archive)
zephyr/arch/arch/arm/core/cortex_m/libarch__arm__core__cortex_m.a(fault_s.S.obj)
                              (--whole-archive)
zephyr/arch/arch/arm/core/cortex_m/libarch__arm__core__cortex_m.a(fpu.c.obj)
                              (--whole-archive)
zephyr/arch/arch/arm/core/cortex_m/libarch__arm__core__cortex_m.a(reset.S.obj)
                              (--whole-archive)
zephyr/arch/arch/arm/core/cortex_m/libarch__arm__core__cortex_m.a(scb.c.obj)
                              (--whole-archive)
zephyr/arch/arch/arm/core/cortex_m/libarch__arm__core__cortex_m.a(thread_abort.c.obj)
                              (--whole-archive)
zephyr/arch/arch/arm/core/cortex_m/libarch__arm__core__cortex_m.a(vector_table.S.obj)
                              (--whole-archive)
zephyr/arch/arch/arm/core/cortex_m/libarch__arm__core__cortex_m.a(swap_helper.S.obj)
                              (--whole-archive)
zephyr/arch/arch/arm/core/cortex_m/libarch__arm__core__cortex_m.a(irq_manage.c.obj)
                              (--whole-archive)
zephyr/arch/arch/arm/core/cortex_m/libarch__arm__core__cortex_m.a(prep_c.c.obj)
                              (--whole-archive)
zephyr/arch/arch/arm/core/cortex_m/libarch__arm__core__cortex_m.a(thread.c.obj)
                              (--whole-archive)
zephyr/arch/arch/arm/core/cortex_m/libarch__arm__core__cortex_m.a(cpu_idle.c.obj)
                              (--whole-archive)
zephyr/arch/arch/arm/core/cortex_m/libarch__arm__core__cortex_m.a(irq_init.c.obj)
                              (--whole-archive)
zephyr/arch/arch/arm/core/cortex_m/libarch__arm__core__cortex_m.a(isr_wrapper.c.obj)
                              (--whole-archive)
zephyr/arch/arch/arm/core/cortex_m/libarch__arm__core__cortex_m.a(__aeabi_read_tp.S.obj)
                              (--whole-archive)
zephyr/arch/arch/arm/core/mpu/libarch__arm__core__mpu.a(arm_core_mpu.c.obj)
                              (--whole-archive)
zephyr/arch/arch/arm/core/mpu/libarch__arm__core__mpu.a(arm_mpu.c.obj)
                              (--whole-archive)
zephyr/arch/arch/arm/core/mpu/libarch__arm__core__mpu.a(arm_mpu_regions.c.obj)
                              (--whole-archive)
zephyr/lib/libc/picolibc/liblib__libc__picolibc.a(assert.c.obj)
                              (--whole-archive)
zephyr/lib/libc/picolibc/liblib__libc__picolibc.a(cbprintf.c.obj)
                              (--whole-archive)
zephyr/lib/libc/picolibc/liblib__libc__picolibc.a(chk_fail.c.obj)
                              (--whole-archive)
zephyr/lib/libc/picolibc/liblib__libc__picolibc.a(errno_wrap.c.obj)
[...]
Memory Configuration

Name             Origin             Length             Attributes
FLASH            0x0000000000000000 0x0000000000100000 xr
RAM              0x0000000020000000 0x0000000000040000 xw
IDT_LIST         0x00000000ffff7fff 0x0000000000008000 xw
*default*        0x0000000000000000 0xffffffffffffffff

Linker script and memory map

                0x0000000000003598                vfprintf = __l_vfprintf
                0x0000000000000000                vfscanf = __l_vfscanf
LOAD zephyr/CMakeFiles/zephyr_pre0.dir/misc/empty_file.c.obj
LOAD zephyr/CMakeFiles/offsets.dir/./arch/arm/core/offsets/offsets.c.obj
LOAD app/libapp.a
LOAD zephyr/libzephyr.a
LOAD zephyr/arch/common/libarch__common.a
LOAD zephyr/arch/arch/arm/core/libarch__arm__core.a
LOAD zephyr/arch/arch/arm/core/cortex_m/libarch__arm__core__cortex_m.a
LOAD zephyr/arch/arch/arm/core/mpu/libarch__arm__core__mpu.a
LOAD zephyr/lib/libc/picolibc/liblib__libc__picolibc.a
LOAD zephyr/lib/libc/common/liblib__libc__common.a
LOAD zephyr/soc/soc/nrf52840/libsoc__nordic.a
LOAD zephyr/drivers/clock_control/libdrivers__clock_control.a
LOAD zephyr/drivers/console/libdrivers__console.a
LOAD zephyr/drivers/gpio/libdrivers__gpio.a
LOAD zephyr/drivers/pinctrl/libdrivers__pinctrl.a
LOAD zephyr/drivers/serial/libdrivers__serial.a
LOAD zephyr/drivers/timer/libdrivers__timer.a
LOAD modules/hal_nordic/nrfx/libmodules__hal_nordic__nrfx.a
LOAD modules/segger/libmodules__segger.a
LOAD zephyr/kernel/libkernel.a
LOAD zephyr/arch/common/libisr_tables.a
LOAD /home/issam/zephyr-sdk-0.17.0/arm-zephyr-eabi/bin/../lib/gcc/../../picolibc/arm-zephyr-eabi/lib/thumb/v7e-m/nofp/libc.a
LOAD /home/issam/zephyr-sdk-0.17.0/arm-zephyr-eabi/bin/../lib/gcc/arm-zephyr-eabi/12.2.0/thumb/v7e-m/nofp/libgcc.a
                0x0000000000000020                _region_min_align = 0x20

.rel.plt        0x0000000000000000        0x0
 *(SORT_BY_ALIGNMENT(.rel.plt))
                [!provide]                        PROVIDE (__rel_iplt_start = .)
 *(SORT_BY_ALIGNMENT(.rel.iplt))
 .rel.iplt      0x0000000000000000        0x0 app/libapp.a(main.c.obj)
                [!provide]                        PROVIDE (__rel_iplt_end = .)

.rela.plt       0x0000000000000000        0x0
 *(SORT_BY_ALIGNMENT(.rela.plt))
                [!provide]                        PROVIDE (__rela_iplt_start = .)
 *(SORT_BY_ALIGNMENT(.rela.iplt))
                [!provide]                        PROVIDE (__rela_iplt_end = .)

.rel.dyn
 *(SORT_BY_ALIGNMENT(.rel.*))

.rela.dyn
 *(SORT_BY_ALIGNMENT(.rela.*))

/DISCARD/
 *(SORT_BY_ALIGNMENT(.plt))

/DISCARD/
 *(SORT_BY_ALIGNMENT(.iplt))
                0x0000000000000000                __rom_region_start = 0x0

rom_start       0x0000000000000000      0x100
                0x0000000000000000                __rom_start_address = .
 FILL mask 0x00
                0x0000000000000000                . = (. + (0x0 - (. - __rom_start_address)))
                0x0000000000000000                . = ALIGN (0x4)
                0x0000000000000000                . = ALIGN (0x80)
                0x0000000000000000                . = ALIGN (0x100)
                0x0000000000000000                _vector_start = .
 *(SORT_BY_ALIGNMENT(.exc_vector_table))
 *(SORT_BY_ALIGNMENT(.exc_vector_table.*))
 .exc_vector_table._vector_table_section
                0x0000000000000000       0x40 zephyr/arch/arch/arm/core/cortex_m/libarch__arm__core__cortex_m.a(vector_table.S.obj)
                0x0000000000000000                _vector_table
 *(SORT_BY_ALIGNMENT(.vectors))
                0x0000000000000100                _vector_end = .
                0x0000000000000040                . = ALIGN (0x4)
 *(SORT_BY_ALIGNMENT(.gnu.linkonce.irq_vector_table*))
 .gnu.linkonce.irq_vector_table
                0x0000000000000040       0xc0 zephyr/arch/common/libisr_tables.a(isr_tables.c.obj)
                0x0000000000000040                _irq_vector_table
                0x0000000000000100                _vector_end = .

text            0x0000000000000100     0x435c
                0x0000000000000100                __text_region_start = .
 *(SORT_BY_ALIGNMENT(.text))
 *(SORT_BY_ALIGNMENT(.text.*))
 .text.main     0x0000000000000100       0x74 app/libapp.a(main.c.obj)
                0x0000000000000100                main
 .text.char_out
                0x0000000000000174        0xc zephyr/libzephyr.a(printk.c.obj)
 .text.__printk_hook_install
                0x0000000000000180        0xc zephyr/libzephyr.a(printk.c.obj)
                0x0000000000000180                __printk_hook_install
 .text.vprintk  0x000000000000018c       0x30 zephyr/libzephyr.a(printk.c.obj)
                0x000000000000018c                vprintk
 .text.z_thread_entry
                0x00000000000001bc       0x34 zephyr/libzephyr.a(thread_entry.c.obj)
                0x00000000000001bc                z_thread_entry
 .text.process_event
                0x00000000000001f0      0x21c zephyr/libzephyr.a(onoff.c.obj)
 .text.mem_attr_get_regions
                0x000000000000040c        0xc zephyr/libzephyr.a(mem_attr.c.obj)
                0x000000000000040c                mem_attr_get_regions
 .text.z_SysNmiOnReset
                0x0000000000000418        0x8 zephyr/arch/arch/arm/core/libarch__arm__core.a(nmi_on_reset.S.obj)
                0x0000000000000418                z_SysNmiOnReset
 .text.arch_tls_stack_setup
                0x0000000000000420       0x40 zephyr/arch/arch/arm/core/libarch__arm__core.a(tls.c.obj)
                0x0000000000000420                arch_tls_stack_setup
 .text._HandlerModeExit
                0x0000000000000460       0x20 zephyr/arch/arch/arm/core/cortex_m/libarch__arm__core__cortex_m.a(exc_exit.c.obj)
                0x0000000000000460                z_arm_exc_exit
                0x0000000000000460                z_arm_int_exit
 .text.mem_manage_fault
                0x0000000000000480       0xa0 zephyr/arch/arch/arm/core/cortex_m/libarch__arm__core__cortex_m.a(fault.c.obj)
 .text.usage_fault.constprop.0
                0x0000000000000520       0x54 zephyr/arch/arch/arm/core/cortex_m/libarch__arm__core__cortex_m.a(fault.c.obj)
 .text.bus_fault.constprop.0
                0x0000000000000574       0x6c zephyr/arch/arch/arm/core/cortex_m/libarch__arm__core__cortex_m.a(fault.c.obj)
 .text.z_arm_fault
                0x00000000000005e0      0x128 zephyr/arch/arch/arm/core/cortex_m/libarch__arm__core__cortex_m.a(fault.c.obj)
                0x00000000000005e0                z_arm_fault
 .text.z_arm_fault_init
                0x0000000000000708       0x18 zephyr/arch/arch/arm/core/cortex_m/libarch__arm__core__cortex_m.a(fault.c.obj)
                0x0000000000000708                z_arm_fault_init
 .text.__fault  0x0000000000000720       0x14 zephyr/arch/arch/arm/core/cortex_m/libarch__arm__core__cortex_m.a(fault_s.S.obj)
                0x0000000000000720                z_arm_bus_fault
                0x0000000000000720                z_arm_usage_fault
                0x0000000000000720                z_arm_mpu_fault
                0x0000000000000720                z_arm_exc_spurious
                0x0000000000000720                z_arm_debug_monitor
                0x0000000000000720                z_arm_hard_fault
 .text._reset_section
                0x0000000000000734       0x38 zephyr/arch/arch/arm/core/cortex_m/libarch__arm__core__cortex_m.a(reset.S.obj)
                0x0000000000000734                z_arm_reset
                0x0000000000000734                __start
 .text.z_impl_k_thread_abort
                0x000000000000076c       0x2c zephyr/arch/arch/arm/core/cortex_m/libarch__arm__core__cortex_m.a(thread_abort.c.obj)
                0x000000000000076c                z_impl_k_thread_abort
 .text.z_arm_pendsv
                0x0000000000000798       0x60 zephyr/arch/arch/arm/core/cortex_m/libarch__arm__core__cortex_m.a(swap_helper.S.obj)
                0x0000000000000798                z_arm_pendsv
 .text.z_arm_svc
                0x00000000000007f8       0x24 zephyr/arch/arch/arm/core/cortex_m/libarch__arm__core__cortex_m.a(swap_helper.S.obj)
                0x00000000000007f8                z_arm_svc
 .text.arm_irq_enable
                0x000000000000081c       0x1c zephyr/arch/arch/arm/core/cortex_m/libarch__arm__core__cortex_m.a(irq_manage.c.obj)
                0x000000000000081c                arm_irq_enable
 .text.arm_irq_is_enabled
                0x0000000000000838       0x1c zephyr/arch/arch/arm/core/cortex_m/libarch__arm__core__cortex_m.a(irq_manage.c.obj)
                0x0000000000000838                arm_irq_is_enabled
 .text.arm_irq_priority_set
                0x0000000000000854       0x30 zephyr/arch/arch/arm/core/cortex_m/libarch__arm__core__cortex_m.a(irq_manage.c.obj)
                0x0000000000000854                arm_irq_priority_set
 .text.relocate_vector_table
                0x0000000000000884       0x1c zephyr/arch/arch/arm/core/cortex_m/libarch__arm__core__cortex_m.a(prep_c.c.obj)
                0x0000000000000884                relocate_vector_table
 .text.z_prep_c
                0x00000000000008a0       0x38 zephyr/arch/arch/arm/core/cortex_m/libarch__arm__core__cortex_m.a(prep_c.c.obj)
                0x00000000000008a0                z_prep_c
 .text.arch_new_thread
                0x00000000000008d8       0x38 zephyr/arch/arch/arm/core/cortex_m/libarch__arm__core__cortex_m.a(thread.c.obj)
                0x00000000000008d8                arch_new_thread
 .text.z_check_thread_stack_fail
                0x0000000000000910       0x2c zephyr/arch/arch/arm/core/cortex_m/libarch__arm__core__cortex_m.a(thread.c.obj)
                0x0000000000000910                z_check_thread_stack_fail
 .text.arch_switch_to_main_thread
                0x000000000000093c       0x3c zephyr/arch/arch/arm/core/cortex_m/libarch__arm__core__cortex_m.a(thread.c.obj)
                0x000000000000093c                arch_switch_to_main_thread
 .text.z_arm_cpu_idle_init
                0x0000000000000978        0xc zephyr/arch/arch/arm/core/cortex_m/libarch__arm__core__cortex_m.a(cpu_idle.c.obj)
                0x0000000000000978                z_arm_cpu_idle_init
 .text.z_arm_interrupt_init
                0x0000000000000984       0x18 zephyr/arch/arch/arm/core/cortex_m/libarch__arm__core__cortex_m.a(irq_init.c.obj)
                0x0000000000000984                z_arm_interrupt_init
 .text._isr_wrapper
                0x000000000000099c       0x24 zephyr/arch/arch/arm/core/cortex_m/libarch__arm__core__cortex_m.a(isr_wrapper.c.obj)
                0x000000000000099c                _isr_wrapper
 .text.z_arm_configure_static_mpu_regions
                0x00000000000009c0       0x18 zephyr/arch/arch/arm/core/mpu/libarch__arm__core__mpu.a(arm_core_mpu.c.obj)
                0x00000000000009c0                z_arm_configure_static_mpu_regions
 .text.z_arm_configure_dynamic_mpu_regions
                0x00000000000009d8       0x20 zephyr/arch/arch/arm/core/mpu/libarch__arm__core__mpu.a(arm_core_mpu.c.obj)
                0x00000000000009d8                z_arm_configure_dynamic_mpu_regions
 .text.region_init
                0x00000000000009f8       0x28 zephyr/arch/arch/arm/core/mpu/libarch__arm__core__mpu.a(arm_mpu.c.obj)
 .text.mpu_configure_regions
                0x0000000000000a20       0x6c zephyr/arch/arch/arm/core/mpu/libarch__arm__core__mpu.a(arm_mpu.c.obj)
 .text.arm_core_mpu_enable
                0x0000000000000a8c       0x18 zephyr/arch/arch/arm/core/mpu/libarch__arm__core__mpu.a(arm_mpu.c.obj)
                0x0000000000000a8c                arm_core_mpu_enable
 .text.arm_core_mpu_disable
                0x0000000000000aa4       0x14 zephyr/arch/arch/arm/core/mpu/libarch__arm__core__mpu.a(arm_mpu.c.obj)
                0x0000000000000aa4                arm_core_mpu_disable
 .text.arm_core_mpu_configure_static_mpu_regions
                0x0000000000000ab8       0x14 zephyr/arch/arch/arm/core/mpu/libarch__arm__core__mpu.a(arm_mpu.c.obj)
                0x0000000000000ab8                arm_core_mpu_configure_static_mpu_regions
 .text.arm_core_mpu_configure_dynamic_mpu_regions
                0x0000000000000acc       0x38 zephyr/arch/arch/arm/core/mpu/libarch__arm__core__mpu.a(arm_mpu.c.obj)
                0x0000000000000acc                arm_core_mpu_configure_dynamic_mpu_regions
 .text.z_arm_mpu_init
                0x0000000000000b04      0x168 zephyr/arch/arch/arm/core/mpu/libarch__arm__core__mpu.a(arm_mpu.c.obj)
                0x0000000000000b04                z_arm_mpu_init
 .text.z_impl_zephyr_fputc
                0x0000000000000c6c       0x10 zephyr/lib/libc/picolibc/liblib__libc__picolibc.a(stdio.c.obj)
                0x0000000000000c6c                z_impl_zephyr_fputc
 .text.__stdout_hook_install
                0x0000000000000c7c       0x18 zephyr/lib/libc/picolibc/liblib__libc__picolibc.a(stdio.c.obj)
                0x0000000000000c7c                __stdout_hook_install
 .text.malloc_prepare
                0x0000000000000c94       0x24 zephyr/lib/libc/common/liblib__libc__common.a(malloc.c.obj)
 .text.nordicsemi_nrf52_init
                0x0000000000000cb8       0x44 zephyr/soc/soc/nrf52840/libsoc__nordic.a(soc.c.obj)
 .text.arch_busy_wait
                0x0000000000000cfc       0x14 zephyr/soc/soc/nrf52840/libsoc__nordic.a(soc.c.obj)
                0x0000000000000cfc                arch_busy_wait
 .text.onoff_stop
                0x0000000000000d10       0x30 zephyr/drivers/clock_control/libdrivers__clock_control.a(clock_control_nrf.c.obj)
 .text.onoff_start
                0x0000000000000d40       0x44 zephyr/drivers/clock_control/libdrivers__clock_control.a(clock_control_nrf.c.obj)
 .text.generic_hfclk_stop
                0x0000000000000d84       0x34 zephyr/drivers/clock_control/libdrivers__clock_control.a(clock_control_nrf.c.obj)
 .text.clk_init
                0x0000000000000db8       0x58 zephyr/drivers/clock_control/libdrivers__clock_control.a(clock_control_nrf.c.obj)
 .text.api_blocking_start
                0x0000000000000e10       0x34 zephyr/drivers/clock_control/libdrivers__clock_control.a(clock_control_nrf.c.obj)
 .text.clkstarted_handle.constprop.0
                0x0000000000000e44       0x4c zephyr/drivers/clock_control/libdrivers__clock_control.a(clock_control_nrf.c.obj)
 .text.generic_hfclk_start
                0x0000000000000e90       0x78 zephyr/drivers/clock_control/libdrivers__clock_control.a(clock_control_nrf.c.obj)
 .text.clock_event_handler
                0x0000000000000f08       0x1c zephyr/drivers/clock_control/libdrivers__clock_control.a(clock_control_nrf.c.obj)
 .text.z_nrf_clock_control_lf_on
                0x0000000000000f24       0xfc zephyr/drivers/clock_control/libdrivers__clock_control.a(clock_control_nrf.c.obj)
                0x0000000000000f24                z_nrf_clock_control_lf_on
 .text.uart_console_init
                0x0000000000001020       0x28 zephyr/drivers/console/libdrivers__console.a(uart_console.c.obj)
 .text.console_out
                0x0000000000001048       0x28 zephyr/drivers/console/libdrivers__console.a(uart_console.c.obj)
 .text.gpio_nrfx_pin_interrupt_configure
                0x0000000000001070      0x100 zephyr/drivers/gpio/libdrivers__gpio.a(gpio_nrfx.c.obj)
 .text.gpio_nrfx_init
                0x0000000000001170       0x48 zephyr/drivers/gpio/libdrivers__gpio.a(gpio_nrfx.c.obj)
 .text.nrfx_gpio_handler
                0x00000000000011b8       0x4c zephyr/drivers/gpio/libdrivers__gpio.a(gpio_nrfx.c.obj)
 .text.gpio_nrfx_pin_configure
                0x0000000000001204      0x18c zephyr/drivers/gpio/libdrivers__gpio.a(gpio_nrfx.c.obj)
 .text.nrf_gpio_pin_port_decode
                0x0000000000001390       0x20 zephyr/drivers/pinctrl/libdrivers__pinctrl.a(pinctrl_nrf.c.obj)
 .text.pinctrl_configure_pins
                0x00000000000013b0      0x1a4 zephyr/drivers/pinctrl/libdrivers__pinctrl.a(pinctrl_nrf.c.obj)
                0x00000000000013b0                pinctrl_configure_pins
 .text.uarte_nrfx_poll_out
                0x0000000000001554       0xb4 zephyr/drivers/serial/libdrivers__serial.a(uart_nrfx_uarte.c.obj)
 .text.uarte_0_init
                0x0000000000001608      0x108 zephyr/drivers/serial/libdrivers__serial.a(uart_nrfx_uarte.c.obj)
 .text.compare_int_lock
                0x0000000000001710       0x48 zephyr/drivers/timer/libdrivers__timer.a(nrf_rtc_timer.c.obj)
 .text.sys_clock_timeout_handler
                0x0000000000001758       0x48 zephyr/drivers/timer/libdrivers__timer.a(nrf_rtc_timer.c.obj)
 .text.compare_int_unlock
                0x00000000000017a0       0x5c zephyr/drivers/timer/libdrivers__timer.a(nrf_rtc_timer.c.obj)
 .text.z_nrf_rtc_timer_read
                0x00000000000017fc       0x44 zephyr/drivers/timer/libdrivers__timer.a(nrf_rtc_timer.c.obj)
                0x00000000000017fc                z_nrf_rtc_timer_read
 .text.compare_set
                0x0000000000001840      0x130 zephyr/drivers/timer/libdrivers__timer.a(nrf_rtc_timer.c.obj)
 .text.sys_clock_driver_init
                0x0000000000001970       0x90 zephyr/drivers/timer/libdrivers__timer.a(nrf_rtc_timer.c.obj)
 .text.rtc_nrf_isr
                0x0000000000001a00       0xd4 zephyr/drivers/timer/libdrivers__timer.a(nrf_rtc_timer.c.obj)
                0x0000000000001a00                rtc_nrf_isr
 .text.sys_clock_set_timeout
                0x0000000000001ad4       0x5c zephyr/drivers/timer/libdrivers__timer.a(nrf_rtc_timer.c.obj)
                0x0000000000001ad4                sys_clock_set_timeout
 .text.sys_clock_elapsed
                0x0000000000001b30       0x14 zephyr/drivers/timer/libdrivers__timer.a(nrf_rtc_timer.c.obj)
                0x0000000000001b30                sys_clock_elapsed
 .text.nrf52_errata_98
                0x0000000000001b44       0x24 modules/hal_nordic/nrfx/libmodules__hal_nordic__nrfx.a(system_nrf52840.c.obj)
 .text.nvmc_wait
                0x0000000000001b68       0x10 modules/hal_nordic/nrfx/libmodules__hal_nordic__nrfx.a(system_nrf52840.c.obj)
                0x0000000000001b68                nvmc_wait
 .text.SystemInit
                0x0000000000001b78      0x1bc modules/hal_nordic/nrfx/libmodules__hal_nordic__nrfx.a(system_nrf52840.c.obj)
                0x0000000000001b78                SystemInit
 .text.nrfx_flag32_alloc
                0x0000000000001d34       0x48 modules/hal_nordic/nrfx/libmodules__hal_nordic__nrfx.a(nrfx_flag32_allocator.c.obj)
                0x0000000000001d34                nrfx_flag32_alloc
 .text.nrfx_flag32_free
                0x0000000000001d7c       0x40 modules/hal_nordic/nrfx/libmodules__hal_nordic__nrfx.a(nrfx_flag32_allocator.c.obj)
                0x0000000000001d7c                nrfx_flag32_free
 .text.nrfx_gppi_channels_enable
                0x0000000000001dbc        0xc modules/hal_nordic/nrfx/libmodules__hal_nordic__nrfx.a(nrfx_gppi_ppi.c.obj)
                0x0000000000001dbc                nrfx_gppi_channels_enable
 .text.clock_stop
                0x0000000000001dc8       0xc4 modules/hal_nordic/nrfx/libmodules__hal_nordic__nrfx.a(nrfx_clock.c.obj)
 .text.nrfx_clock_init
                0x0000000000001e8c       0x20 modules/hal_nordic/nrfx/libmodules__hal_nordic__nrfx.a(nrfx_clock.c.obj)
                0x0000000000001e8c                nrfx_clock_init
 .text.nrfx_clock_enable
                0x0000000000001eac       0x24 modules/hal_nordic/nrfx/libmodules__hal_nordic__nrfx.a(nrfx_clock.c.obj)
                0x0000000000001eac                nrfx_clock_enable
 .text.nrfx_clock_start
                0x0000000000001ed0       0xa8 modules/hal_nordic/nrfx/libmodules__hal_nordic__nrfx.a(nrfx_clock.c.obj)
                0x0000000000001ed0                nrfx_clock_start
 .text.nrfx_power_clock_irq_handler
                0x0000000000001f78       0x7c modules/hal_nordic/nrfx/libmodules__hal_nordic__nrfx.a(nrfx_clock.c.obj)
                0x0000000000001f78                nrfx_power_clock_irq_handler
 .text.nrf_gpio_pin_port_decode
                0x0000000000001ff4       0x20 modules/hal_nordic/nrfx/libmodules__hal_nordic__nrfx.a(nrfx_gpiote.c.obj)
 .text.get_pin_idx
                0x0000000000002014       0x14 modules/hal_nordic/nrfx/libmodules__hal_nordic__nrfx.a(nrfx_gpiote.c.obj)
 .text.call_handler.constprop.0
                0x0000000000002028       0x40 modules/hal_nordic/nrfx/libmodules__hal_nordic__nrfx.a(nrfx_gpiote.c.obj)
 .text.pin_te_get.constprop.0
                0x0000000000002068       0x18 modules/hal_nordic/nrfx/libmodules__hal_nordic__nrfx.a(nrfx_gpiote.c.obj)
 .text.pin_is_output.constprop.0
                0x0000000000002080       0x18 modules/hal_nordic/nrfx/libmodules__hal_nordic__nrfx.a(nrfx_gpiote.c.obj)
 .text.pin_in_use_by_te.constprop.0
                0x0000000000002098       0x18 modules/hal_nordic/nrfx/libmodules__hal_nordic__nrfx.a(nrfx_gpiote.c.obj)
 .text.latch_pending_read_and_check
                0x00000000000020b0       0x40 modules/hal_nordic/nrfx/libmodules__hal_nordic__nrfx.a(nrfx_gpiote.c.obj)
 .text.release_handler.isra.0
                0x00000000000020f0       0x58 modules/hal_nordic/nrfx/libmodules__hal_nordic__nrfx.a(nrfx_gpiote.c.obj)
 .text.__nrfy_internal_gpiote_events_process.constprop.0
                0x0000000000002148       0x5c modules/hal_nordic/nrfx/libmodules__hal_nordic__nrfx.a(nrfx_gpiote.c.obj)
 .text.pin_uninit
                0x00000000000021a4       0x80 modules/hal_nordic/nrfx/libmodules__hal_nordic__nrfx.a(nrfx_gpiote.c.obj)
 .text.nrfx_gpiote_input_configure
                0x0000000000002224      0x174 modules/hal_nordic/nrfx/libmodules__hal_nordic__nrfx.a(nrfx_gpiote.c.obj)
                0x0000000000002224                nrfx_gpiote_input_configure
 .text.nrfx_gpiote_output_configure
                0x0000000000002398       0xfc modules/hal_nordic/nrfx/libmodules__hal_nordic__nrfx.a(nrfx_gpiote.c.obj)
                0x0000000000002398                nrfx_gpiote_output_configure
 .text.nrfx_gpiote_global_callback_set
                0x0000000000002494        0xc modules/hal_nordic/nrfx/libmodules__hal_nordic__nrfx.a(nrfx_gpiote.c.obj)
                0x0000000000002494                nrfx_gpiote_global_callback_set
 .text.nrfx_gpiote_channel_get
                0x00000000000024a0       0x34 modules/hal_nordic/nrfx/libmodules__hal_nordic__nrfx.a(nrfx_gpiote.c.obj)
                0x00000000000024a0                nrfx_gpiote_channel_get
 .text.nrfx_gpiote_init
                0x00000000000024d4       0x68 modules/hal_nordic/nrfx/libmodules__hal_nordic__nrfx.a(nrfx_gpiote.c.obj)
                0x00000000000024d4                nrfx_gpiote_init
 .text.nrfx_gpiote_init_check
                0x000000000000253c       0x14 modules/hal_nordic/nrfx/libmodules__hal_nordic__nrfx.a(nrfx_gpiote.c.obj)
                0x000000000000253c                nrfx_gpiote_init_check
 .text.nrfx_gpiote_channel_free
                0x0000000000002550        0xc modules/hal_nordic/nrfx/libmodules__hal_nordic__nrfx.a(nrfx_gpiote.c.obj)
                0x0000000000002550                nrfx_gpiote_channel_free
 .text.nrfx_gpiote_channel_alloc
                0x000000000000255c        0xc modules/hal_nordic/nrfx/libmodules__hal_nordic__nrfx.a(nrfx_gpiote.c.obj)
                0x000000000000255c                nrfx_gpiote_channel_alloc
 .text.nrfx_gpiote_trigger_enable
                0x0000000000002568       0xb0 modules/hal_nordic/nrfx/libmodules__hal_nordic__nrfx.a(nrfx_gpiote.c.obj)
                0x0000000000002568                nrfx_gpiote_trigger_enable
 .text.nrfx_gpiote_0_irq_handler
                0x0000000000002618      0x1bc modules/hal_nordic/nrfx/libmodules__hal_nordic__nrfx.a(nrfx_gpiote.c.obj)
                0x0000000000002618                nrfx_gpiote_0_irq_handler
 .text.nrfx_ppi_channel_alloc
                0x00000000000027d4        0xc modules/hal_nordic/nrfx/libmodules__hal_nordic__nrfx.a(nrfx_ppi.c.obj)
                0x00000000000027d4                nrfx_ppi_channel_alloc
 .text._DoInit  0x00000000000027e0       0x68 modules/segger/libmodules__segger.a(SEGGER_RTT.c.obj)
 .text.SEGGER_RTT_Init
                0x0000000000002848       0x3c modules/segger/libmodules__segger.a(SEGGER_RTT.c.obj)
                0x0000000000002848                SEGGER_RTT_Init
 .text.z_fatal_error
                0x0000000000002884       0x30 zephyr/kernel/libkernel.a(fatal.c.obj)
                0x0000000000002884                z_fatal_error
 .text.z_sys_init_run_level
                0x00000000000028b4       0x30 zephyr/kernel/libkernel.a(init.c.obj)
 .text.bg_thread_main
                0x00000000000028e4       0xc4 zephyr/kernel/libkernel.a(init.c.obj)
 .text.z_bss_zero
                0x00000000000029a8       0x18 zephyr/kernel/libkernel.a(init.c.obj)
                0x00000000000029a8                z_bss_zero
 .text.z_init_cpu
                0x00000000000029c0       0x70 zephyr/kernel/libkernel.a(init.c.obj)
                0x00000000000029c0                z_init_cpu
 .text.z_cstart
                0x0000000000002a30       0xd0 zephyr/kernel/libkernel.a(init.c.obj)
                0x0000000000002a30                z_cstart
 .text.z_impl_k_sem_give
                0x0000000000002b00       0x68 zephyr/kernel/libkernel.a(sem.c.obj)
                0x0000000000002b00                z_impl_k_sem_give
 .text.z_impl_k_sem_take
                0x0000000000002b68       0x4c zephyr/kernel/libkernel.a(sem.c.obj)
                0x0000000000002b68                z_impl_k_sem_take
 .text.z_setup_new_thread
                0x0000000000002bb4       0x98 zephyr/kernel/libkernel.a(thread.c.obj)
                0x0000000000002bb4                z_setup_new_thread
 .text.z_dummy_thread_init
                0x0000000000002c4c       0x18 zephyr/kernel/libkernel.a(thread.c.obj)
                0x0000000000002c4c                z_dummy_thread_init
 .text.z_swap_irqlock
                0x0000000000002c64       0x30 zephyr/kernel/libkernel.a(sched.c.obj)
 .text.ready_thread
                0x0000000000002c94       0x84 zephyr/kernel/libkernel.a(sched.c.obj)
 .text.unready_thread
                0x0000000000002d18       0x54 zephyr/kernel/libkernel.a(sched.c.obj)
 .text.move_thread_to_end_of_prio_q
                0x0000000000002d6c       0x90 zephyr/kernel/libkernel.a(sched.c.obj)
                0x0000000000002d6c                move_thread_to_end_of_prio_q
 .text.z_pend_curr
                0x0000000000002dfc       0x58 zephyr/kernel/libkernel.a(sched.c.obj)
                0x0000000000002dfc                z_pend_curr
 .text.z_reschedule
                0x0000000000002e54       0x24 zephyr/kernel/libkernel.a(sched.c.obj)
                0x0000000000002e54                z_reschedule
 .text.z_reschedule_irqlock
                0x0000000000002e78       0x28 zephyr/kernel/libkernel.a(sched.c.obj)
                0x0000000000002e78                z_reschedule_irqlock
 .text.k_sched_lock
                0x0000000000002ea0       0x28 zephyr/kernel/libkernel.a(sched.c.obj)
                0x0000000000002ea0                k_sched_lock
 .text.k_sched_unlock
                0x0000000000002ec8       0x68 zephyr/kernel/libkernel.a(sched.c.obj)
                0x0000000000002ec8                k_sched_unlock
 .text.z_sched_init
                0x0000000000002f30       0x10 zephyr/kernel/libkernel.a(sched.c.obj)
                0x0000000000002f30                z_sched_init
 .text.z_impl_k_yield
                0x0000000000002f40       0x88 zephyr/kernel/libkernel.a(sched.c.obj)
                0x0000000000002f40                z_impl_k_yield
 .text.z_tick_sleep
                0x0000000000002fc8       0x80 zephyr/kernel/libkernel.a(sched.c.obj)
 .text.z_impl_k_wakeup
                0x0000000000003048       0x48 zephyr/kernel/libkernel.a(sched.c.obj)
                0x0000000000003048                z_impl_k_wakeup
 .text.z_impl_k_sched_current_thread_query
                0x0000000000003090        0xc zephyr/kernel/libkernel.a(sched.c.obj)
                0x0000000000003090                z_impl_k_sched_current_thread_query
 .text.z_thread_abort
                0x000000000000309c      0x138 zephyr/kernel/libkernel.a(sched.c.obj)
                0x000000000000309c                z_thread_abort
 .text.slice_timeout
                0x00000000000031d4       0x20 zephyr/kernel/libkernel.a(timeslicing.c.obj)
 .text.thread_is_sliceable
                0x00000000000031f4       0x3c zephyr/kernel/libkernel.a(timeslicing.c.obj)
                0x00000000000031f4                thread_is_sliceable
 .text.z_reset_time_slice
                0x0000000000003230       0x50 zephyr/kernel/libkernel.a(timeslicing.c.obj)
                0x0000000000003230                z_reset_time_slice
 .text.z_time_slice
                0x0000000000003280       0x60 zephyr/kernel/libkernel.a(timeslicing.c.obj)
                0x0000000000003280                z_time_slice
 .text.z_data_copy
                0x00000000000032e0       0x38 zephyr/kernel/libkernel.a(xip.c.obj)
                0x00000000000032e0                z_data_copy
 .text.first    0x0000000000003318       0x10 zephyr/kernel/libkernel.a(timeout.c.obj)
 .text.elapsed  0x0000000000003328       0x14 zephyr/kernel/libkernel.a(timeout.c.obj)
 .text.remove_timeout
                0x000000000000333c       0x38 zephyr/kernel/libkernel.a(timeout.c.obj)
 .text.z_add_timeout
                0x0000000000003374      0x104 zephyr/kernel/libkernel.a(timeout.c.obj)
                0x0000000000003374                z_add_timeout
 .text.sys_clock_announce
                0x0000000000003478       0xc0 zephyr/kernel/libkernel.a(timeout.c.obj)
                0x0000000000003478                sys_clock_announce
 .text.sys_clock_tick_get
                0x0000000000003538       0x30 zephyr/kernel/libkernel.a(timeout.c.obj)
                0x0000000000003538                sys_clock_tick_get
 .text.boot_banner
                0x0000000000003568        0xc zephyr/kernel/libkernel.a(banner.c.obj)
                0x0000000000003568                boot_banner
 .text.printf   0x0000000000003574       0x24 /home/issam/zephyr-sdk-0.17.0/arm-zephyr-eabi/bin/../lib/gcc/../../picolibc/arm-zephyr-eabi/lib/thumb/v7e-m/nofp/libc.a(libc_tinystdio_printf.c.o)
                0x0000000000003574                printf
 .text.__l_vfprintf
                0x0000000000003598      0x4b8 /home/issam/zephyr-sdk-0.17.0/arm-zephyr-eabi/bin/../lib/gcc/../../picolibc/arm-zephyr-eabi/lib/thumb/v7e-m/nofp/libc.a(libc_tinystdio_vflprintf.c.o)
                0x0000000000003598                __l_vfprintf
 .text._OffsetAbsSyms
                0x0000000000003a50        0x2 zephyr/CMakeFiles/offsets.dir/./arch/arm/core/offsets/offsets.c.obj
                0x0000000000003a50                _OffsetAbsSyms
 .text.chunk_size
                0x0000000000003a52        0xa zephyr/libzephyr.a(heap.c.obj)
 .text.free_list_add
                0x0000000000003a5c       0x4e zephyr/libzephyr.a(heap.c.obj)
 .text.sys_heap_init
                0x0000000000003aaa       0x7a zephyr/libzephyr.a(heap.c.obj)
                0x0000000000003aaa                sys_heap_init
 .text.arch_printk_char_out
                0x0000000000003b24        0x4 zephyr/libzephyr.a(printk.c.obj)
                0x0000000000003b24                arch_printk_char_out
 .text.printk   0x0000000000003b28       0x1a zephyr/libzephyr.a(printk.c.obj)
                0x0000000000003b28                printk
 .text.process_recheck
                0x0000000000003b42       0x38 zephyr/libzephyr.a(onoff.c.obj)
 .text.validate_args
                0x0000000000003b7a       0x20 zephyr/libzephyr.a(onoff.c.obj)
 .text.notify_one
                0x0000000000003b9a       0x2c zephyr/libzephyr.a(onoff.c.obj)
 .text.transition_complete
                0x0000000000003bc6       0x1a zephyr/libzephyr.a(onoff.c.obj)
 .text.onoff_manager_init
                0x0000000000003be0       0x26 zephyr/libzephyr.a(onoff.c.obj)
                0x0000000000003be0                onoff_manager_init
 .text.onoff_request
                0x0000000000003c06       0xae zephyr/libzephyr.a(onoff.c.obj)
                0x0000000000003c06                onoff_request
 .text.sys_notify_validate
                0x0000000000003cb4       0x22 zephyr/libzephyr.a(notify.c.obj)
                0x0000000000003cb4                sys_notify_validate
 .text.sys_notify_finalize
                0x0000000000003cd6       0x1a zephyr/libzephyr.a(notify.c.obj)
                0x0000000000003cd6                sys_notify_finalize
 .text._ConfigAbsSyms
                0x0000000000003cf0        0x2 zephyr/libzephyr.a(configs.c.obj)
                0x0000000000003cf0                _ConfigAbsSyms
 .text.z_arm_fatal_error
                0x0000000000003cf2        0xc zephyr/arch/arch/arm/core/libarch__arm__core.a(fatal.c.obj)
                0x0000000000003cf2                z_arm_fatal_error
 .text.z_do_kernel_oops
                0x0000000000003cfe        0x8 zephyr/arch/arch/arm/core/libarch__arm__core.a(fatal.c.obj)
                0x0000000000003cfe                z_do_kernel_oops
 .text.z_arm_nmi
                0x0000000000003d06        0xe zephyr/arch/arch/arm/core/libarch__arm__core.a(nmi.c.obj)
                0x0000000000003d06                z_arm_nmi
 .text.z_irq_spurious
                0x0000000000003d14        0x8 zephyr/arch/arch/arm/core/cortex_m/libarch__arm__core__cortex_m.a(irq_manage.c.obj)
                0x0000000000003d14                z_irq_spurious
 .text.arch_irq_unlock_outlined
                0x0000000000003d1c        0xe zephyr/arch/arch/arm/core/cortex_m/libarch__arm__core__cortex_m.a(thread.c.obj)
                0x0000000000003d1c                arch_irq_unlock_outlined
 .text.arch_cpu_idle
                0x0000000000003d2a       0x1a zephyr/arch/arch/arm/core/cortex_m/libarch__arm__core__cortex_m.a(cpu_idle.c.obj)
                0x0000000000003d2a                arch_cpu_idle
 .text.arch_cpu_atomic_idle
                0x0000000000003d44       0x1e zephyr/arch/arch/arm/core/cortex_m/libarch__arm__core__cortex_m.a(cpu_idle.c.obj)
                0x0000000000003d44                arch_cpu_atomic_idle
 .text.size_to_mpu_rasr_size
                0x0000000000003d62       0x20 zephyr/arch/arch/arm/core/mpu/libarch__arm__core__mpu.a(arm_mpu.c.obj)
 .text.picolibc_put
                0x0000000000003d82        0xa zephyr/lib/libc/picolibc/liblib__libc__picolibc.a(stdio.c.obj)
 .text.get_status
                0x0000000000003d8c       0x12 zephyr/drivers/clock_control/libdrivers__clock_control.a(clock_control_nrf.c.obj)
 .text.stop     0x0000000000003d9e       0x52 zephyr/drivers/clock_control/libdrivers__clock_control.a(clock_control_nrf.c.obj)
 .text.api_stop
                0x0000000000003df0        0x6 zephyr/drivers/clock_control/libdrivers__clock_control.a(clock_control_nrf.c.obj)
 .text.async_start
                0x0000000000003df6       0x5c zephyr/drivers/clock_control/libdrivers__clock_control.a(clock_control_nrf.c.obj)
 .text.api_start
                0x0000000000003e52        0xe zephyr/drivers/clock_control/libdrivers__clock_control.a(clock_control_nrf.c.obj)
 .text.onoff_started_callback
                0x0000000000003e60       0x12 zephyr/drivers/clock_control/libdrivers__clock_control.a(clock_control_nrf.c.obj)
 .text.lfclk_start
                0x0000000000003e72        0x6 zephyr/drivers/clock_control/libdrivers__clock_control.a(clock_control_nrf.c.obj)
 .text.lfclk_stop
                0x0000000000003e78        0x6 zephyr/drivers/clock_control/libdrivers__clock_control.a(clock_control_nrf.c.obj)
 .text.blocking_start_callback
                0x0000000000003e7e        0x6 zephyr/drivers/clock_control/libdrivers__clock_control.a(clock_control_nrf.c.obj)
 .text.gpio_nrfx_port_get_raw
                0x0000000000003e84        0xe zephyr/drivers/gpio/libdrivers__gpio.a(gpio_nrfx.c.obj)
 .text.gpio_nrfx_port_set_masked_raw
                0x0000000000003e92       0x18 zephyr/drivers/gpio/libdrivers__gpio.a(gpio_nrfx.c.obj)
 .text.gpio_nrfx_port_set_bits_raw
                0x0000000000003eaa        0xc zephyr/drivers/gpio/libdrivers__gpio.a(gpio_nrfx.c.obj)
 .text.gpio_nrfx_port_clear_bits_raw
                0x0000000000003eb6        0xc zephyr/drivers/gpio/libdrivers__gpio.a(gpio_nrfx.c.obj)
 .text.gpio_nrfx_port_toggle_bits
                0x0000000000003ec2       0x1a zephyr/drivers/gpio/libdrivers__gpio.a(gpio_nrfx.c.obj)
 .text.gpio_nrfx_manage_callback
                0x0000000000003edc       0x52 zephyr/drivers/gpio/libdrivers__gpio.a(gpio_nrfx.c.obj)
 .text.pinctrl_lookup_state
                0x0000000000003f2e       0x26 zephyr/drivers/pinctrl/libdrivers__pinctrl.a(common.c.obj)
                0x0000000000003f2e                pinctrl_lookup_state
 .text.uarte_nrfx_err_check
                0x0000000000003f54        0xe zephyr/drivers/serial/libdrivers__serial.a(uart_nrfx_uarte.c.obj)
 .text.uarte_nrfx_poll_in
                0x0000000000003f62       0x26 zephyr/drivers/serial/libdrivers__serial.a(uart_nrfx_uarte.c.obj)
 .text.is_tx_ready.isra.0
                0x0000000000003f88       0x20 zephyr/drivers/serial/libdrivers__serial.a(uart_nrfx_uarte.c.obj)
 .text.uarte_nrfx_isr_int
                0x0000000000003fa8       0x42 zephyr/drivers/serial/libdrivers__serial.a(uart_nrfx_uarte.c.obj)
 .text.event_clear
                0x0000000000003fea       0x18 zephyr/drivers/timer/libdrivers__timer.a(nrf_rtc_timer.c.obj)
 .text.nrfx_isr
                0x0000000000004002        0x2 modules/hal_nordic/nrfx/libmodules__hal_nordic__nrfx.a(nrfx_glue.c.obj)
                0x0000000000004002                nrfx_isr
 .text.nrfx_busy_wait
                0x0000000000004004        0x4 modules/hal_nordic/nrfx/libmodules__hal_nordic__nrfx.a(nrfx_glue.c.obj)
                0x0000000000004004                nrfx_busy_wait
 .text.nrfx_gppi_channel_endpoints_setup
                0x0000000000004008       0x14 modules/hal_nordic/nrfx/libmodules__hal_nordic__nrfx.a(nrfx_gppi_ppi.c.obj)
                0x0000000000004008                nrfx_gppi_channel_endpoints_setup
 .text.nrfx_gppi_channel_alloc
                0x000000000000401c        0x4 modules/hal_nordic/nrfx/libmodules__hal_nordic__nrfx.a(nrfx_gppi_ppi.c.obj)
                0x000000000000401c                nrfx_gppi_channel_alloc
 .text.nrfx_clock_stop
                0x0000000000004020        0x4 modules/hal_nordic/nrfx/libmodules__hal_nordic__nrfx.a(nrfx_clock.c.obj)
                0x0000000000004020                nrfx_clock_stop
 .text.nrf_gpio_reconfigure
                0x0000000000004024       0x92 modules/hal_nordic/nrfx/libmodules__hal_nordic__nrfx.a(nrfx_gpiote.c.obj)
 .text.nrf_gpio_cfg_sense_set
                0x00000000000040b6       0x1e modules/hal_nordic/nrfx/libmodules__hal_nordic__nrfx.a(nrfx_gpiote.c.obj)
 .text.pin_trigger_disable
                0x00000000000040d4       0x48 modules/hal_nordic/nrfx/libmodules__hal_nordic__nrfx.a(nrfx_gpiote.c.obj)
 .text.nrfx_gpiote_pin_uninit
                0x000000000000411c        0x4 modules/hal_nordic/nrfx/libmodules__hal_nordic__nrfx.a(nrfx_gpiote.c.obj)
                0x000000000000411c                nrfx_gpiote_pin_uninit
 .text.nrfx_gpiote_trigger_disable
                0x0000000000004120        0x4 modules/hal_nordic/nrfx/libmodules__hal_nordic__nrfx.a(nrfx_gpiote.c.obj)
                0x0000000000004120                nrfx_gpiote_trigger_disable
 .text.rtt_init
                0x0000000000004124        0xa modules/segger/libmodules__segger.a(SEGGER_RTT_zephyr.c.obj)
 .text.z_impl_k_busy_wait
                0x000000000000412e        0x8 zephyr/kernel/libkernel.a(busy_wait.c.obj)
                0x000000000000412e                z_impl_k_busy_wait
 .text.z_device_state_init
                0x0000000000004136        0x2 zephyr/kernel/libkernel.a(device.c.obj)
                0x0000000000004136                z_device_state_init
 .text.z_impl_device_is_ready
                0x0000000000004138       0x16 zephyr/kernel/libkernel.a(device.c.obj)
                0x0000000000004138                z_impl_device_is_ready
 .text.arch_system_halt
                0x000000000000414e       0x10 zephyr/kernel/libkernel.a(fatal.c.obj)
                0x000000000000414e                arch_system_halt
 .text.k_sys_fatal_error_handler
                0x000000000000415e        0x6 zephyr/kernel/libkernel.a(fatal.c.obj)
                0x000000000000415e                k_sys_fatal_error_handler
 .text.do_device_init
                0x0000000000004164       0x2e zephyr/kernel/libkernel.a(init.c.obj)
 .text.z_early_memset
                0x0000000000004192        0x4 zephyr/kernel/libkernel.a(init.c.obj)
                0x0000000000004192                z_early_memset
 .text.z_early_memcpy
                0x0000000000004196        0x4 zephyr/kernel/libkernel.a(init.c.obj)
                0x0000000000004196                z_early_memcpy
 .text.z_init_static
                0x000000000000419a        0x2 zephyr/kernel/libkernel.a(init_static.c.obj)
                0x000000000000419a                z_init_static
 .text.idle     0x000000000000419c       0x16 zephyr/kernel/libkernel.a(idle.c.obj)
                0x000000000000419c                idle
 .text.k_is_in_isr
                0x00000000000041b2        0xc zephyr/kernel/libkernel.a(thread.c.obj)
                0x00000000000041b2                k_is_in_isr
 .text.sys_dlist_remove
                0x00000000000041be       0x10 zephyr/kernel/libkernel.a(sched.c.obj)
 .text.unpend_thread_no_timeout
                0x00000000000041ce       0x14 zephyr/kernel/libkernel.a(sched.c.obj)
 .text.add_to_waitq_locked
                0x00000000000041e2       0x50 zephyr/kernel/libkernel.a(sched.c.obj)
 .text.z_ready_thread
                0x0000000000004232       0x1e zephyr/kernel/libkernel.a(sched.c.obj)
                0x0000000000004232                z_ready_thread
 .text.z_sched_wake_thread
                0x0000000000004250       0x3a zephyr/kernel/libkernel.a(sched.c.obj)
                0x0000000000004250                z_sched_wake_thread
 .text.z_thread_timeout
                0x000000000000428a        0x8 zephyr/kernel/libkernel.a(sched.c.obj)
                0x000000000000428a                z_thread_timeout
 .text.z_impl_k_sleep
                0x0000000000004292       0x4e zephyr/kernel/libkernel.a(sched.c.obj)
                0x0000000000004292                z_impl_k_sleep
 .text.next_timeout
                0x00000000000042e0       0x2e zephyr/kernel/libkernel.a(timeout.c.obj)
 .text.z_abort_timeout
                0x000000000000430e       0x46 zephyr/kernel/libkernel.a(timeout.c.obj)
                0x000000000000430e                z_abort_timeout
 .text.sys_clock_tick_get_32
                0x0000000000004354        0x8 zephyr/kernel/libkernel.a(timeout.c.obj)
                0x0000000000004354                sys_clock_tick_get_32
 .text.memcpy   0x000000000000435c       0x1c /home/issam/zephyr-sdk-0.17.0/arm-zephyr-eabi/bin/../lib/gcc/../../picolibc/arm-zephyr-eabi/lib/thumb/v7e-m/nofp/libc.a(memcpy.c.o)
                0x000000000000435c                memcpy
                0x000000000000435c                __aeabi_memcpy
                0x000000000000435c                __aeabi_memcpy4
                0x000000000000435c                __aeabi_memcpy8
 .text.memset   0x0000000000004378       0x10 /home/issam/zephyr-sdk-0.17.0/arm-zephyr-eabi/bin/../lib/gcc/../../picolibc/arm-zephyr-eabi/lib/thumb/v7e-m/nofp/libc.a(memset.c.o)
                0x0000000000004378                memset
 .text.strnlen  0x0000000000004388       0x18 /home/issam/zephyr-sdk-0.17.0/arm-zephyr-eabi/bin/../lib/gcc/../../picolibc/arm-zephyr-eabi/lib/thumb/v7e-m/nofp/libc.a(libc_string_strnlen.c.o)
                0x0000000000004388                strnlen
 .text.__ultoa_invert
                0x00000000000043a0       0xae /home/issam/zephyr-sdk-0.17.0/arm-zephyr-eabi/bin/../lib/gcc/../../picolibc/arm-zephyr-eabi/lib/thumb/v7e-m/nofp/libc.a(libc_tinystdio_vflprintf.c.o)
 *(SORT_BY_ALIGNMENT(.TEXT.*))
 *fill*         0x000000000000444e        0x2 
 .TEXT.__aeabi_read_tp
                0x0000000000004450        0xc zephyr/arch/arch/arm/core/cortex_m/libarch__arm__core__cortex_m.a(__aeabi_read_tp.S.obj)
                0x0000000000004450                __aeabi_read_tp
 *(SORT_BY_ALIGNMENT(.gnu.linkonce.t.*))
 *(SORT_BY_ALIGNMENT(.glue_7t))
 .glue_7t       0x000000000000445c        0x0 linker stubs
 *(SORT_BY_ALIGNMENT(.glue_7))
 .glue_7        0x000000000000445c        0x0 linker stubs
 *(SORT_BY_ALIGNMENT(.vfp11_veneer))
 .vfp11_veneer  0x000000000000445c        0x0 linker stubs
 *(SORT_BY_ALIGNMENT(.v4_bx))
 .v4_bx         0x000000000000445c        0x0 linker stubs
                0x000000000000445c                . = ALIGN (0x4)
                0x000000000000445c                __text_region_end = .

.ARM.exidx      0x000000000000445c        0x0
                0x000000000000445c                __exidx_start = .
 *(SORT_BY_ALIGNMENT(.ARM.exidx*) SORT_BY_ALIGNMENT(gnu.linkonce.armexidx.*))
                0x000000000000445c                __exidx_end = .
                0x000000000000445c                __rodata_region_start = .

initlevel       0x000000000000445c       0x48
                0x000000000000445c                __init_start = .
                0x000000000000445c                __init_EARLY_start = .
 *(SORT_BY_NAME(SORT_BY_ALIGNMENT(.z_init_EARLY_P_?_*)))
 *(SORT_BY_NAME(SORT_BY_ALIGNMENT(.z_init_EARLY_P_??_*)))
 *(SORT_BY_NAME(SORT_BY_ALIGNMENT(.z_init_EARLY_P_???_*)))
                0x000000000000445c                __init_PRE_KERNEL_1_start = .
 *(SORT_BY_NAME(SORT_BY_ALIGNMENT(.z_init_PRE_KERNEL_1_P_?_*)))
 .z_init_PRE_KERNEL_1_P_0_SUB_0_
                0x000000000000445c        0x8 zephyr/soc/soc/nrf52840/libsoc__nordic.a(soc.c.obj)
 *(SORT_BY_NAME(SORT_BY_ALIGNMENT(.z_init_PRE_KERNEL_1_P_??_*)))
 .z_init_PRE_KERNEL_1_P_30_SUB_00075_
                0x0000000000004464        0x8 zephyr/drivers/clock_control/libdrivers__clock_control.a(clock_control_nrf.c.obj)
 .z_init_PRE_KERNEL_1_P_30_SUB_0_
                0x000000000000446c        0x8 modules/segger/libmodules__segger.a(SEGGER_RTT_zephyr.c.obj)
 .z_init_PRE_KERNEL_1_P_40_SUB_00011_
                0x0000000000004474        0x8 zephyr/drivers/gpio/libdrivers__gpio.a(gpio_nrfx.c.obj)
 .z_init_PRE_KERNEL_1_P_40_SUB_00105_
                0x000000000000447c        0x8 zephyr/drivers/gpio/libdrivers__gpio.a(gpio_nrfx.c.obj)
 .z_init_PRE_KERNEL_1_P_50_SUB_00113_
                0x0000000000004484        0x8 zephyr/drivers/serial/libdrivers__serial.a(uart_nrfx_uarte.c.obj)
 .z_init_PRE_KERNEL_1_P_60_SUB_0_
                0x000000000000448c        0x8 zephyr/drivers/console/libdrivers__console.a(uart_console.c.obj)
 *(SORT_BY_NAME(SORT_BY_ALIGNMENT(.z_init_PRE_KERNEL_1_P_???_*)))
                0x0000000000004494                __init_PRE_KERNEL_2_start = .
 *(SORT_BY_NAME(SORT_BY_ALIGNMENT(.z_init_PRE_KERNEL_2_P_?_*)))
 .z_init_PRE_KERNEL_2_P_0_SUB_0_
                0x0000000000004494        0x8 zephyr/drivers/timer/libdrivers__timer.a(nrf_rtc_timer.c.obj)
 *(SORT_BY_NAME(SORT_BY_ALIGNMENT(.z_init_PRE_KERNEL_2_P_??_*)))
 *(SORT_BY_NAME(SORT_BY_ALIGNMENT(.z_init_PRE_KERNEL_2_P_???_*)))
                0x000000000000449c                __init_POST_KERNEL_start = .
 *(SORT_BY_NAME(SORT_BY_ALIGNMENT(.z_init_POST_KERNEL_P_?_*)))
 *(SORT_BY_NAME(SORT_BY_ALIGNMENT(.z_init_POST_KERNEL_P_??_*)))
 .z_init_POST_KERNEL_P_35_SUB_0_
                0x000000000000449c        0x8 zephyr/lib/libc/common/liblib__libc__common.a(malloc.c.obj)
 *(SORT_BY_NAME(SORT_BY_ALIGNMENT(.z_init_POST_KERNEL_P_???_*)))
                0x00000000000044a4                __init_APPLICATION_start = .
 *(SORT_BY_NAME(SORT_BY_ALIGNMENT(.z_init_APPLICATION_P_?_*)))
 *(SORT_BY_NAME(SORT_BY_ALIGNMENT(.z_init_APPLICATION_P_??_*)))
 *(SORT_BY_NAME(SORT_BY_ALIGNMENT(.z_init_APPLICATION_P_???_*)))
                0x00000000000044a4                __init_SMP_start = .
 *(SORT_BY_NAME(SORT_BY_ALIGNMENT(.z_init_SMP_P_?_*)))
 *(SORT_BY_NAME(SORT_BY_ALIGNMENT(.z_init_SMP_P_??_*)))
 *(SORT_BY_NAME(SORT_BY_ALIGNMENT(.z_init_SMP_P_???_*)))
                0x00000000000044a4                __init_end = .

device_area     0x00000000000044a4       0x80
                0x00000000000044a4                _device_list_start = .
 *(SORT_BY_NAME(SORT_BY_ALIGNMENT(._device.static.*_?_*)))
 *(SORT_BY_NAME(SORT_BY_ALIGNMENT(._device.static.*_??_*)))
 ._device.static.1_30_
                0x00000000000044a4       0x20 zephyr/drivers/clock_control/libdrivers__clock_control.a(clock_control_nrf.c.obj)
                0x00000000000044a4                __device_dts_ord_75
 ._device.static.1_40_
                0x00000000000044c4       0x40 zephyr/drivers/gpio/libdrivers__gpio.a(gpio_nrfx.c.obj)
                0x00000000000044c4                __device_dts_ord_105
                0x00000000000044e4                __device_dts_ord_11
 ._device.static.1_50_
                0x0000000000004504       0x20 zephyr/drivers/serial/libdrivers__serial.a(uart_nrfx_uarte.c.obj)
                0x0000000000004504                __device_dts_ord_113
 *(SORT_BY_NAME(SORT_BY_ALIGNMENT(._device.static.*_???_*)))
 *(SORT_BY_NAME(SORT_BY_ALIGNMENT(._device.static.*_????_*)))
 *(SORT_BY_NAME(SORT_BY_ALIGNMENT(._device.static.*_?????_*)))
                0x0000000000004524                _device_list_end = .

sw_isr_table    0x0000000000004524      0x180
                0x0000000000004524                . = ALIGN (0x4)
 *(SORT_BY_ALIGNMENT(.gnu.linkonce.sw_isr_table*))
 .gnu.linkonce.sw_isr_table
                0x0000000000004524      0x180 zephyr/arch/common/libisr_tables.a(isr_tables.c.obj)
                0x0000000000004524                _sw_isr_table

initlevel_error
                0x000000000000445c        0x0
 *(SORT_BY_NAME(SORT_BY_ALIGNMENT(.z_init_*)))
                0x0000000000000001                ASSERT ((SIZEOF (initlevel_error) == 0x0), Undefined initialization levels used.)

app_shmem_regions
                0x00000000000046a4        0x0
                0x00000000000046a4                __app_shmem_regions_start = .
 *(SORT_BY_NAME(SORT_BY_ALIGNMENT(.app_regions.*)))
                0x00000000000046a4                __app_shmem_regions_end = .

k_p4wq_initparam_area
                0x00000000000046a4        0x0
                0x00000000000046a4                _k_p4wq_initparam_list_start = .
 *(SORT_BY_NAME(SORT_BY_ALIGNMENT(._k_p4wq_initparam.static.*)))
                0x00000000000046a4                _k_p4wq_initparam_list_end = .

_static_thread_data_area
                0x00000000000046a4        0x0
                0x00000000000046a4                __static_thread_data_list_start = .
 *(SORT_BY_NAME(SORT_BY_ALIGNMENT(.__static_thread_data.static.*)))
                0x00000000000046a4                __static_thread_data_list_end = .

device_deps     0x00000000000046a4        0x0
                0x00000000000046a4                __device_deps_start = .
 *(SORT_BY_NAME(SORT_BY_ALIGNMENT(.__device_deps_pass2*)))
                0x00000000000046a4                __device_deps_end = .

gpio_driver_api_area
                0x00000000000046a4       0x24
                0x00000000000046a4                _gpio_driver_api_list_start = .
 *(SORT_BY_NAME(SORT_BY_ALIGNMENT(._gpio_driver_api.static.*)))
 ._gpio_driver_api.static.gpio_nrfx_drv_api_funcs_
                0x00000000000046a4       0x24 zephyr/drivers/gpio/libdrivers__gpio.a(gpio_nrfx.c.obj)
                0x00000000000046c8                _gpio_driver_api_list_end = .

shared_irq_driver_api_area
                0x00000000000046c8        0x0
                0x00000000000046c8                _shared_irq_driver_api_list_start = .
 *(SORT_BY_NAME(SORT_BY_ALIGNMENT(._shared_irq_driver_api.static.*)))
                0x00000000000046c8                _shared_irq_driver_api_list_end = .

crypto_driver_api_area
                0x00000000000046c8        0x0
                0x00000000000046c8                _crypto_driver_api_list_start = .
 *(SORT_BY_NAME(SORT_BY_ALIGNMENT(._crypto_driver_api.static.*)))
                0x00000000000046c8                _crypto_driver_api_list_end = .

adc_driver_api_area
                0x00000000000046c8        0x0
                0x00000000000046c8                _adc_driver_api_list_start = .
 *(SORT_BY_NAME(SORT_BY_ALIGNMENT(._adc_driver_api.static.*)))
                0x00000000000046c8                _adc_driver_api_list_end = .

auxdisplay_driver_api_area
                0x00000000000046c8        0x0
                0x00000000000046c8                _auxdisplay_driver_api_list_start = .
 *(SORT_BY_NAME(SORT_BY_ALIGNMENT(._auxdisplay_driver_api.static.*)))
                0x00000000000046c8                _auxdisplay_driver_api_list_end = .

bbram_driver_api_area
                0x00000000000046c8        0x0
                0x00000000000046c8                _bbram_driver_api_list_start = .
 *(SORT_BY_NAME(SORT_BY_ALIGNMENT(._bbram_driver_api.static.*)))
                0x00000000000046c8                _bbram_driver_api_list_end = .

bt_hci_driver_api_area
                0x00000000000046c8        0x0
                0x00000000000046c8                _bt_hci_driver_api_list_start = .
 *(SORT_BY_NAME(SORT_BY_ALIGNMENT(._bt_hci_driver_api.static.*)))
                0x00000000000046c8                _bt_hci_driver_api_list_end = .

can_driver_api_area
                0x00000000000046c8        0x0
                0x00000000000046c8                _can_driver_api_list_start = .
 *(SORT_BY_NAME(SORT_BY_ALIGNMENT(._can_driver_api.static.*)))
                0x00000000000046c8                _can_driver_api_list_end = .

cellular_driver_api_area
                0x00000000000046c8        0x0
                0x00000000000046c8                _cellular_driver_api_list_start = .
 *(SORT_BY_NAME(SORT_BY_ALIGNMENT(._cellular_driver_api.static.*)))
                0x00000000000046c8                _cellular_driver_api_list_end = .

charger_driver_api_area
                0x00000000000046c8        0x0
                0x00000000000046c8                _charger_driver_api_list_start = .
 *(SORT_BY_NAME(SORT_BY_ALIGNMENT(._charger_driver_api.static.*)))
                0x00000000000046c8                _charger_driver_api_list_end = .

clock_control_driver_api_area
                0x00000000000046c8       0x1c
                0x00000000000046c8                _clock_control_driver_api_list_start = .
 *(SORT_BY_NAME(SORT_BY_ALIGNMENT(._clock_control_driver_api.static.*)))
 ._clock_control_driver_api.static.clock_control_api_
                0x00000000000046c8       0x1c zephyr/drivers/clock_control/libdrivers__clock_control.a(clock_control_nrf.c.obj)
                0x00000000000046e4                _clock_control_driver_api_list_end = .

comparator_driver_api_area
                0x00000000000046e4        0x0
                0x00000000000046e4                _comparator_driver_api_list_start = .
 *(SORT_BY_NAME(SORT_BY_ALIGNMENT(._comparator_driver_api.static.*)))
                0x00000000000046e4                _comparator_driver_api_list_end = .

coredump_driver_api_area
                0x00000000000046e4        0x0
                0x00000000000046e4                _coredump_driver_api_list_start = .
 *(SORT_BY_NAME(SORT_BY_ALIGNMENT(._coredump_driver_api.static.*)))
                0x00000000000046e4                _coredump_driver_api_list_end = .

counter_driver_api_area
                0x00000000000046e4        0x0
                0x00000000000046e4                _counter_driver_api_list_start = .
 *(SORT_BY_NAME(SORT_BY_ALIGNMENT(._counter_driver_api.static.*)))
                0x00000000000046e4                _counter_driver_api_list_end = .

dac_driver_api_area
                0x00000000000046e4        0x0
                0x00000000000046e4                _dac_driver_api_list_start = .
 *(SORT_BY_NAME(SORT_BY_ALIGNMENT(._dac_driver_api.static.*)))
                0x00000000000046e4                _dac_driver_api_list_end = .

dai_driver_api_area
                0x00000000000046e4        0x0
                0x00000000000046e4                _dai_driver_api_list_start = .
 *(SORT_BY_NAME(SORT_BY_ALIGNMENT(._dai_driver_api.static.*)))
                0x00000000000046e4                _dai_driver_api_list_end = .

display_driver_api_area
                0x00000000000046e4        0x0
                0x00000000000046e4                _display_driver_api_list_start = .
 *(SORT_BY_NAME(SORT_BY_ALIGNMENT(._display_driver_api.static.*)))
                0x00000000000046e4                _display_driver_api_list_end = .

dma_driver_api_area
                0x00000000000046e4        0x0
                0x00000000000046e4                _dma_driver_api_list_start = .
 *(SORT_BY_NAME(SORT_BY_ALIGNMENT(._dma_driver_api.static.*)))
                0x00000000000046e4                _dma_driver_api_list_end = .

edac_driver_api_area
                0x00000000000046e4        0x0
                0x00000000000046e4                _edac_driver_api_list_start = .
 *(SORT_BY_NAME(SORT_BY_ALIGNMENT(._edac_driver_api.static.*)))
                0x00000000000046e4                _edac_driver_api_list_end = .

eeprom_driver_api_area
                0x00000000000046e4        0x0
                0x00000000000046e4                _eeprom_driver_api_list_start = .
 *(SORT_BY_NAME(SORT_BY_ALIGNMENT(._eeprom_driver_api.static.*)))
                0x00000000000046e4                _eeprom_driver_api_list_end = .

emul_bbram_driver_api_area
                0x00000000000046e4        0x0
                0x00000000000046e4                _emul_bbram_driver_api_list_start = .
 *(SORT_BY_NAME(SORT_BY_ALIGNMENT(._emul_bbram_driver_api.static.*)))
                0x00000000000046e4                _emul_bbram_driver_api_list_end = .

fuel_gauge_emul_driver_api_area
                0x00000000000046e4        0x0
                0x00000000000046e4                _fuel_gauge_emul_driver_api_list_start = .
 *(SORT_BY_NAME(SORT_BY_ALIGNMENT(._fuel_gauge_emul_driver_api.static.*)))
                0x00000000000046e4                _fuel_gauge_emul_driver_api_list_end = .

emul_sensor_driver_api_area
                0x00000000000046e4        0x0
                0x00000000000046e4                _emul_sensor_driver_api_list_start = .
 *(SORT_BY_NAME(SORT_BY_ALIGNMENT(._emul_sensor_driver_api.static.*)))
                0x00000000000046e4                _emul_sensor_driver_api_list_end = .

entropy_driver_api_area
                0x00000000000046e4        0x0
                0x00000000000046e4                _entropy_driver_api_list_start = .
 *(SORT_BY_NAME(SORT_BY_ALIGNMENT(._entropy_driver_api.static.*)))
                0x00000000000046e4                _entropy_driver_api_list_end = .

espi_driver_api_area
                0x00000000000046e4        0x0
                0x00000000000046e4                _espi_driver_api_list_start = .
 *(SORT_BY_NAME(SORT_BY_ALIGNMENT(._espi_driver_api.static.*)))
                0x00000000000046e4                _espi_driver_api_list_end = .

espi_saf_driver_api_area
                0x00000000000046e4        0x0
                0x00000000000046e4                _espi_saf_driver_api_list_start = .
 *(SORT_BY_NAME(SORT_BY_ALIGNMENT(._espi_saf_driver_api.static.*)))
                0x00000000000046e4                _espi_saf_driver_api_list_end = .

flash_driver_api_area
                0x00000000000046e4        0x0
                0x00000000000046e4                _flash_driver_api_list_start = .
 *(SORT_BY_NAME(SORT_BY_ALIGNMENT(._flash_driver_api.static.*)))
                0x00000000000046e4                _flash_driver_api_list_end = .

fpga_driver_api_area
                0x00000000000046e4        0x0
                0x00000000000046e4                _fpga_driver_api_list_start = .
 *(SORT_BY_NAME(SORT_BY_ALIGNMENT(._fpga_driver_api.static.*)))
                0x00000000000046e4                _fpga_driver_api_list_end = .

fuel_gauge_driver_api_area
                0x00000000000046e4        0x0
                0x00000000000046e4                _fuel_gauge_driver_api_list_start = .
 *(SORT_BY_NAME(SORT_BY_ALIGNMENT(._fuel_gauge_driver_api.static.*)))
                0x00000000000046e4                _fuel_gauge_driver_api_list_end = .

gnss_driver_api_area
                0x00000000000046e4        0x0
                0x00000000000046e4                _gnss_driver_api_list_start = .
 *(SORT_BY_NAME(SORT_BY_ALIGNMENT(._gnss_driver_api.static.*)))
                0x00000000000046e4                _gnss_driver_api_list_end = .

haptics_driver_api_area
                0x00000000000046e4        0x0
                0x00000000000046e4                _haptics_driver_api_list_start = .
 *(SORT_BY_NAME(SORT_BY_ALIGNMENT(._haptics_driver_api.static.*)))
                0x00000000000046e4                _haptics_driver_api_list_end = .

hwspinlock_driver_api_area
                0x00000000000046e4        0x0
                0x00000000000046e4                _hwspinlock_driver_api_list_start = .
 *(SORT_BY_NAME(SORT_BY_ALIGNMENT(._hwspinlock_driver_api.static.*)))
                0x00000000000046e4                _hwspinlock_driver_api_list_end = .

i2c_driver_api_area
                0x00000000000046e4        0x0
                0x00000000000046e4                _i2c_driver_api_list_start = .
 *(SORT_BY_NAME(SORT_BY_ALIGNMENT(._i2c_driver_api.static.*)))
                0x00000000000046e4                _i2c_driver_api_list_end = .

i2c_target_driver_api_area
                0x00000000000046e4        0x0
                0x00000000000046e4                _i2c_target_driver_api_list_start = .
 *(SORT_BY_NAME(SORT_BY_ALIGNMENT(._i2c_target_driver_api.static.*)))
                0x00000000000046e4                _i2c_target_driver_api_list_end = .

i2s_driver_api_area
                0x00000000000046e4        0x0
                0x00000000000046e4                _i2s_driver_api_list_start = .
 *(SORT_BY_NAME(SORT_BY_ALIGNMENT(._i2s_driver_api.static.*)))
                0x00000000000046e4                _i2s_driver_api_list_end = .

i3c_driver_api_area
                0x00000000000046e4        0x0
                0x00000000000046e4                _i3c_driver_api_list_start = .
 *(SORT_BY_NAME(SORT_BY_ALIGNMENT(._i3c_driver_api.static.*)))
                0x00000000000046e4                _i3c_driver_api_list_end = .

ipm_driver_api_area
                0x00000000000046e4        0x0
                0x00000000000046e4                _ipm_driver_api_list_start = .
 *(SORT_BY_NAME(SORT_BY_ALIGNMENT(._ipm_driver_api.static.*)))
                0x00000000000046e4                _ipm_driver_api_list_end = .

led_driver_api_area
                0x00000000000046e4        0x0
                0x00000000000046e4                _led_driver_api_list_start = .
 *(SORT_BY_NAME(SORT_BY_ALIGNMENT(._led_driver_api.static.*)))
                0x00000000000046e4                _led_driver_api_list_end = .

led_strip_driver_api_area
                0x00000000000046e4        0x0
                0x00000000000046e4                _led_strip_driver_api_list_start = .
 *(SORT_BY_NAME(SORT_BY_ALIGNMENT(._led_strip_driver_api.static.*)))
                0x00000000000046e4                _led_strip_driver_api_list_end = .

lora_driver_api_area
                0x00000000000046e4        0x0
                0x00000000000046e4                _lora_driver_api_list_start = .
 *(SORT_BY_NAME(SORT_BY_ALIGNMENT(._lora_driver_api.static.*)))
                0x00000000000046e4                _lora_driver_api_list_end = .

mbox_driver_api_area
                0x00000000000046e4        0x0
                0x00000000000046e4                _mbox_driver_api_list_start = .
 *(SORT_BY_NAME(SORT_BY_ALIGNMENT(._mbox_driver_api.static.*)))
                0x00000000000046e4                _mbox_driver_api_list_end = .

mdio_driver_api_area
                0x00000000000046e4        0x0
                0x00000000000046e4                _mdio_driver_api_list_start = .
 *(SORT_BY_NAME(SORT_BY_ALIGNMENT(._mdio_driver_api.static.*)))
                0x00000000000046e4                _mdio_driver_api_list_end = .

mipi_dbi_driver_api_area
                0x00000000000046e4        0x0
                0x00000000000046e4                _mipi_dbi_driver_api_list_start = .
 *(SORT_BY_NAME(SORT_BY_ALIGNMENT(._mipi_dbi_driver_api.static.*)))
                0x00000000000046e4                _mipi_dbi_driver_api_list_end = .

mipi_dsi_driver_api_area
                0x00000000000046e4        0x0
                0x00000000000046e4                _mipi_dsi_driver_api_list_start = .
 *(SORT_BY_NAME(SORT_BY_ALIGNMENT(._mipi_dsi_driver_api.static.*)))
                0x00000000000046e4                _mipi_dsi_driver_api_list_end = .

mspi_driver_api_area
                0x00000000000046e4        0x0
                0x00000000000046e4                _mspi_driver_api_list_start = .
 *(SORT_BY_NAME(SORT_BY_ALIGNMENT(._mspi_driver_api.static.*)))
                0x00000000000046e4                _mspi_driver_api_list_end = .

peci_driver_api_area
                0x00000000000046e4        0x0
                0x00000000000046e4                _peci_driver_api_list_start = .
 *(SORT_BY_NAME(SORT_BY_ALIGNMENT(._peci_driver_api.static.*)))
                0x00000000000046e4                _peci_driver_api_list_end = .

ps2_driver_api_area
                0x00000000000046e4        0x0
                0x00000000000046e4                _ps2_driver_api_list_start = .
 *(SORT_BY_NAME(SORT_BY_ALIGNMENT(._ps2_driver_api.static.*)))
                0x00000000000046e4                _ps2_driver_api_list_end = .

ptp_clock_driver_api_area
                0x00000000000046e4        0x0
                0x00000000000046e4                _ptp_clock_driver_api_list_start = .
 *(SORT_BY_NAME(SORT_BY_ALIGNMENT(._ptp_clock_driver_api.static.*)))
                0x00000000000046e4                _ptp_clock_driver_api_list_end = .

pwm_driver_api_area
                0x00000000000046e4        0x0
                0x00000000000046e4                _pwm_driver_api_list_start = .
 *(SORT_BY_NAME(SORT_BY_ALIGNMENT(._pwm_driver_api.static.*)))
                0x00000000000046e4                _pwm_driver_api_list_end = .

regulator_parent_driver_api_area
                0x00000000000046e4        0x0
                0x00000000000046e4                _regulator_parent_driver_api_list_start = .
 *(SORT_BY_NAME(SORT_BY_ALIGNMENT(._regulator_parent_driver_api.static.*)))
                0x00000000000046e4                _regulator_parent_driver_api_list_end = .

regulator_driver_api_area
                0x00000000000046e4        0x0
                0x00000000000046e4                _regulator_driver_api_list_start = .
 *(SORT_BY_NAME(SORT_BY_ALIGNMENT(._regulator_driver_api.static.*)))
                0x00000000000046e4                _regulator_driver_api_list_end = .

reset_driver_api_area
                0x00000000000046e4        0x0
                0x00000000000046e4                _reset_driver_api_list_start = .
 *(SORT_BY_NAME(SORT_BY_ALIGNMENT(._reset_driver_api.static.*)))
                0x00000000000046e4                _reset_driver_api_list_end = .

retained_mem_driver_api_area
                0x00000000000046e4        0x0
                0x00000000000046e4                _retained_mem_driver_api_list_start = .
 *(SORT_BY_NAME(SORT_BY_ALIGNMENT(._retained_mem_driver_api.static.*)))
                0x00000000000046e4                _retained_mem_driver_api_list_end = .

rtc_driver_api_area
                0x00000000000046e4        0x0
                0x00000000000046e4                _rtc_driver_api_list_start = .
 *(SORT_BY_NAME(SORT_BY_ALIGNMENT(._rtc_driver_api.static.*)))
                0x00000000000046e4                _rtc_driver_api_list_end = .

sdhc_driver_api_area
                0x00000000000046e4        0x0
                0x00000000000046e4                _sdhc_driver_api_list_start = .
 *(SORT_BY_NAME(SORT_BY_ALIGNMENT(._sdhc_driver_api.static.*)))
                0x00000000000046e4                _sdhc_driver_api_list_end = .

sensor_driver_api_area
                0x00000000000046e4        0x0
                0x00000000000046e4                _sensor_driver_api_list_start = .
 *(SORT_BY_NAME(SORT_BY_ALIGNMENT(._sensor_driver_api.static.*)))
                0x00000000000046e4                _sensor_driver_api_list_end = .

smbus_driver_api_area
                0x00000000000046e4        0x0
                0x00000000000046e4                _smbus_driver_api_list_start = .
 *(SORT_BY_NAME(SORT_BY_ALIGNMENT(._smbus_driver_api.static.*)))
                0x00000000000046e4                _smbus_driver_api_list_end = .

spi_driver_api_area
                0x00000000000046e4        0x0
                0x00000000000046e4                _spi_driver_api_list_start = .
 *(SORT_BY_NAME(SORT_BY_ALIGNMENT(._spi_driver_api.static.*)))
                0x00000000000046e4                _spi_driver_api_list_end = .

stepper_driver_api_area
                0x00000000000046e4        0x0
                0x00000000000046e4                _stepper_driver_api_list_start = .
 *(SORT_BY_NAME(SORT_BY_ALIGNMENT(._stepper_driver_api.static.*)))
                0x00000000000046e4                _stepper_driver_api_list_end = .

syscon_driver_api_area
                0x00000000000046e4        0x0
                0x00000000000046e4                _syscon_driver_api_list_start = .
 *(SORT_BY_NAME(SORT_BY_ALIGNMENT(._syscon_driver_api.static.*)))
                0x00000000000046e4                _syscon_driver_api_list_end = .

tee_driver_api_area
                0x00000000000046e4        0x0
                0x00000000000046e4                _tee_driver_api_list_start = .
 *(SORT_BY_NAME(SORT_BY_ALIGNMENT(._tee_driver_api.static.*)))
                0x00000000000046e4                _tee_driver_api_list_end = .

video_driver_api_area
                0x00000000000046e4        0x0
                0x00000000000046e4                _video_driver_api_list_start = .
 *(SORT_BY_NAME(SORT_BY_ALIGNMENT(._video_driver_api.static.*)))
                0x00000000000046e4                _video_driver_api_list_end = .

w1_driver_api_area
                0x00000000000046e4        0x0
                0x00000000000046e4                _w1_driver_api_list_start = .
 *(SORT_BY_NAME(SORT_BY_ALIGNMENT(._w1_driver_api.static.*)))
                0x00000000000046e4                _w1_driver_api_list_end = .

wdt_driver_api_area
                0x00000000000046e4        0x0
                0x00000000000046e4                _wdt_driver_api_list_start = .
 *(SORT_BY_NAME(SORT_BY_ALIGNMENT(._wdt_driver_api.static.*)))
                0x00000000000046e4                _wdt_driver_api_list_end = .

can_transceiver_driver_api_area
                0x00000000000046e4        0x0
                0x00000000000046e4                _can_transceiver_driver_api_list_start = .
 *(SORT_BY_NAME(SORT_BY_ALIGNMENT(._can_transceiver_driver_api.static.*)))
                0x00000000000046e4                _can_transceiver_driver_api_list_end = .

nrf_clock_control_driver_api_area
                0x00000000000046e4        0x0
                0x00000000000046e4                _nrf_clock_control_driver_api_list_start = .
 *(SORT_BY_NAME(SORT_BY_ALIGNMENT(._nrf_clock_control_driver_api.static.*)))
                0x00000000000046e4                _nrf_clock_control_driver_api_list_end = .

i3c_target_driver_api_area
                0x00000000000046e4        0x0
                0x00000000000046e4                _i3c_target_driver_api_list_start = .
 *(SORT_BY_NAME(SORT_BY_ALIGNMENT(._i3c_target_driver_api.static.*)))
                0x00000000000046e4                _i3c_target_driver_api_list_end = .

its_driver_api_area
                0x00000000000046e4        0x0
                0x00000000000046e4                _its_driver_api_list_start = .
 *(SORT_BY_NAME(SORT_BY_ALIGNMENT(._its_driver_api.static.*)))
                0x00000000000046e4                _its_driver_api_list_end = .

vtd_driver_api_area
                0x00000000000046e4        0x0
                0x00000000000046e4                _vtd_driver_api_list_start = .
 *(SORT_BY_NAME(SORT_BY_ALIGNMENT(._vtd_driver_api.static.*)))
                0x00000000000046e4                _vtd_driver_api_list_end = .

tgpio_driver_api_area
                0x00000000000046e4        0x0
                0x00000000000046e4                _tgpio_driver_api_list_start = .
 *(SORT_BY_NAME(SORT_BY_ALIGNMENT(._tgpio_driver_api.static.*)))
                0x00000000000046e4                _tgpio_driver_api_list_end = .

pcie_ctrl_driver_api_area
                0x00000000000046e4        0x0
                0x00000000000046e4                _pcie_ctrl_driver_api_list_start = .
 *(SORT_BY_NAME(SORT_BY_ALIGNMENT(._pcie_ctrl_driver_api.static.*)))
                0x00000000000046e4                _pcie_ctrl_driver_api_list_end = .

pcie_ep_driver_api_area
                0x00000000000046e4        0x0
                0x00000000000046e4                _pcie_ep_driver_api_list_start = .
 *(SORT_BY_NAME(SORT_BY_ALIGNMENT(._pcie_ep_driver_api.static.*)))
                0x00000000000046e4                _pcie_ep_driver_api_list_end = .

svc_driver_api_area
                0x00000000000046e4        0x0
                0x00000000000046e4                _svc_driver_api_list_start = .
 *(SORT_BY_NAME(SORT_BY_ALIGNMENT(._svc_driver_api.static.*)))
                0x00000000000046e4                _svc_driver_api_list_end = .

uart_driver_api_area
                0x00000000000046e4        0xc
                0x00000000000046e4                _uart_driver_api_list_start = .
 *(SORT_BY_NAME(SORT_BY_ALIGNMENT(._uart_driver_api.static.*)))
 ._uart_driver_api.static.uart_nrfx_uarte_driver_api_
                0x00000000000046e4        0xc zephyr/drivers/serial/libdrivers__serial.a(uart_nrfx_uarte.c.obj)
                0x00000000000046f0                _uart_driver_api_list_end = .

bc12_emul_driver_api_area
                0x00000000000046f0        0x0
                0x00000000000046f0                _bc12_emul_driver_api_list_start = .
 *(SORT_BY_NAME(SORT_BY_ALIGNMENT(._bc12_emul_driver_api.static.*)))
                0x00000000000046f0                _bc12_emul_driver_api_list_end = .

bc12_driver_api_area
                0x00000000000046f0        0x0
                0x00000000000046f0                _bc12_driver_api_list_start = .
 *(SORT_BY_NAME(SORT_BY_ALIGNMENT(._bc12_driver_api.static.*)))
                0x00000000000046f0                _bc12_driver_api_list_end = .

usbc_ppc_driver_api_area
                0x00000000000046f0        0x0
                0x00000000000046f0                _usbc_ppc_driver_api_list_start = .
 *(SORT_BY_NAME(SORT_BY_ALIGNMENT(._usbc_ppc_driver_api.static.*)))
                0x00000000000046f0                _usbc_ppc_driver_api_list_end = .

tcpc_driver_api_area
                0x00000000000046f0        0x0
                0x00000000000046f0                _tcpc_driver_api_list_start = .
 *(SORT_BY_NAME(SORT_BY_ALIGNMENT(._tcpc_driver_api.static.*)))
                0x00000000000046f0                _tcpc_driver_api_list_end = .

usbc_vbus_driver_api_area
                0x00000000000046f0        0x0
                0x00000000000046f0                _usbc_vbus_driver_api_list_start = .
 *(SORT_BY_NAME(SORT_BY_ALIGNMENT(._usbc_vbus_driver_api.static.*)))
                0x00000000000046f0                _usbc_vbus_driver_api_list_end = .

ivshmem_driver_api_area
                0x00000000000046f0        0x0
                0x00000000000046f0                _ivshmem_driver_api_list_start = .
 *(SORT_BY_NAME(SORT_BY_ALIGNMENT(._ivshmem_driver_api.static.*)))
                0x00000000000046f0                _ivshmem_driver_api_list_end = .

ethphy_driver_api_area
                0x00000000000046f0        0x0
                0x00000000000046f0                _ethphy_driver_api_list_start = .
 *(SORT_BY_NAME(SORT_BY_ALIGNMENT(._ethphy_driver_api.static.*)))
                0x00000000000046f0                _ethphy_driver_api_list_end = .

ztest           0x00000000000046f0        0x0
                0x00000000000046f0                _ztest_expected_result_entry_list_start = .
 *(SORT_BY_NAME(SORT_BY_ALIGNMENT(._ztest_expected_result_entry.static.*)))
                0x00000000000046f0                _ztest_expected_result_entry_list_end = .
                0x00000000000046f0                _ztest_suite_node_list_start = .
 *(SORT_BY_NAME(SORT_BY_ALIGNMENT(._ztest_suite_node.static.*)))
                0x00000000000046f0                _ztest_suite_node_list_end = .
                0x00000000000046f0                _ztest_unit_test_list_start = .
 *(SORT_BY_NAME(SORT_BY_ALIGNMENT(._ztest_unit_test.static.*)))
                0x00000000000046f0                _ztest_unit_test_list_end = .
                0x00000000000046f0                _ztest_test_rule_list_start = .
 *(SORT_BY_NAME(SORT_BY_ALIGNMENT(._ztest_test_rule.static.*)))
                0x00000000000046f0                _ztest_test_rule_list_end = .

init_array      0x00000000000046f0        0x0
 *(SORT_BY_NAME(SORT_BY_ALIGNMENT(.ctors*)))
 *(SORT_BY_NAME(SORT_BY_ALIGNMENT(.init_array*)))
                0x0000000000000001                ASSERT ((SIZEOF (init_array) == 0x0), GNU-style constructors required but STATIC_INIT_GNU not enabled)

bt_l2cap_fixed_chan_area
                0x00000000000046f0        0x0
                0x00000000000046f0                _bt_l2cap_fixed_chan_list_start = .
 *(SORT_BY_NAME(SORT_BY_ALIGNMENT(._bt_l2cap_fixed_chan.static.*)))
                0x00000000000046f0                _bt_l2cap_fixed_chan_list_end = .

bt_gatt_service_static_area
                0x00000000000046f0        0x0
                0x00000000000046f0                _bt_gatt_service_static_list_start = .
 *(SORT_BY_NAME(SORT_BY_ALIGNMENT(._bt_gatt_service_static.static.*)))
                0x00000000000046f0                _bt_gatt_service_static_list_end = .

log_strings_area
                0x00000000000046f0        0x0
                0x00000000000046f0                _log_strings_list_start = .
 *(SORT_BY_NAME(SORT_BY_ALIGNMENT(._log_strings.static.*)))
                0x00000000000046f0                _log_strings_list_end = .

log_stmesp_ptr_area
                0x00000000000046f0        0x0
                0x00000000000046f0                _log_stmesp_ptr_list_start = .
 *(SORT_BY_NAME(SORT_BY_ALIGNMENT(._log_stmesp_ptr.static.*)))
                0x00000000000046f0                _log_stmesp_ptr_list_end = .

log_stmesp_str_area
                0x00000000000046f0        0x0
                0x00000000000046f0                _log_stmesp_str_list_start = .
 *(SORT_BY_NAME(SORT_BY_ALIGNMENT(._log_stmesp_str.static.*)))
                0x00000000000046f0                _log_stmesp_str_list_end = .

log_const_area  0x00000000000046f0        0x0
                0x00000000000046f0                _log_const_list_start = .
 *(SORT_BY_NAME(SORT_BY_ALIGNMENT(._log_const.static.*)))
                0x00000000000046f0                _log_const_list_end = .

log_backend_area
                0x00000000000046f0        0x0
                0x00000000000046f0                _log_backend_list_start = .
 *(SORT_BY_NAME(SORT_BY_ALIGNMENT(._log_backend.static.*)))
                0x00000000000046f0                _log_backend_list_end = .

log_link_area   0x00000000000046f0        0x0
                0x00000000000046f0                _log_link_list_start = .
 *(SORT_BY_NAME(SORT_BY_ALIGNMENT(._log_link.static.*)))
                0x00000000000046f0                _log_link_list_end = .

tracing_backend_area
                0x00000000000046f0        0x0
                0x00000000000046f0                _tracing_backend_list_start = .
 *(SORT_BY_NAME(SORT_BY_ALIGNMENT(._tracing_backend.static.*)))
                0x00000000000046f0                _tracing_backend_list_end = .

zephyr_dbg_info
 *(SORT_BY_ALIGNMENT(.dbg_thread_info))

intc_table_area
                0x00000000000046f0        0x0
                0x00000000000046f0                _intc_table_list_start = .
 *(SORT_BY_NAME(SORT_BY_ALIGNMENT(._intc_table.static.*)))
                0x00000000000046f0                _intc_table_list_end = .

symbol_to_keep  0x00000000000046f0        0x0
                0x00000000000046f0                __symbol_to_keep_start = .
 *(SORT_BY_NAME(SORT_BY_ALIGNMENT(.symbol_to_keep*)))
                0x00000000000046f0                __symbol_to_keep_end = .

shell_area      0x00000000000046f0        0x0
                0x00000000000046f0                _shell_list_start = .
 *(SORT_BY_NAME(SORT_BY_ALIGNMENT(._shell.static.*)))
                0x00000000000046f0                _shell_list_end = .

shell_root_cmds_area
                0x00000000000046f0        0x0
                0x00000000000046f0                _shell_root_cmds_list_start = .
 *(SORT_BY_NAME(SORT_BY_ALIGNMENT(._shell_root_cmds.static.*)))
                0x00000000000046f0                _shell_root_cmds_list_end = .

shell_subcmds_area
                0x00000000000046f0        0x0
                0x00000000000046f0                _shell_subcmds_list_start = .
 *(SORT_BY_NAME(SORT_BY_ALIGNMENT(._shell_subcmds.static.*)))
                0x00000000000046f0                _shell_subcmds_list_end = .

shell_dynamic_subcmds_area
                0x00000000000046f0        0x0
                0x00000000000046f0                _shell_dynamic_subcmds_list_start = .
 *(SORT_BY_NAME(SORT_BY_ALIGNMENT(._shell_dynamic_subcmds.static.*)))
                0x00000000000046f0                _shell_dynamic_subcmds_list_end = .

cfb_font_area   0x00000000000046f0        0x0
                0x00000000000046f0                _cfb_font_list_start = .
 *(SORT_BY_NAME(SORT_BY_ALIGNMENT(._cfb_font.static.*)))
                0x00000000000046f0                _cfb_font_list_end = .

tdata           0x00000000000046f0        0x0
 *(SORT_BY_ALIGNMENT(.tdata) SORT_BY_ALIGNMENT(.tdata.*) SORT_BY_ALIGNMENT(.gnu.linkonce.td.*))

tbss            0x00000000000046f0        0x4
 *(SORT_BY_ALIGNMENT(.tbss) SORT_BY_ALIGNMENT(.tbss.*) SORT_BY_ALIGNMENT(.gnu.linkonce.tb.*) SORT_BY_ALIGNMENT(.tcommon))
 .tbss.z_tls_current
                0x00000000000046f0        0x4 zephyr/libzephyr.a(thread_entry.c.obj)
                0x00000000000046f0                z_tls_current
                0x00000000000046f0                PROVIDE (__tdata_start = LOADADDR (tdata))
                0x0000000000000001                PROVIDE (__tdata_align = ALIGNOF (tdata))
                0x0000000000000000                PROVIDE (__tdata_size = (((SIZEOF (tdata) + __tdata_align) - 0x1) & ~ ((__tdata_align - 0x1))))
                [!provide]                        PROVIDE (__tdata_end = (__tdata_start + __tdata_size))
                0x0000000000000004                PROVIDE (__tbss_align = ALIGNOF (tbss))
                [!provide]                        PROVIDE (__tbss_start = ADDR (tbss))
                0x0000000000000004                PROVIDE (__tbss_size = (((SIZEOF (tbss) + __tbss_align) - 0x1) & ~ ((__tbss_align - 0x1))))
                [!provide]                        PROVIDE (__tbss_end = (__tbss_start + __tbss_size))
                [!provide]                        PROVIDE (__tls_start = __tdata_start)
                [!provide]                        PROVIDE (__tls_end = __tbss_end)
                [!provide]                        PROVIDE (__tls_size = (__tbss_end - __tdata_start))

rodata          0x00000000000046f0      0x1d4
 *(SORT_BY_ALIGNMENT(.rodata))
 *(SORT_BY_ALIGNMENT(.rodata.*))
 .rodata.delay_machine_code.0
                0x00000000000046f0        0x6 zephyr/soc/soc/nrf52840/libsoc__nordic.a(soc.c.obj)
 *fill*         0x00000000000046f6        0x2 
 .rodata.mem_attr_region
                0x00000000000046f8        0x0 zephyr/libzephyr.a(mem_attr.c.obj)
 .rodata.static_regions
                0x00000000000046f8        0xc zephyr/arch/arch/arm/core/mpu/libarch__arm__core__mpu.a(arm_core_mpu.c.obj)
 .rodata.mpu_config
                0x0000000000004704        0x8 zephyr/arch/arch/arm/core/mpu/libarch__arm__core__mpu.a(arm_mpu_regions.c.obj)
                0x0000000000004704                mpu_config
 .rodata.mpu_regions
                0x000000000000470c       0x18 zephyr/arch/arch/arm/core/mpu/libarch__arm__core__mpu.a(arm_mpu_regions.c.obj)
 .rodata.stdout
                0x0000000000004724        0x4 zephyr/lib/libc/picolibc/liblib__libc__picolibc.a(stdio.c.obj)
                0x0000000000004724                stdout
                0x0000000000004724                stderr
 .rodata.transitions.0
                0x0000000000004728        0xc zephyr/drivers/clock_control/libdrivers__clock_control.a(clock_control_nrf.c.obj)
 .rodata.config
                0x0000000000004734       0x10 zephyr/drivers/clock_control/libdrivers__clock_control.a(clock_control_nrf.c.obj)
 .rodata.gpio_nrfx_p1_cfg
                0x0000000000004744       0x18 zephyr/drivers/gpio/libdrivers__gpio.a(gpio_nrfx.c.obj)
 .rodata.gpio_nrfx_p0_cfg
                0x000000000000475c       0x18 zephyr/drivers/gpio/libdrivers__gpio.a(gpio_nrfx.c.obj)
 .rodata.uarte_0z_config
                0x0000000000004774       0x20 zephyr/drivers/serial/libdrivers__serial.a(uart_nrfx_uarte.c.obj)
 .rodata.__pinctrl_dev_config__device_dts_ord_113
                0x0000000000004794        0xc zephyr/drivers/serial/libdrivers__serial.a(uart_nrfx_uarte.c.obj)
 .rodata.__pinctrl_states__device_dts_ord_113
                0x00000000000047a0        0x8 zephyr/drivers/serial/libdrivers__serial.a(uart_nrfx_uarte.c.obj)
 .rodata.__pinctrl_state_pins_0__device_dts_ord_113
                0x00000000000047a8       0x10 zephyr/drivers/serial/libdrivers__serial.a(uart_nrfx_uarte.c.obj)
 .rodata.levels.0
                0x00000000000047b8       0x18 zephyr/kernel/libkernel.a(init.c.obj)
 .rodata.main.str1.1
                0x00000000000047d0       0x16 app/libapp.a(main.c.obj)
 .rodata.str1.1
                0x00000000000047e6        0xf zephyr/arch/arch/arm/core/mpu/libarch__arm__core__mpu.a(arm_mpu_regions.c.obj)
 .rodata.CSWTCH.5
                0x00000000000047f5        0x6 zephyr/soc/soc/nrf52840/libsoc__nordic.a(soc.c.obj)
 .rodata.str1.1
                0x00000000000047fb        0xf zephyr/drivers/clock_control/libdrivers__clock_control.a(clock_control_nrf.c.obj)
 .rodata.str1.1
                0x000000000000480a       0x1c zephyr/drivers/gpio/libdrivers__gpio.a(gpio_nrfx.c.obj)
 .rodata.drive_modes
                0x0000000000004826        0x8 zephyr/drivers/pinctrl/libdrivers__pinctrl.a(pinctrl_nrf.c.obj)
 .rodata.str1.1
                0x000000000000482e        0xe zephyr/drivers/serial/libdrivers__serial.a(uart_nrfx_uarte.c.obj)
 .rodata.CSWTCH.14
                0x000000000000483c        0x6 modules/hal_nordic/nrfx/libmodules__hal_nordic__nrfx.a(system_nrf52840.c.obj)
 .rodata.CSWTCH.5
                0x0000000000004842        0x6 modules/hal_nordic/nrfx/libmodules__hal_nordic__nrfx.a(system_nrf52840.c.obj)
 .rodata.port_offset.1
                0x0000000000004848       0x10 modules/hal_nordic/nrfx/libmodules__hal_nordic__nrfx.a(nrfx_gpiote.c.obj)
 .rodata.ports  0x0000000000004858        0x2 modules/hal_nordic/nrfx/libmodules__hal_nordic__nrfx.a(nrfx_gpiote.c.obj)
 .rodata._DoInit.str1.1
                0x000000000000485a        0x9 modules/segger/libmodules__segger.a(SEGGER_RTT.c.obj)
 .rodata._aInitStr
                0x0000000000004863       0x11 modules/segger/libmodules__segger.a(SEGGER_RTT.c.obj)
 .rodata.z_cstart.str1.1
                0x0000000000004874        0x5 zephyr/kernel/libkernel.a(init.c.obj)
 .rodata.boot_banner.str1.1
                0x0000000000004879       0x3b zephyr/kernel/libkernel.a(banner.c.obj)
 .rodata.__l_vfprintf.str1.1
                0x00000000000048b4        0xf /home/issam/zephyr-sdk-0.17.0/arm-zephyr-eabi/bin/../lib/gcc/../../picolibc/arm-zephyr-eabi/lib/thumb/v7e-m/nofp/libc.a(libc_tinystdio_vflprintf.c.o)
 *(SORT_BY_ALIGNMENT(.gnu.linkonce.r.*))
                0x00000000000048c4                . = ALIGN (0x4)
 *fill*         0x00000000000048c3        0x1 
                0x00000000000048c4                __rodata_region_end = .
                0x00000000000048e0                . = ALIGN (_region_min_align)
                0x0000000000008000                . = ALIGN ((0x1 << LOG2CEIL ((__rodata_region_end - ADDR (rom_start)))))
                0x0000000000008000                __rom_region_end = ((__rom_region_start + .) - ADDR (rom_start))

/DISCARD/
 *(SORT_BY_ALIGNMENT(.got.plt))
 *(SORT_BY_ALIGNMENT(.igot.plt))
 *(SORT_BY_ALIGNMENT(.got))
 *(SORT_BY_ALIGNMENT(.igot))
                0x0000000020000000                . = 0x20000000
                0x0000000020000000                . = ALIGN (_region_min_align)
                0x0000000020000000                _image_ram_start = .

_RTT_SECTION_NAME
                0x0000000020000000      0x4b8
                0x0000000020000000                __rtt_buff_data_start = .
 *(SORT_BY_ALIGNMENT(.rtt_buff_data))
 .rtt_buff_data
                0x0000000020000000      0x4b8 modules/segger/libmodules__segger.a(SEGGER_RTT.c.obj)
                0x0000000020000410                _SEGGER_RTT
                0x00000000200004b8                __rtt_buff_data_end = ALIGN (0x4)
                0x00000000000004b8                __rtt_buff_data_size = (__rtt_buff_data_end - __rtt_buff_data_start)

.ramfunc        0x00000000200004b8        0x8 load address 0x00000000000048c4
                0x00000000200004b8                __ramfunc_region_start = .
                0x00000000200004c0                . = ALIGN (_region_min_align)
 *fill*         0x00000000200004b8        0x8 
                0x00000000200004c0                . = ALIGN ((0x1 << LOG2CEIL (__ramfunc_size)))
                0x00000000200004c0                __ramfunc_start = .
 *(SORT_BY_ALIGNMENT(.ramfunc))
 *(SORT_BY_ALIGNMENT(.ramfunc.*))
                0x00000000200004c0                . = ALIGN (_region_min_align)
                0x00000000200004c0                . = ALIGN ((0x1 << LOG2CEIL (__ramfunc_size)))
                0x00000000200004c0                __ramfunc_end = .
                0x0000000000000000                __ramfunc_size = (__ramfunc_end - __ramfunc_start)
                0x00000000000048c4                __ramfunc_load_start = LOADADDR (.ramfunc)

datas           0x00000000200004c0       0xa4 load address 0x00000000000048cc
                0x00000000200004c0                __data_region_start = .
                0x00000000200004c0                __data_start = .
 *(SORT_BY_ALIGNMENT(.data))
 *(SORT_BY_ALIGNMENT(.data.*))
 .data._char_out
                0x00000000200004c0        0x4 zephyr/libzephyr.a(printk.c.obj)
 .data.__stdout
                0x00000000200004c4       0x10 zephyr/lib/libc/picolibc/liblib__libc__picolibc.a(stdio.c.obj)
 .data.m_cb     0x00000000200004d4       0x84 modules/hal_nordic/nrfx/libmodules__hal_nordic__nrfx.a(nrfx_gpiote.c.obj)
 .data.m_channels_allocated
                0x0000000020000558        0x4 modules/hal_nordic/nrfx/libmodules__hal_nordic__nrfx.a(nrfx_ppi.c.obj)
 .data.timeout_list
                0x000000002000055c        0x8 zephyr/kernel/libkernel.a(timeout.c.obj)
 *(SORT_BY_ALIGNMENT(.kernel.*))
                0x0000000020000564                __data_end = .
                0x00000000000000a4                __data_size = (__data_end - __data_start)
                0x00000000000048cc                __data_load_start = LOADADDR (datas)
                0x00000000000048cc                __data_region_load_start = LOADADDR (datas)

device_states   0x0000000020000564        0x8 load address 0x0000000000004970
                0x0000000020000564                __device_states_start = .
 *(SORT_BY_ALIGNMENT(.z_devstate))
 .z_devstate    0x0000000020000564        0x2 zephyr/drivers/clock_control/libdrivers__clock_control.a(clock_control_nrf.c.obj)
 .z_devstate    0x0000000020000566        0x4 zephyr/drivers/gpio/libdrivers__gpio.a(gpio_nrfx.c.obj)
 .z_devstate    0x000000002000056a        0x2 zephyr/drivers/serial/libdrivers__serial.a(uart_nrfx_uarte.c.obj)
 *(SORT_BY_ALIGNMENT(.z_devstate.*))
                0x000000002000056c                __device_states_end = .

log_mpsc_pbuf_area
                0x000000002000056c        0x0 load address 0x0000000000004978
                0x000000002000056c                _log_mpsc_pbuf_list_start = .
 *(SORT_BY_NAME(SORT_BY_ALIGNMENT(._log_mpsc_pbuf.static.*)))
                0x000000002000056c                _log_mpsc_pbuf_list_end = .

log_msg_ptr_area
                0x000000002000056c        0x0 load address 0x0000000000004978
                0x000000002000056c                _log_msg_ptr_list_start = .
 *(SORT_BY_NAME(SORT_BY_ALIGNMENT(._log_msg_ptr.static.*)))
                0x000000002000056c                _log_msg_ptr_list_end = .

log_dynamic_area
                0x000000002000056c        0x0 load address 0x0000000000004978
                0x000000002000056c                _log_dynamic_list_start = .
 *(SORT_BY_NAME(SORT_BY_ALIGNMENT(._log_dynamic.static.*)))
                0x000000002000056c                _log_dynamic_list_end = .

k_timer_area    0x000000002000056c        0x0 load address 0x0000000000004978
                0x000000002000056c                _k_timer_list_start = .
 *(SORT_BY_NAME(SORT_BY_ALIGNMENT(._k_timer.static.*)))
                0x000000002000056c                _k_timer_list_end = .

k_mem_slab_area
                0x000000002000056c        0x0 load address 0x0000000000004978
                0x000000002000056c                _k_mem_slab_list_start = .
 *(SORT_BY_NAME(SORT_BY_ALIGNMENT(._k_mem_slab.static.*)))
                0x000000002000056c                _k_mem_slab_list_end = .

k_heap_area     0x000000002000056c        0x0 load address 0x0000000000004978
                0x000000002000056c                _k_heap_list_start = .
 *(SORT_BY_NAME(SORT_BY_ALIGNMENT(._k_heap.static.*)))
                0x000000002000056c                _k_heap_list_end = .

k_mutex_area    0x000000002000056c        0x0 load address 0x0000000000004978
                0x000000002000056c                _k_mutex_list_start = .
 *(SORT_BY_NAME(SORT_BY_ALIGNMENT(._k_mutex.static.*)))
                0x000000002000056c                _k_mutex_list_end = .

k_stack_area    0x000000002000056c        0x0 load address 0x0000000000004978
                0x000000002000056c                _k_stack_list_start = .
 *(SORT_BY_NAME(SORT_BY_ALIGNMENT(._k_stack.static.*)))
                0x000000002000056c                _k_stack_list_end = .
