Archive member included to satisfy reference by file (symbol)

app/libapp.a(main.c.obj)      (--whole-archive)
app/libapp.a(button_driver.c.obj)
                              (--whole-archive)
zephyr/libzephyr.a(heap.c.obj)
                              (--whole-archive)
zephyr/libzephyr.a(cbprintf_packaged.c.obj)
                              (--whole-archive)
zephyr/libzephyr.a(printk.c.obj)
                              (--whole-archive)
zephyr/libzephyr.a(sem.c.obj)
                              (--whole-archive)
zephyr/libzephyr.a(thread_entry.c.obj)
                              (--whole-archive)
zephyr/libzephyr.a(cbprintf_complete.c.obj)
                              (--whole-archive)
zephyr/libzephyr.a(assert.c.obj)
                              (--whole-archive)
zephyr/libzephyr.a(mpsc_pbuf.c.obj)
                              (--whole-archive)
zephyr/libzephyr.a(dec.c.obj)
                              (--whole-archive)
zephyr/libzephyr.a(hex.c.obj)
                              (--whole-archive)
zephyr/libzephyr.a(rb.c.obj)  (--whole-archive)
zephyr/libzephyr.a(timeutil.c.obj)
                              (--whole-archive)
zephyr/libzephyr.a(bitarray.c.obj)
                              (--whole-archive)
zephyr/libzephyr.a(ring_buffer.c.obj)
                              (--whole-archive)
zephyr/libzephyr.a(configs.c.obj)
                              (--whole-archive)
zephyr/libzephyr.a(soc.c.obj)
                              (--whole-archive)
zephyr/libzephyr.a(log_core.c.obj)
                              (--whole-archive)
zephyr/libzephyr.a(log_mgmt.c.obj)
                              (--whole-archive)
zephyr/libzephyr.a(log_cache.c.obj)
                              (--whole-archive)
zephyr/libzephyr.a(log_msg.c.obj)
                              (--whole-archive)
zephyr/libzephyr.a(log_output.c.obj)
                              (--whole-archive)
zephyr/libzephyr.a(log_backend_uart.c.obj)
                              (--whole-archive)
zephyr/libzephyr.a(tracing_none.c.obj)
                              (--whole-archive)
zephyr/arch/common/libarch__common.a(sw_isr_common.c.obj)
                              (--whole-archive)
zephyr/arch/arch/arm/core/libarch__arm__core.a(fatal.c.obj)
                              (--whole-archive)
zephyr/arch/arch/arm/core/libarch__arm__core.a(nmi.c.obj)
                              (--whole-archive)
zephyr/arch/arch/arm/core/libarch__arm__core.a(nmi_on_reset.S.obj)
                              (--whole-archive)
zephyr/arch/arch/arm/core/libarch__arm__core.a(tls.c.obj)
                              (--whole-archive)
zephyr/arch/arch/arm/core/cortex_m/libarch__arm__core__cortex_m.a(exc_exit.c.obj)
                              (--whole-archive)
zephyr/arch/arch/arm/core/cortex_m/libarch__arm__core__cortex_m.a(fault.c.obj)
                              (--whole-archive)
zephyr/arch/arch/arm/core/cortex_m/libarch__arm__core__cortex_m.a(fault_s.S.obj)
                              (--whole-archive)
zephyr/arch/arch/arm/core/cortex_m/libarch__arm__core__cortex_m.a(fpu.c.obj)
                              (--whole-archive)
zephyr/arch/arch/arm/core/cortex_m/libarch__arm__core__cortex_m.a(reset.S.obj)
                              (--whole-archive)
zephyr/arch/arch/arm/core/cortex_m/libarch__arm__core__cortex_m.a(scb.c.obj)
                              (--whole-archive)
zephyr/arch/arch/arm/core/cortex_m/libarch__arm__core__cortex_m.a(thread_abort.c.obj)
                              (--whole-archive)
zephyr/arch/arch/arm/core/cortex_m/libarch__arm__core__cortex_m.a(vector_table.S.obj)
                              (--whole-archive)
zephyr/arch/arch/arm/core/cortex_m/libarch__arm__core__cortex_m.a(swap_helper.S.obj)
                              (--whole-archive)
zephyr/arch/arch/arm/core/cortex_m/libarch__arm__core__cortex_m.a(irq_manage.c.obj)
                              (--whole-archive)
zephyr/arch/arch/arm/core/cortex_m/libarch__arm__core__cortex_m.a(prep_c.c.obj)
                              (--whole-archive)
zephyr/arch/arch/arm/core/cortex_m/libarch__arm__core__cortex_m.a(thread.c.obj)
                              (--whole-archive)
zephyr/arch/arch/arm/core/cortex_m/libarch__arm__core__cortex_m.a(cpu_idle.c.obj)
                              (--whole-archive)
zephyr/arch/arch/arm/core/cortex_m/libarch__arm__core__cortex_m.a(irq_init.c.obj)
                              (--whole-archive)
zephyr/arch/arch/arm/core/cortex_m/libarch__arm__core__cortex_m.a(isr_wrapper.c.obj)
                              (--whole-archive)
zephyr/arch/arch/arm/core/cortex_m/libarch__arm__core__cortex_m.a(__aeabi_read_tp.S.obj)
                              (--whole-archive)
zephyr/lib/libc/picolibc/liblib__libc__picolibc.a(assert.c.obj)
                              (--whole-archive)
zephyr/lib/libc/picolibc/liblib__libc__picolibc.a(cbprintf.c.obj)
                              (--whole-archive)
zephyr/lib/libc/picolibc/liblib__libc__picolibc.a(chk_fail.c.obj)
[...]
Memory Configuration

Name             Origin             Length             Attributes
BOOT_FLASH       0x0000000010000000 0x0000000000000100 r
FLASH            0x0000000010000100 0x00000000001fff00 xr
RAM              0x0000000020000000 0x0000000000042000 xw
IDT_LIST         0x00000000ffff7fff 0x0000000000008000 xw
*default*        0x0000000000000000 0xffffffffffffffff

Linker script and memory map

                0x0000000010004268                vfprintf = __l_vfprintf
                0x0000000000000000                vfscanf = __l_vfscanf
LOAD zephyr/CMakeFiles/zephyr_pre0.dir/misc/empty_file.c.obj
LOAD zephyr/CMakeFiles/offsets.dir/./arch/arm/core/offsets/offsets.c.obj
LOAD app/libapp.a
LOAD zephyr/libzephyr.a
LOAD zephyr/arch/common/libarch__common.a
LOAD zephyr/arch/arch/arm/core/libarch__arm__core.a
LOAD zephyr/arch/arch/arm/core/cortex_m/libarch__arm__core__cortex_m.a
LOAD zephyr/lib/libc/picolibc/liblib__libc__picolibc.a
LOAD zephyr/lib/libc/common/liblib__libc__common.a
LOAD zephyr/drivers/clock_control/libdrivers__clock_control.a
LOAD zephyr/drivers/console/libdrivers__console.a
LOAD zephyr/drivers/gpio/libdrivers__gpio.a
LOAD zephyr/drivers/pinctrl/libdrivers__pinctrl.a
LOAD zephyr/drivers/reset/libdrivers__reset.a
LOAD zephyr/drivers/serial/libdrivers__serial.a
LOAD zephyr/drivers/timer/libdrivers__timer.a
LOAD modules/hal_rpi_pico/libmodules__hal_rpi_pico.a
LOAD zephyr/kernel/libkernel.a
LOAD zephyr/arch/common/libisr_tables.a
LOAD /home/issam/zephyr-sdk-0.17.0/arm-zephyr-eabi/bin/../lib/gcc/../../picolibc/arm-zephyr-eabi/lib/thumb/v6-m/nofp/libc.a
LOAD /home/issam/zephyr-sdk-0.17.0/arm-zephyr-eabi/bin/../lib/gcc/arm-zephyr-eabi/12.2.0/thumb/v6-m/nofp/libgcc.a

.boot2          0x0000000010000000      0x100
 *(SORT_BY_ALIGNMENT(.boot2))
 .boot2         0x0000000010000000      0x100 modules/hal_rpi_pico/libmodules__hal_rpi_pico.a(boot_stage2.S.obj)
                0x0000000000000004                _region_min_align = 0x4

.rel.plt        0x0000000010000100        0x0
 *(SORT_BY_ALIGNMENT(.rel.plt))
                [!provide]                        PROVIDE (__rel_iplt_start = .)
 *(SORT_BY_ALIGNMENT(.rel.iplt))
 .rel.iplt      0x0000000010000100        0x0 app/libapp.a(main.c.obj)
                [!provide]                        PROVIDE (__rel_iplt_end = .)

.rela.plt       0x0000000010000100        0x0
 *(SORT_BY_ALIGNMENT(.rela.plt))
                [!provide]                        PROVIDE (__rela_iplt_start = .)
 *(SORT_BY_ALIGNMENT(.rela.iplt))
                [!provide]                        PROVIDE (__rela_iplt_end = .)

.rel.dyn
 *(SORT_BY_ALIGNMENT(.rel.*))

.rela.dyn
 *(SORT_BY_ALIGNMENT(.rela.*))

/DISCARD/
 *(SORT_BY_ALIGNMENT(.plt))

/DISCARD/
 *(SORT_BY_ALIGNMENT(.iplt))
                0x0000000010000100                __rom_region_start = 0x10000100

rom_start       0x0000000010000100       0xa8
                0x0000000010000100                __rom_start_address = .
 FILL mask 0x00
                0x0000000010000100                . = (. + (0x0 - (. - __rom_start_address)))
                0x0000000010000100                . = ALIGN (0x4)
                0x0000000010000100                . = ALIGN (0x100)
                0x0000000010000100                . = ALIGN (0x100)
                0x0000000010000100                _vector_start = .
 *(SORT_BY_ALIGNMENT(.exc_vector_table))
 *(SORT_BY_ALIGNMENT(.exc_vector_table.*))
 .exc_vector_table._vector_table_section
                0x0000000010000100       0x40 zephyr/arch/arch/arm/core/cortex_m/libarch__arm__core__cortex_m.a(vector_table.S.obj)
                0x0000000010000100                _vector_table
 *(SORT_BY_ALIGNMENT(.vectors))
                0x00000000100001a8                _vector_end = .
                0x0000000010000140                . = ALIGN (0x4)
 *(SORT_BY_ALIGNMENT(.gnu.linkonce.irq_vector_table*))
 .gnu.linkonce.irq_vector_table
                0x0000000010000140       0x68 zephyr/arch/common/libisr_tables.a(isr_tables.c.obj)
                0x0000000010000140                _irq_vector_table
                0x00000000100001a8                _vector_end = .

text            0x00000000100001a8     0x5a70
                0x00000000100001a8                __text_region_start = .
 *(SORT_BY_ALIGNMENT(.text))
 .text          0x00000000100001a8       0x14 /home/issam/zephyr-sdk-0.17.0/arm-zephyr-eabi/bin/../lib/gcc/arm-zephyr-eabi/12.2.0/thumb/v6-m/nofp/libgcc.a(_thumb1_case_sqi.o)
                0x00000000100001a8                __gnu_thumb1_case_sqi
 .text          0x00000000100001bc       0x14 /home/issam/zephyr-sdk-0.17.0/arm-zephyr-eabi/bin/../lib/gcc/arm-zephyr-eabi/12.2.0/thumb/v6-m/nofp/libgcc.a(_thumb1_case_uqi.o)
                0x00000000100001bc                __gnu_thumb1_case_uqi
 .text          0x00000000100001d0       0x8c /home/issam/zephyr-sdk-0.17.0/arm-zephyr-eabi/bin/../lib/gcc/arm-zephyr-eabi/12.2.0/thumb/v6-m/nofp/libgcc.a(_udivsi3.o)
                0x00000000100001d0                __udivsi3
                0x00000000100001d0                __aeabi_uidiv
                0x0000000010000248                __aeabi_uidivmod
 .text          0x000000001000025c        0x4 /home/issam/zephyr-sdk-0.17.0/arm-zephyr-eabi/bin/../lib/gcc/arm-zephyr-eabi/12.2.0/thumb/v6-m/nofp/libgcc.a(_dvmd_tls.o)
                0x000000001000025c                __aeabi_ldiv0
                0x000000001000025c                __aeabi_idiv0
 .text          0x0000000010000260       0x18 /home/issam/zephyr-sdk-0.17.0/arm-zephyr-eabi/bin/../lib/gcc/arm-zephyr-eabi/12.2.0/thumb/v6-m/nofp/libgcc.a(_lshrdi3.o)
                0x0000000010000260                __aeabi_llsr
                0x0000000010000260                __lshrdi3
 .text          0x0000000010000278       0x3c /home/issam/zephyr-sdk-0.17.0/arm-zephyr-eabi/bin/../lib/gcc/arm-zephyr-eabi/12.2.0/thumb/v6-m/nofp/libgcc.a(_clzsi2.o)
                0x0000000010000278                __clzsi2
 .text          0x00000000100002b4       0x40 /home/issam/zephyr-sdk-0.17.0/arm-zephyr-eabi/bin/../lib/gcc/arm-zephyr-eabi/12.2.0/thumb/v6-m/nofp/libgcc.a(_ctzsi2.o)
                0x00000000100002b4                __ctzsi2
 .text          0x00000000100002f4       0x40 /home/issam/zephyr-sdk-0.17.0/arm-zephyr-eabi/bin/../lib/gcc/arm-zephyr-eabi/12.2.0/thumb/v6-m/nofp/libgcc.a(_aeabi_uldivmod.o)
                0x00000000100002f4                __aeabi_uldivmod
 .text          0x0000000010000334      0x2e8 /home/issam/zephyr-sdk-0.17.0/arm-zephyr-eabi/bin/../lib/gcc/arm-zephyr-eabi/12.2.0/thumb/v6-m/nofp/libgcc.a(addsf3.o)
                0x0000000010000334                __aeabi_fadd
 .text          0x000000001000061c      0x1c4 /home/issam/zephyr-sdk-0.17.0/arm-zephyr-eabi/bin/../lib/gcc/arm-zephyr-eabi/12.2.0/thumb/v6-m/nofp/libgcc.a(divsf3.o)
                0x000000001000061c                __aeabi_fdiv
 .text          0x00000000100007e0      0x1ec /home/issam/zephyr-sdk-0.17.0/arm-zephyr-eabi/bin/../lib/gcc/arm-zephyr-eabi/12.2.0/thumb/v6-m/nofp/libgcc.a(mulsf3.o)
                0x00000000100007e0                __aeabi_fmul
 .text          0x00000000100009cc       0x3c /home/issam/zephyr-sdk-0.17.0/arm-zephyr-eabi/bin/../lib/gcc/arm-zephyr-eabi/12.2.0/thumb/v6-m/nofp/libgcc.a(fixsfsi.o)
                0x00000000100009cc                __aeabi_f2iz
 .text          0x0000000010000a08       0x78 /home/issam/zephyr-sdk-0.17.0/arm-zephyr-eabi/bin/../lib/gcc/arm-zephyr-eabi/12.2.0/thumb/v6-m/nofp/libgcc.a(floatunsisf.o)
                0x0000000010000a08                __aeabi_ui2f
 .text          0x0000000010000a80       0x18 /home/issam/zephyr-sdk-0.17.0/arm-zephyr-eabi/bin/../lib/gcc/arm-zephyr-eabi/12.2.0/thumb/v6-m/nofp/libgcc.a(_ashldi3.o)
                0x0000000010000a80                __ashldi3
                0x0000000010000a80                __aeabi_llsl
 .text          0x0000000010000a98       0x18 /home/issam/zephyr-sdk-0.17.0/arm-zephyr-eabi/bin/../lib/gcc/arm-zephyr-eabi/12.2.0/thumb/v6-m/nofp/libgcc.a(_clzdi2.o)
                0x0000000010000a98                __clzdi2
 .text          0x0000000010000ab0        0xe /home/issam/zephyr-sdk-0.17.0/arm-zephyr-eabi/bin/../lib/gcc/../../picolibc/arm-zephyr-eabi/lib/thumb/v6-m/nofp/libc.a(strlen.S.o)
                0x0000000010000ab0                strlen
 .text          0x0000000010000abe       0xde /home/issam/zephyr-sdk-0.17.0/arm-zephyr-eabi/bin/../lib/gcc/arm-zephyr-eabi/12.2.0/thumb/v6-m/nofp/libgcc.a(_udivmoddi4.o)
                0x0000000010000abe                __udivmoddi4
 *(SORT_BY_ALIGNMENT(.text.*))
 .text.main     0x0000000010000b9c       0x98 app/libapp.a(main.c.obj)
                0x0000000010000b9c                main
 .text.cbvprintf_package
                0x0000000010000c34      0x3b8 zephyr/libzephyr.a(cbprintf_packaged.c.obj)
                0x0000000010000c34                cbvprintf_package
 .text.cbprintf_package_convert
                0x0000000010000fec      0x430 zephyr/libzephyr.a(cbprintf_packaged.c.obj)
                0x0000000010000fec                cbprintf_package_convert
 .text.__printk_hook_install
                0x000000001000141c        0xc zephyr/libzephyr.a(printk.c.obj)
                0x000000001000141c                __printk_hook_install
 .text.z_thread_entry
                0x0000000010001428       0x30 zephyr/libzephyr.a(thread_entry.c.obj)
                0x0000000010001428                z_thread_entry
 .text.activate_foreach_backend
                0x0000000010001458       0x58 zephyr/libzephyr.a(log_core.c.obj)
 .text.enable_logger
                0x00000000100014b0       0x5c zephyr/libzephyr.a(log_core.c.obj)
 .text.log_process_thread_timer_expiry_fn
                0x000000001000150c       0x10 zephyr/libzephyr.a(log_core.c.obj)
 .text.z_log_init
                0x000000001000151c       0x90 zephyr/libzephyr.a(log_core.c.obj)
 .text.log_format_func_t_get
                0x00000000100015ac        0xc zephyr/libzephyr.a(log_core.c.obj)
                0x00000000100015ac                log_format_func_t_get
 .text.log_set_timestamp_func
                0x00000000100015b8       0x20 zephyr/libzephyr.a(log_core.c.obj)
                0x00000000100015b8                log_set_timestamp_func
 .text.z_log_notify_backend_enabled
                0x00000000100015d8       0x20 zephyr/libzephyr.a(log_core.c.obj)
                0x00000000100015d8                z_log_notify_backend_enabled
 .text.z_log_dropped
                0x00000000100015f8       0x34 zephyr/libzephyr.a(log_core.c.obj)
                0x00000000100015f8                z_log_dropped
 .text.z_log_dropped_read_and_clear
                0x000000001000162c       0x10 zephyr/libzephyr.a(log_core.c.obj)
                0x000000001000162c                z_log_dropped_read_and_clear
 .text.dropped_notify
                0x000000001000163c       0x34 zephyr/libzephyr.a(log_core.c.obj)
                0x000000001000163c                dropped_notify
 .text.z_log_msg_init
                0x0000000010001670       0x20 zephyr/libzephyr.a(log_core.c.obj)
                0x0000000010001670                z_log_msg_init
 .text.log_core_init
                0x0000000010001690       0x50 zephyr/libzephyr.a(log_core.c.obj)
                0x0000000010001690                log_core_init
 .text.z_log_msg_alloc
                0x00000000100016e0       0x18 zephyr/libzephyr.a(log_core.c.obj)
                0x00000000100016e0                z_log_msg_alloc
 .text.z_log_msg_local_claim
                0x00000000100016f8       0x10 zephyr/libzephyr.a(log_core.c.obj)
                0x00000000100016f8                z_log_msg_local_claim
 .text.z_log_msg_free
                0x0000000010001708       0x14 zephyr/libzephyr.a(log_core.c.obj)
                0x0000000010001708                z_log_msg_free
 .text.z_log_msg_pending
                0x000000001000171c       0x10 zephyr/libzephyr.a(log_core.c.obj)
                0x000000001000171c                z_log_msg_pending
 .text.z_impl_log_process
                0x000000001000172c       0x9c zephyr/libzephyr.a(log_core.c.obj)
                0x000000001000172c                z_impl_log_process
 .text.z_impl_log_panic
                0x00000000100017c8       0x48 zephyr/libzephyr.a(log_core.c.obj)
                0x00000000100017c8                z_impl_log_panic
 .text.log_process_thread_func
                0x0000000010001810       0xa4 zephyr/libzephyr.a(log_core.c.obj)
 .text.z_log_msg_post_finalize
                0x00000000100018b4       0x70 zephyr/libzephyr.a(log_core.c.obj)
 .text.z_log_msg_commit
                0x0000000010001924       0x24 zephyr/libzephyr.a(log_core.c.obj)
                0x0000000010001924                z_log_msg_commit
 .text.log_source_name_get
                0x0000000010001948       0x1c zephyr/libzephyr.a(log_mgmt.c.obj)
                0x0000000010001948                log_source_name_get
 .text.z_log_msg_simple_create
                0x0000000010001964       0x70 zephyr/libzephyr.a(log_msg.c.obj)
 .text.z_impl_z_log_msg_static_create
                0x00000000100019d4      0x130 zephyr/libzephyr.a(log_msg.c.obj)
                0x00000000100019d4                z_impl_z_log_msg_static_create
 .text.z_log_msg_runtime_vcreate
                0x0000000010001b04       0x9c zephyr/libzephyr.a(log_msg.c.obj)
                0x0000000010001b04                z_log_msg_runtime_vcreate
 .text.log_msg_get_source_id
                0x0000000010001ba0       0x1c zephyr/libzephyr.a(log_msg.c.obj)
                0x0000000010001ba0                log_msg_get_source_id
 .text.print_formatted
                0x0000000010001bbc       0x20 zephyr/libzephyr.a(log_output.c.obj)
 .text.newline_print
                0x0000000010001bdc       0x20 zephyr/libzephyr.a(log_output.c.obj)
 .text.log_output_process
                0x0000000010001bfc      0x2cc zephyr/libzephyr.a(log_output.c.obj)
                0x0000000010001bfc                log_output_process
 .text.log_output_dropped_process
                0x0000000010001ec8       0x58 zephyr/libzephyr.a(log_output.c.obj)
                0x0000000010001ec8                log_output_dropped_process
 .text.log_output_timestamp_freq_set
                0x0000000010001f20       0x34 zephyr/libzephyr.a(log_output.c.obj)
                0x0000000010001f20                log_output_timestamp_freq_set
 .text.char_out
                0x0000000010001f54       0x24 zephyr/libzephyr.a(log_backend_uart.c.obj)
 .text.z_arm_fatal_error
                0x0000000010001f78       0xb8 zephyr/arch/arch/arm/core/libarch__arm__core.a(fatal.c.obj)
                0x0000000010001f78                z_arm_fatal_error
 .text.z_SysNmiOnReset
                0x0000000010002030        0x4 zephyr/arch/arch/arm/core/libarch__arm__core.a(nmi_on_reset.S.obj)
                0x0000000010002030                z_SysNmiOnReset
 .text.arch_tls_stack_setup
                0x0000000010002034       0x38 zephyr/arch/arch/arm/core/libarch__arm__core.a(tls.c.obj)
                0x0000000010002034                arch_tls_stack_setup
 .text._HandlerModeExit
                0x000000001000206c       0x20 zephyr/arch/arch/arm/core/cortex_m/libarch__arm__core__cortex_m.a(exc_exit.c.obj)
                0x000000001000206c                z_arm_exc_exit
                0x000000001000206c                z_arm_int_exit
 .text.z_arm_fault
                0x000000001000208c      0x138 zephyr/arch/arch/arm/core/cortex_m/libarch__arm__core__cortex_m.a(fault.c.obj)
                0x000000001000208c                z_arm_fault
 .text.z_arm_fault_init
                0x00000000100021c4       0x10 zephyr/arch/arch/arm/core/cortex_m/libarch__arm__core__cortex_m.a(fault.c.obj)
                0x00000000100021c4                z_arm_fault_init
 .text.__fault  0x00000000100021d4       0x14 zephyr/arch/arch/arm/core/cortex_m/libarch__arm__core__cortex_m.a(fault_s.S.obj)
                0x00000000100021d4                z_arm_exc_spurious
                0x00000000100021d4                z_arm_hard_fault
 .text._reset_section
                0x00000000100021e8       0x34 zephyr/arch/arch/arm/core/cortex_m/libarch__arm__core__cortex_m.a(reset.S.obj)
                0x00000000100021e8                z_arm_reset
                0x00000000100021e8                __start
 .text.z_impl_k_thread_abort
                0x000000001000221c       0x38 zephyr/arch/arch/arm/core/cortex_m/libarch__arm__core__cortex_m.a(thread_abort.c.obj)
                0x000000001000221c                z_impl_k_thread_abort
 .text.z_arm_pendsv
                0x0000000010002254       0x70 zephyr/arch/arch/arm/core/cortex_m/libarch__arm__core__cortex_m.a(swap_helper.S.obj)
                0x0000000010002254                z_arm_pendsv
 .text.z_arm_svc
                0x00000000100022c4       0x28 zephyr/arch/arch/arm/core/cortex_m/libarch__arm__core__cortex_m.a(swap_helper.S.obj)
                0x00000000100022c4                z_arm_svc
 .text.arm_irq_enable
                0x00000000100022ec       0x18 zephyr/arch/arch/arm/core/cortex_m/libarch__arm__core__cortex_m.a(irq_manage.c.obj)
                0x00000000100022ec                arm_irq_enable
 .text.arm_irq_priority_set
                0x0000000010002304       0x54 zephyr/arch/arch/arm/core/cortex_m/libarch__arm__core__cortex_m.a(irq_manage.c.obj)
                0x0000000010002304                arm_irq_priority_set
 .text.relocate_vector_table
                0x0000000010002358       0x1c zephyr/arch/arch/arm/core/cortex_m/libarch__arm__core__cortex_m.a(prep_c.c.obj)
                0x0000000010002358                relocate_vector_table
 .text.arch_new_thread
                0x0000000010002374       0x2c zephyr/arch/arch/arm/core/cortex_m/libarch__arm__core__cortex_m.a(thread.c.obj)
                0x0000000010002374                arch_new_thread
 .text.arch_switch_to_main_thread
                0x00000000100023a0       0x38 zephyr/arch/arch/arm/core/cortex_m/libarch__arm__core__cortex_m.a(thread.c.obj)
                0x00000000100023a0                arch_switch_to_main_thread
 .text.z_arm_cpu_idle_init
                0x00000000100023d8        0xc zephyr/arch/arch/arm/core/cortex_m/libarch__arm__core__cortex_m.a(cpu_idle.c.obj)
                0x00000000100023d8                z_arm_cpu_idle_init
 .text.z_arm_interrupt_init
                0x00000000100023e4       0x30 zephyr/arch/arch/arm/core/cortex_m/libarch__arm__core__cortex_m.a(irq_init.c.obj)
                0x00000000100023e4                z_arm_interrupt_init
 .text._isr_wrapper
                0x0000000010002414       0x20 zephyr/arch/arch/arm/core/cortex_m/libarch__arm__core__cortex_m.a(isr_wrapper.c.obj)
                0x0000000010002414                _isr_wrapper
 .text.cbvprintf
                0x0000000010002434       0x38 zephyr/lib/libc/picolibc/liblib__libc__picolibc.a(cbprintf.c.obj)
                0x0000000010002434                cbvprintf
 .text.z_impl_zephyr_fputc
                0x000000001000246c       0x10 zephyr/lib/libc/picolibc/liblib__libc__picolibc.a(stdio.c.obj)
                0x000000001000246c                z_impl_zephyr_fputc
 .text.__stdout_hook_install
                0x000000001000247c       0x18 zephyr/lib/libc/picolibc/liblib__libc__picolibc.a(stdio.c.obj)
                0x000000001000247c                __stdout_hook_install
 .text.abort    0x0000000010002494       0x18 zephyr/lib/libc/common/liblib__libc__common.a(abort.c.obj)
                0x0000000010002494                abort
 .text.malloc_prepare
                0x00000000100024ac       0x24 zephyr/lib/libc/common/liblib__libc__common.a(malloc.c.obj)
 .text.clock_control_rpi_pico_on
                0x00000000100024d0       0x40 zephyr/drivers/clock_control/libdrivers__clock_control.a(clock_control_rpi_pico.c.obj)
 .text.clock_control_rpi_pico_off
                0x0000000010002510       0x40 zephyr/drivers/clock_control/libdrivers__clock_control.a(clock_control_rpi_pico.c.obj)
 .text.rpi_pico_rosc_write.constprop.0
                0x0000000010002550       0x30 zephyr/drivers/clock_control/libdrivers__clock_control.a(clock_control_rpi_pico.c.obj)
 .text.rpi_pico_get_clock_src.isra.0
                0x0000000010002580       0x9c zephyr/drivers/clock_control/libdrivers__clock_control.a(clock_control_rpi_pico.c.obj)
 .text.rpi_pico_calc_clock_freq
                0x000000001000261c      0x104 zephyr/drivers/clock_control/libdrivers__clock_control.a(clock_control_rpi_pico.c.obj)
 .text.clock_control_rpi_pico_init
                0x0000000010002720      0x1c8 zephyr/drivers/clock_control/libdrivers__clock_control.a(clock_control_rpi_pico.c.obj)
 .text.uart_console_init
                0x00000000100028e8       0x2c zephyr/drivers/console/libdrivers__console.a(uart_console.c.obj)
 .text.console_out
                0x0000000010002914       0x28 zephyr/drivers/console/libdrivers__console.a(uart_console.c.obj)
 .text.gpio_rpi_get_pending_int
                0x000000001000293c       0x30 zephyr/drivers/gpio/libdrivers__gpio.a(gpio_rpi_pico.c.obj)
 .text.gpio_rpi_isr
                0x000000001000296c       0x64 zephyr/drivers/gpio/libdrivers__gpio.a(gpio_rpi_pico.c.obj)
 .text.gpio_rpi_configure
                0x00000000100029d0       0xb8 zephyr/drivers/gpio/libdrivers__gpio.a(gpio_rpi_pico.c.obj)
 .text.pl011_irq_err_disable
                0x0000000010002a88       0x14 zephyr/drivers/serial/libdrivers__serial.a(uart_pl011.c.obj)
 .text.pl011_runtime_configure_internal
                0x0000000010002a9c      0x16c zephyr/drivers/serial/libdrivers__serial.a(uart_pl011.c.obj)
 .text.pl011_init
                0x0000000010002c08      0x128 zephyr/drivers/serial/libdrivers__serial.a(uart_pl011.c.obj)
 .text.elapsed  0x0000000010002d30       0x54 zephyr/drivers/timer/libdrivers__timer.a(cortex_m_systick.c.obj)
 .text.sys_clock_driver_init
                0x0000000010002d84       0x40 zephyr/drivers/timer/libdrivers__timer.a(cortex_m_systick.c.obj)
 .text.sys_clock_isr
                0x0000000010002dc4       0x58 zephyr/drivers/timer/libdrivers__timer.a(cortex_m_systick.c.obj)
                0x0000000010002dc4                sys_clock_isr
 .text.sys_clock_set_timeout
                0x0000000010002e1c      0x118 zephyr/drivers/timer/libdrivers__timer.a(cortex_m_systick.c.obj)
                0x0000000010002e1c                sys_clock_set_timeout
 .text.sys_clock_elapsed
                0x0000000010002f34       0x38 zephyr/drivers/timer/libdrivers__timer.a(cortex_m_systick.c.obj)
                0x0000000010002f34                sys_clock_elapsed
 .text.clock_configure_internal
                0x0000000010002f6c       0xbc modules/hal_rpi_pico/libmodules__hal_rpi_pico.a(clocks.c.obj)
 .text.pll_init
                0x0000000010003028       0xcc modules/hal_rpi_pico/libmodules__hal_rpi_pico.a(pll.c.obj)
                0x0000000010003028                pll_init
 .text.xosc_init
                0x00000000100030f4       0x28 modules/hal_rpi_pico/libmodules__hal_rpi_pico.a(xosc.c.obj)
                0x00000000100030f4                xosc_init
 .text.tick_start
                0x000000001000311c       0x10 modules/hal_rpi_pico/libmodules__hal_rpi_pico.a(ticks.c.obj)
                0x000000001000311c                tick_start
 .text.gpio_set_function
                0x000000001000312c       0x30 modules/hal_rpi_pico/libmodules__hal_rpi_pico.a(gpio.c.obj)
                0x000000001000312c                gpio_set_function
 .text.gpio_set_pulls
                0x000000001000315c       0x24 modules/hal_rpi_pico/libmodules__hal_rpi_pico.a(gpio.c.obj)
                0x000000001000315c                gpio_set_pulls
 .text.gpio_set_oeover
                0x0000000010003180       0x24 modules/hal_rpi_pico/libmodules__hal_rpi_pico.a(gpio.c.obj)
                0x0000000010003180                gpio_set_oeover
 .text.gpio_set_input_hysteresis_enabled
                0x00000000100031a4       0x1c modules/hal_rpi_pico/libmodules__hal_rpi_pico.a(gpio.c.obj)
                0x00000000100031a4                gpio_set_input_hysteresis_enabled
 .text.gpio_set_slew_rate
                0x00000000100031c0       0x20 modules/hal_rpi_pico/libmodules__hal_rpi_pico.a(gpio.c.obj)
                0x00000000100031c0                gpio_set_slew_rate
 .text.gpio_set_drive_strength
                0x00000000100031e0       0x20 modules/hal_rpi_pico/libmodules__hal_rpi_pico.a(gpio.c.obj)
                0x00000000100031e0                gpio_set_drive_strength
 .text.gpio_acknowledge_irq
                0x0000000010003200       0x18 modules/hal_rpi_pico/libmodules__hal_rpi_pico.a(gpio.c.obj)
                0x0000000010003200                gpio_acknowledge_irq
 .text.gpio_set_irq_enabled
                0x0000000010003218       0x44 modules/hal_rpi_pico/libmodules__hal_rpi_pico.a(gpio.c.obj)
                0x0000000010003218                gpio_set_irq_enabled
 .text.gpio_set_input_enabled
                0x000000001000325c       0x1c modules/hal_rpi_pico/libmodules__hal_rpi_pico.a(gpio.c.obj)
                0x000000001000325c                gpio_set_input_enabled
 .text.k_sys_fatal_error_handler
                0x0000000010003278       0x20 zephyr/kernel/libkernel.a(fatal.c.obj)
                0x0000000010003278                k_sys_fatal_error_handler
 .text.z_fatal_error
                0x0000000010003298       0xf4 zephyr/kernel/libkernel.a(fatal.c.obj)
                0x0000000010003298                z_fatal_error
 .text.z_sys_init_run_level
                0x000000001000338c       0x34 zephyr/kernel/libkernel.a(init.c.obj)
 .text.bg_thread_main
                0x00000000100033c0       0xac zephyr/kernel/libkernel.a(init.c.obj)
 .text.z_bss_zero
                0x000000001000346c       0x18 zephyr/kernel/libkernel.a(init.c.obj)
                0x000000001000346c                z_bss_zero
 .text.z_init_cpu
                0x0000000010003484       0x68 zephyr/kernel/libkernel.a(init.c.obj)
                0x0000000010003484                z_init_cpu
 .text.z_cstart
                0x00000000100034ec       0xb4 zephyr/kernel/libkernel.a(init.c.obj)
                0x00000000100034ec                z_cstart
 .text.z_impl_k_sem_give
                0x00000000100035a0       0x64 zephyr/kernel/libkernel.a(sem.c.obj)
                0x00000000100035a0                z_impl_k_sem_give
 .text.z_impl_k_sem_take
                0x0000000010003604       0x4c zephyr/kernel/libkernel.a(sem.c.obj)
                0x0000000010003604                z_impl_k_sem_take
 .text.z_setup_new_thread
                0x0000000010003650       0x74 zephyr/kernel/libkernel.a(thread.c.obj)
                0x0000000010003650                z_setup_new_thread
 .text.z_impl_k_thread_create
                0x00000000100036c4       0x58 zephyr/kernel/libkernel.a(thread.c.obj)
                0x00000000100036c4                z_impl_k_thread_create
 .text.z_dummy_thread_init
                0x000000001000371c       0x14 zephyr/kernel/libkernel.a(thread.c.obj)
                0x000000001000371c                z_dummy_thread_init
 .text.z_swap_irqlock
                0x0000000010003730       0x2c zephyr/kernel/libkernel.a(sched.c.obj)
 .text.ready_thread
                0x000000001000375c       0x8c zephyr/kernel/libkernel.a(sched.c.obj)
 .text.unready_thread
                0x00000000100037e8       0x58 zephyr/kernel/libkernel.a(sched.c.obj)
 .text.move_thread_to_end_of_prio_q
                0x0000000010003840       0x98 zephyr/kernel/libkernel.a(sched.c.obj)
                0x0000000010003840                move_thread_to_end_of_prio_q
 .text.z_pend_curr
                0x00000000100038d8       0x50 zephyr/kernel/libkernel.a(sched.c.obj)
                0x00000000100038d8                z_pend_curr
 .text.z_reschedule
                0x0000000010003928       0x2c zephyr/kernel/libkernel.a(sched.c.obj)
                0x0000000010003928                z_reschedule
 .text.z_reschedule_irqlock
                0x0000000010003954       0x2c zephyr/kernel/libkernel.a(sched.c.obj)
                0x0000000010003954                z_reschedule_irqlock
 .text.k_sched_lock
                0x0000000010003980       0x20 zephyr/kernel/libkernel.a(sched.c.obj)
                0x0000000010003980                k_sched_lock
 .text.k_sched_unlock
                0x00000000100039a0       0x60 zephyr/kernel/libkernel.a(sched.c.obj)
                0x00000000100039a0                k_sched_unlock
 .text.z_sched_init
                0x0000000010003a00       0x14 zephyr/kernel/libkernel.a(sched.c.obj)
                0x0000000010003a00                z_sched_init
 .text.z_impl_k_yield
                0x0000000010003a14       0x84 zephyr/kernel/libkernel.a(sched.c.obj)
                0x0000000010003a14                z_impl_k_yield
 .text.z_tick_sleep
                0x0000000010003a98       0x80 zephyr/kernel/libkernel.a(sched.c.obj)
 .text.z_impl_k_sleep
                0x0000000010003b18       0x4c zephyr/kernel/libkernel.a(sched.c.obj)
                0x0000000010003b18                z_impl_k_sleep
 .text.z_impl_k_wakeup
                0x0000000010003b64       0x40 zephyr/kernel/libkernel.a(sched.c.obj)
                0x0000000010003b64                z_impl_k_wakeup
 .text.z_impl_k_sched_current_thread_query
                0x0000000010003ba4        0xc zephyr/kernel/libkernel.a(sched.c.obj)
                0x0000000010003ba4                z_impl_k_sched_current_thread_query
 .text.z_thread_abort
                0x0000000010003bb0      0x128 zephyr/kernel/libkernel.a(sched.c.obj)
                0x0000000010003bb0                z_thread_abort
 .text.slice_timeout
                0x0000000010003cd8       0x20 zephyr/kernel/libkernel.a(timeslicing.c.obj)
 .text.thread_is_sliceable
                0x0000000010003cf8       0x40 zephyr/kernel/libkernel.a(timeslicing.c.obj)
                0x0000000010003cf8                thread_is_sliceable
 .text.z_reset_time_slice
                0x0000000010003d38       0x4c zephyr/kernel/libkernel.a(timeslicing.c.obj)
                0x0000000010003d38                z_reset_time_slice
 .text.z_time_slice
                0x0000000010003d84       0x58 zephyr/kernel/libkernel.a(timeslicing.c.obj)
                0x0000000010003d84                z_time_slice
 .text.z_data_copy
                0x0000000010003ddc       0x34 zephyr/kernel/libkernel.a(xip.c.obj)
                0x0000000010003ddc                z_data_copy
 .text.first    0x0000000010003e10       0x10 zephyr/kernel/libkernel.a(timeout.c.obj)
 .text.next_timeout
                0x0000000010003e20       0x38 zephyr/kernel/libkernel.a(timeout.c.obj)
 .text.elapsed  0x0000000010003e58       0x18 zephyr/kernel/libkernel.a(timeout.c.obj)
 .text.remove_timeout
                0x0000000010003e70       0x38 zephyr/kernel/libkernel.a(timeout.c.obj)
 .text.z_add_timeout
                0x0000000010003ea8       0xfc zephyr/kernel/libkernel.a(timeout.c.obj)
                0x0000000010003ea8                z_add_timeout
 .text.sys_clock_announce
                0x0000000010003fa4       0xd4 zephyr/kernel/libkernel.a(timeout.c.obj)
                0x0000000010003fa4                sys_clock_announce
 .text.sys_clock_tick_get
                0x0000000010004078       0x2c zephyr/kernel/libkernel.a(timeout.c.obj)
                0x0000000010004078                sys_clock_tick_get
 .text.z_timer_expiration_handler
                0x00000000100040a4       0xe8 zephyr/kernel/libkernel.a(timer.c.obj)
                0x00000000100040a4                z_timer_expiration_handler
 .text.z_impl_k_timer_start
                0x000000001000418c       0x70 zephyr/kernel/libkernel.a(timer.c.obj)
                0x000000001000418c                z_impl_k_timer_start
 .text.boot_banner
                0x00000000100041fc       0x10 zephyr/kernel/libkernel.a(banner.c.obj)
                0x00000000100041fc                boot_banner
 .text.snprintf
                0x000000001000420c       0x5c /home/issam/zephyr-sdk-0.17.0/arm-zephyr-eabi/bin/../lib/gcc/../../picolibc/arm-zephyr-eabi/lib/thumb/v6-m/nofp/libc.a(libc_tinystdio_snprintf.c.o)
                0x000000001000420c                snprintf
 .text.__l_vfprintf
                0x0000000010004268      0x4d0 /home/issam/zephyr-sdk-0.17.0/arm-zephyr-eabi/bin/../lib/gcc/../../picolibc/arm-zephyr-eabi/lib/thumb/v6-m/nofp/libc.a(libc_tinystdio_vflprintf.c.o)
                0x0000000010004268                __l_vfprintf
 .text._OffsetAbsSyms
                0x0000000010004738        0x2 zephyr/CMakeFiles/offsets.dir/./arch/arm/core/offsets/offsets.c.obj
                0x0000000010004738                _OffsetAbsSyms
 .text.button_driver_is_pressed
                0x000000001000473a        0x6 app/libapp.a(button_driver.c.obj)
                0x000000001000473a                button_driver_is_pressed
 .text.chunk_field
                0x0000000010004740       0x1a zephyr/libzephyr.a(heap.c.obj)
 .text.chunk_set
                0x000000001000475a       0x1c zephyr/libzephyr.a(heap.c.obj)
 .text.chunk_size
                0x0000000010004776        0xc zephyr/libzephyr.a(heap.c.obj)
 .text.set_chunk_used
                0x0000000010004782       0x36 zephyr/libzephyr.a(heap.c.obj)
 .text.set_chunk_size
                0x00000000100047b8        0xc zephyr/libzephyr.a(heap.c.obj)
 .text.bucket_idx.isra.0
                0x00000000100047c4       0x20 zephyr/libzephyr.a(heap.c.obj)
 .text.free_list_add
                0x00000000100047e4       0x88 zephyr/libzephyr.a(heap.c.obj)
 .text.sys_heap_init
                0x000000001000486c       0xac zephyr/libzephyr.a(heap.c.obj)
                0x000000001000486c                sys_heap_init
 .text.cbpprintf_external
                0x0000000010004918       0x68 zephyr/libzephyr.a(cbprintf_packaged.c.obj)
                0x0000000010004918                cbpprintf_external
 .text.is_ptr   0x0000000010004980       0x4a zephyr/libzephyr.a(cbprintf_packaged.c.obj)
                0x0000000010004980                is_ptr
 .text.arch_printk_char_out
                0x00000000100049ca        0x4 zephyr/libzephyr.a(printk.c.obj)
                0x00000000100049ca                arch_printk_char_out
 .text.printk   0x00000000100049ce       0x16 zephyr/libzephyr.a(printk.c.obj)
                0x00000000100049ce                printk
 .text.free_space
                0x00000000100049e4       0x2c zephyr/libzephyr.a(mpsc_pbuf.c.obj)
 .text.get_usage
                0x0000000010004a10       0x22 zephyr/libzephyr.a(mpsc_pbuf.c.obj)
 .text.idx_inc  0x0000000010004a32       0x1c zephyr/libzephyr.a(mpsc_pbuf.c.obj)
 .text.rd_idx_inc
                0x0000000010004a4e       0x18 zephyr/libzephyr.a(mpsc_pbuf.c.obj)
 .text.add_skip_item
                0x0000000010004a66       0x3a zephyr/libzephyr.a(mpsc_pbuf.c.obj)
 .text.drop_item_locked
                0x0000000010004aa0       0xf0 zephyr/libzephyr.a(mpsc_pbuf.c.obj)
 .text.post_drop_action
                0x0000000010004b90       0x38 zephyr/libzephyr.a(mpsc_pbuf.c.obj)
 .text.max_utilization_update
                0x0000000010004bc8       0x1a zephyr/libzephyr.a(mpsc_pbuf.c.obj)
 .text.mpsc_pbuf_init
                0x0000000010004be2       0x42 zephyr/libzephyr.a(mpsc_pbuf.c.obj)
                0x0000000010004be2                mpsc_pbuf_init
 .text.mpsc_pbuf_alloc
                0x0000000010004c24       0xfc zephyr/libzephyr.a(mpsc_pbuf.c.obj)
                0x0000000010004c24                mpsc_pbuf_alloc
 .text.mpsc_pbuf_commit
                0x0000000010004d20       0x38 zephyr/libzephyr.a(mpsc_pbuf.c.obj)
                0x0000000010004d20                mpsc_pbuf_commit
 .text.mpsc_pbuf_claim
                0x0000000010004d58       0xa2 zephyr/libzephyr.a(mpsc_pbuf.c.obj)
                0x0000000010004d58                mpsc_pbuf_claim
 .text.mpsc_pbuf_free
                0x0000000010004dfa       0x72 zephyr/libzephyr.a(mpsc_pbuf.c.obj)
                0x0000000010004dfa                mpsc_pbuf_free
 .text.mpsc_pbuf_is_pending
                0x0000000010004e6c       0x2e zephyr/libzephyr.a(mpsc_pbuf.c.obj)
                0x0000000010004e6c                mpsc_pbuf_is_pending
 .text._ConfigAbsSyms
                0x0000000010004e9a        0x2 zephyr/libzephyr.a(configs.c.obj)
                0x0000000010004e9a                _ConfigAbsSyms
 .text.log_msg_generic_get_wlen
                0x0000000010004e9c       0x22 zephyr/libzephyr.a(log_core.c.obj)
 .text.dummy_timestamp
                0x0000000010004ebe        0x4 zephyr/libzephyr.a(log_core.c.obj)
 .text.atomic_inc
                0x0000000010004ec2        0xa zephyr/libzephyr.a(log_core.c.obj)
 .text.default_lf_get_timestamp
                0x0000000010004ecc       0x10 zephyr/libzephyr.a(log_core.c.obj)
 .text.z_log_vprintk
                0x0000000010004edc       0x1a zephyr/libzephyr.a(log_core.c.obj)
                0x0000000010004edc                z_log_vprintk
 .text.z_log_notify_drop
                0x0000000010004ef6        0xa zephyr/libzephyr.a(log_core.c.obj)
 .text.z_log_get_tag
                0x0000000010004f00        0x4 zephyr/libzephyr.a(log_core.c.obj)
                0x0000000010004f00                z_log_get_tag
 .text.log_backend_enable
                0x0000000010004f04       0x16 zephyr/libzephyr.a(log_mgmt.c.obj)
                0x0000000010004f04                log_backend_enable
 .text.z_cbprintf_cpy
                0x0000000010004f1a       0x2e zephyr/libzephyr.a(log_msg.c.obj)
 .text.z_log_msg_finalize
                0x0000000010004f48       0x32 zephyr/libzephyr.a(log_msg.c.obj)
                0x0000000010004f48                z_log_msg_finalize
 .text.z_impl_z_log_msg_simple_create_0
                0x0000000010004f7a        0xe zephyr/libzephyr.a(log_msg.c.obj)
                0x0000000010004f7a                z_impl_z_log_msg_simple_create_0
 .text.z_impl_z_log_msg_simple_create_1
                0x0000000010004f88       0x10 zephyr/libzephyr.a(log_msg.c.obj)
                0x0000000010004f88                z_impl_z_log_msg_simple_create_1
 .text.log_output_write
                0x0000000010004f98       0x1e zephyr/libzephyr.a(log_output.c.obj)
 .text.log_output_flush
                0x0000000010004fb6       0x18 zephyr/libzephyr.a(log_output.c.obj)
 .text.out_func
                0x0000000010004fce       0x26 zephyr/libzephyr.a(log_output.c.obj)
 .text.cr_out_func
                0x0000000010004ff4       0x1c zephyr/libzephyr.a(log_output.c.obj)
 .text.log_output_msg_process
                0x0000000010005010       0x62 zephyr/libzephyr.a(log_output.c.obj)
                0x0000000010005010                log_output_msg_process
 .text.format_set
                0x0000000010005072        0xc zephyr/libzephyr.a(log_backend_uart.c.obj)
 .text.log_backend_uart_init
                0x000000001000507e        0xc zephyr/libzephyr.a(log_backend_uart.c.obj)
 .text.panic    0x000000001000508a       0x32 zephyr/libzephyr.a(log_backend_uart.c.obj)
 .text.dropped  0x00000000100050bc        0xe zephyr/libzephyr.a(log_backend_uart.c.obj)
 .text.process  0x00000000100050ca       0x1c zephyr/libzephyr.a(log_backend_uart.c.obj)
 .text.z_do_kernel_oops
                0x00000000100050e6        0xc zephyr/arch/arch/arm/core/libarch__arm__core.a(fatal.c.obj)
                0x00000000100050e6                z_do_kernel_oops
 .text.z_arm_nmi
                0x00000000100050f2        0xc zephyr/arch/arch/arm/core/libarch__arm__core.a(nmi.c.obj)
                0x00000000100050f2                z_arm_nmi
 .text.z_irq_spurious
                0x00000000100050fe        0xc zephyr/arch/arch/arm/core/cortex_m/libarch__arm__core__cortex_m.a(irq_manage.c.obj)
                0x00000000100050fe                z_irq_spurious
 .text.z_prep_c
                0x000000001000510a       0x16 zephyr/arch/arch/arm/core/cortex_m/libarch__arm__core__cortex_m.a(prep_c.c.obj)
                0x000000001000510a                z_prep_c
 .text.arch_irq_unlock_outlined
                0x0000000010005120        0xc zephyr/arch/arch/arm/core/cortex_m/libarch__arm__core__cortex_m.a(thread.c.obj)
                0x0000000010005120                arch_irq_unlock_outlined
 .text.arch_cpu_idle
                0x000000001000512c        0xe zephyr/arch/arch/arm/core/cortex_m/libarch__arm__core__cortex_m.a(cpu_idle.c.obj)
                0x000000001000512c                arch_cpu_idle
 .text.__assert_no_args
                0x000000001000513a        0x6 zephyr/lib/libc/picolibc/liblib__libc__picolibc.a(assert.c.obj)
                0x000000001000513a                __assert_no_args
 .text.cbputc   0x0000000010005140        0xc zephyr/lib/libc/picolibc/liblib__libc__picolibc.a(cbprintf.c.obj)
 .text.picolibc_put
                0x000000001000514c        0xa zephyr/lib/libc/picolibc/liblib__libc__picolibc.a(stdio.c.obj)
 .text.rpi_pico_is_clock_enabled.isra.0
                0x0000000010005156       0x5e zephyr/drivers/clock_control/libdrivers__clock_control.a(clock_control_rpi_pico.c.obj)
 .text.clock_control_rpi_pico_get_status
                0x00000000100051b4       0x18 zephyr/drivers/clock_control/libdrivers__clock_control.a(clock_control_rpi_pico.c.obj)
 .text.clock_control_rpi_pico_get_rate
                0x00000000100051cc       0x1e zephyr/drivers/clock_control/libdrivers__clock_control.a(clock_control_rpi_pico.c.obj)
 .text.rpi_pico_clkid_tuple_reorder_by_dependencies
                0x00000000100051ea       0x66 zephyr/drivers/clock_control/libdrivers__clock_control.a(clock_control_rpi_pico.c.obj)
                0x00000000100051ea                rpi_pico_clkid_tuple_reorder_by_dependencies
 .text.gpio_rpi_port_get_raw
                0x0000000010005250        0xc zephyr/drivers/gpio/libdrivers__gpio.a(gpio_rpi_pico.c.obj)
 .text.gpio_rpi_port_set_bits_raw
                0x000000001000525c       0x2c zephyr/drivers/gpio/libdrivers__gpio.a(gpio_rpi_pico.c.obj)
 .text.gpio_rpi_port_clear_bits_raw
                0x0000000010005288       0x2c zephyr/drivers/gpio/libdrivers__gpio.a(gpio_rpi_pico.c.obj)
 .text.gpio_rpi_port_toggle_bits
                0x00000000100052b4       0x18 zephyr/drivers/gpio/libdrivers__gpio.a(gpio_rpi_pico.c.obj)
 .text.gpio_rpi_manage_callback
                0x00000000100052cc       0x58 zephyr/drivers/gpio/libdrivers__gpio.a(gpio_rpi_pico.c.obj)
 .text.gpio_rpi_bank_init
                0x0000000010005324       0x10 zephyr/drivers/gpio/libdrivers__gpio.a(gpio_rpi_pico.c.obj)
 .text.gpio_rpi_pin_interrupt_configure
                0x0000000010005334       0x46 zephyr/drivers/gpio/libdrivers__gpio.a(gpio_rpi_pico.c.obj)
 .text.bank_0_config_func
                0x000000001000537a       0x14 zephyr/drivers/gpio/libdrivers__gpio.a(gpio_rpi_pico.c.obj)
 .text.gpio_rpi_port_set_masked_raw
                0x000000001000538e       0x3c zephyr/drivers/gpio/libdrivers__gpio.a(gpio_rpi_pico.c.obj)
 .text.pinctrl_lookup_state
                0x00000000100053ca       0x26 zephyr/drivers/pinctrl/libdrivers__pinctrl.a(common.c.obj)
                0x00000000100053ca                pinctrl_lookup_state
 .text.pinctrl_configure_pins
                0x00000000100053f0       0x96 zephyr/drivers/pinctrl/libdrivers__pinctrl.a(pinctrl_rpi_pico.c.obj)
                0x00000000100053f0                pinctrl_configure_pins
 .text.reset_rpi_init
                0x0000000010005486        0x4 zephyr/drivers/reset/libdrivers__reset.a(reset_rpi_pico.c.obj)
 .text.reset_rpi_read_register.isra.0
                0x000000001000548a       0x30 zephyr/drivers/reset/libdrivers__reset.a(reset_rpi_pico.c.obj)
 .text.reset_rpi_update
                0x00000000100054ba       0x72 zephyr/drivers/reset/libdrivers__reset.a(reset_rpi_pico.c.obj)
 .text.reset_rpi_line_assert
                0x000000001000552c        0xa zephyr/drivers/reset/libdrivers__reset.a(reset_rpi_pico.c.obj)
 .text.reset_rpi_line_deassert
                0x0000000010005536        0xa zephyr/drivers/reset/libdrivers__reset.a(reset_rpi_pico.c.obj)
 .text.reset_rpi_line_toggle
                0x0000000010005540       0x18 zephyr/drivers/reset/libdrivers__reset.a(reset_rpi_pico.c.obj)
 .text.reset_rpi_status
                0x0000000010005558       0x38 zephyr/drivers/reset/libdrivers__reset.a(reset_rpi_pico.c.obj)
 .text.pl011_poll_in
                0x0000000010005590       0x34 zephyr/drivers/serial/libdrivers__serial.a(uart_pl011.c.obj)
 .text.pl011_poll_out
                0x00000000100055c4       0x10 zephyr/drivers/serial/libdrivers__serial.a(uart_pl011.c.obj)
 .text.pl011_err_check
                0x00000000100055d4       0x2a zephyr/drivers/serial/libdrivers__serial.a(uart_pl011.c.obj)
 .text.pl011_runtime_config_get
                0x00000000100055fe        0xc zephyr/drivers/serial/libdrivers__serial.a(uart_pl011.c.obj)
 .text.pl011_fifo_fill
                0x000000001000560a       0x22 zephyr/drivers/serial/libdrivers__serial.a(uart_pl011.c.obj)
 .text.pl011_fifo_read
                0x000000001000562c       0x22 zephyr/drivers/serial/libdrivers__serial.a(uart_pl011.c.obj)
 .text.pl011_irq_tx_enable
                0x000000001000564e       0x48 zephyr/drivers/serial/libdrivers__serial.a(uart_pl011.c.obj)
 .text.pl011_irq_tx_disable
                0x0000000010005696       0x14 zephyr/drivers/serial/libdrivers__serial.a(uart_pl011.c.obj)
 .text.pl011_irq_tx_complete
                0x00000000100056aa        0xe zephyr/drivers/serial/libdrivers__serial.a(uart_pl011.c.obj)
 .text.pl011_irq_tx_ready
                0x00000000100056b8       0x34 zephyr/drivers/serial/libdrivers__serial.a(uart_pl011.c.obj)
 .text.pl011_irq_rx_enable
                0x00000000100056ec        0xe zephyr/drivers/serial/libdrivers__serial.a(uart_pl011.c.obj)
 .text.pl011_irq_rx_disable
                0x00000000100056fa        0xe zephyr/drivers/serial/libdrivers__serial.a(uart_pl011.c.obj)
 .text.pl011_irq_rx_ready
                0x0000000010005708       0x2c zephyr/drivers/serial/libdrivers__serial.a(uart_pl011.c.obj)
 .text.pl011_irq_err_enable
                0x0000000010005734       0x10 zephyr/drivers/serial/libdrivers__serial.a(uart_pl011.c.obj)
 .text.pl011_irq_is_pending
                0x0000000010005744       0x1c zephyr/drivers/serial/libdrivers__serial.a(uart_pl011.c.obj)
 .text.pl011_irq_update
                0x0000000010005760        0x4 zephyr/drivers/serial/libdrivers__serial.a(uart_pl011.c.obj)
 .text.pl011_irq_callback_set
                0x0000000010005764        0x8 zephyr/drivers/serial/libdrivers__serial.a(uart_pl011.c.obj)
 .text.pl011_isr
                0x000000001000576c       0x22 zephyr/drivers/serial/libdrivers__serial.a(uart_pl011.c.obj)
                0x000000001000576c                pl011_isr
 .text.pwr_on_raspberrypi_pico_uart_0
                0x000000001000578e        0x4 zephyr/drivers/serial/libdrivers__serial.a(uart_pl011.c.obj)
 .text.clk_enable_raspberrypi_pico_uart_0
                0x0000000010005792        0x4 zephyr/drivers/serial/libdrivers__serial.a(uart_pl011.c.obj)
 .text.pl011_irq_config_func_0
                0x0000000010005796       0x14 zephyr/drivers/serial/libdrivers__serial.a(uart_pl011.c.obj)
 .text.pl011_runtime_configure
                0x00000000100057aa        0xa zephyr/drivers/serial/libdrivers__serial.a(uart_pl011.c.obj)
 .text.clock_configure
                0x00000000100057b4       0x46 modules/hal_rpi_pico/libmodules__hal_rpi_pico.a(clocks.c.obj)
                0x00000000100057b4                clock_configure
 .text.gpio_init
                0x00000000100057fa       0x16 modules/hal_rpi_pico/libmodules__hal_rpi_pico.a(gpio.c.obj)
                0x00000000100057fa                gpio_init
 .text.z_device_state_init
                0x0000000010005810        0x2 zephyr/kernel/libkernel.a(device.c.obj)
                0x0000000010005810                z_device_state_init
 .text.z_impl_device_is_ready
                0x0000000010005812       0x1a zephyr/kernel/libkernel.a(device.c.obj)
                0x0000000010005812                z_impl_device_is_ready
 .text.arch_system_halt
                0x000000001000582c        0x8 zephyr/kernel/libkernel.a(fatal.c.obj)
                0x000000001000582c                arch_system_halt
 .text.do_device_init
                0x0000000010005834       0x30 zephyr/kernel/libkernel.a(init.c.obj)
 .text.z_early_memset
                0x0000000010005864        0x8 zephyr/kernel/libkernel.a(init.c.obj)
                0x0000000010005864                z_early_memset
 .text.z_early_memcpy
                0x000000001000586c        0x8 zephyr/kernel/libkernel.a(init.c.obj)
                0x000000001000586c                z_early_memcpy
 .text.z_init_static
                0x0000000010005874        0x2 zephyr/kernel/libkernel.a(init_static.c.obj)
                0x0000000010005874                z_init_static
 .text.idle     0x0000000010005876        0xe zephyr/kernel/libkernel.a(idle.c.obj)
                0x0000000010005876                idle
 .text.z_impl_k_sem_init
                0x0000000010005884       0x1a zephyr/kernel/libkernel.a(sem.c.obj)
                0x0000000010005884                z_impl_k_sem_init
 .text.k_is_in_isr
                0x000000001000589e        0xc zephyr/kernel/libkernel.a(thread.c.obj)
                0x000000001000589e                k_is_in_isr
 .text.z_impl_k_thread_name_set
                0x00000000100058aa        0x6 zephyr/kernel/libkernel.a(thread.c.obj)
                0x00000000100058aa                z_impl_k_thread_name_set
 .text.k_thread_name_get
                0x00000000100058b0        0x4 zephyr/kernel/libkernel.a(thread.c.obj)
                0x00000000100058b0                k_thread_name_get
 .text.sys_dlist_remove
                0x00000000100058b4       0x10 zephyr/kernel/libkernel.a(sched.c.obj)
 .text.unpend_thread_no_timeout
                0x00000000100058c4       0x16 zephyr/kernel/libkernel.a(sched.c.obj)
 .text.add_to_waitq_locked
                0x00000000100058da       0x52 zephyr/kernel/libkernel.a(sched.c.obj)
 .text.z_ready_thread
                0x000000001000592c       0x18 zephyr/kernel/libkernel.a(sched.c.obj)
                0x000000001000592c                z_ready_thread
 .text.z_unpend_thread_no_timeout
                0x0000000010005944       0x1e zephyr/kernel/libkernel.a(sched.c.obj)
                0x0000000010005944                z_unpend_thread_no_timeout
 .text.z_sched_wake_thread
                0x0000000010005962       0x36 zephyr/kernel/libkernel.a(sched.c.obj)
                0x0000000010005962                z_sched_wake_thread
 .text.z_thread_timeout
                0x0000000010005998        0xc zephyr/kernel/libkernel.a(sched.c.obj)
                0x0000000010005998                z_thread_timeout
 .text.z_unpend1_no_timeout
                0x00000000100059a4       0x2a zephyr/kernel/libkernel.a(sched.c.obj)
                0x00000000100059a4                z_unpend1_no_timeout
 .text.z_abort_timeout
                0x00000000100059ce       0x42 zephyr/kernel/libkernel.a(timeout.c.obj)
                0x00000000100059ce                z_abort_timeout
 .text.sys_clock_tick_get_32
                0x0000000010005a10        0x8 zephyr/kernel/libkernel.a(timeout.c.obj)
                0x0000000010005a10                sys_clock_tick_get_32
 .text.z_impl_k_uptime_ticks
                0x0000000010005a18        0x8 zephyr/kernel/libkernel.a(timeout.c.obj)
                0x0000000010005a18                z_impl_k_uptime_ticks
 .text.k_timer_init
                0x0000000010005a20       0x18 zephyr/kernel/libkernel.a(timer.c.obj)
                0x0000000010005a20                k_timer_init
 .text.z_impl_k_timer_stop
                0x0000000010005a38       0x32 zephyr/kernel/libkernel.a(timer.c.obj)
                0x0000000010005a38                z_impl_k_timer_stop
 .text.z_impl_atomic_add
                0x0000000010005a6a       0x1a zephyr/kernel/libkernel.a(atomic_c.c.obj)
                0x0000000010005a6a                z_impl_atomic_add
 .text.z_impl_atomic_sub
                0x0000000010005a84       0x1a zephyr/kernel/libkernel.a(atomic_c.c.obj)
                0x0000000010005a84                z_impl_atomic_sub
 .text.z_impl_atomic_set
                0x0000000010005a9e       0x18 zephyr/kernel/libkernel.a(atomic_c.c.obj)
                0x0000000010005a9e                z_impl_atomic_set
 .text.memcpy   0x0000000010005ab6       0x12 /home/issam/zephyr-sdk-0.17.0/arm-zephyr-eabi/bin/../lib/gcc/../../picolibc/arm-zephyr-eabi/lib/thumb/v6-m/nofp/libc.a(memcpy.c.o)
                0x0000000010005ab6                memcpy
                0x0000000010005ab6                __aeabi_memcpy
                0x0000000010005ab6                __aeabi_memcpy4
                0x0000000010005ab6                __aeabi_memcpy8
 .text.memset   0x0000000010005ac8       0x10 /home/issam/zephyr-sdk-0.17.0/arm-zephyr-eabi/bin/../lib/gcc/../../picolibc/arm-zephyr-eabi/lib/thumb/v6-m/nofp/libc.a(memset.c.o)
                0x0000000010005ac8                memset
 .text.strnlen  0x0000000010005ad8       0x16 /home/issam/zephyr-sdk-0.17.0/arm-zephyr-eabi/bin/../lib/gcc/../../picolibc/arm-zephyr-eabi/lib/thumb/v6-m/nofp/libc.a(libc_string_strnlen.c.o)
                0x0000000010005ad8                strnlen
 .text.__ultoa_invert
                0x0000000010005aee      0x10e /home/issam/zephyr-sdk-0.17.0/arm-zephyr-eabi/bin/../lib/gcc/../../picolibc/arm-zephyr-eabi/lib/thumb/v6-m/nofp/libc.a(libc_tinystdio_vflprintf.c.o)
 .text.__file_str_put
                0x0000000010005bfc       0x10 /home/issam/zephyr-sdk-0.17.0/arm-zephyr-eabi/bin/../lib/gcc/../../picolibc/arm-zephyr-eabi/lib/thumb/v6-m/nofp/libc.a(libc_tinystdio_filestrput.c.o)
                0x0000000010005bfc                __file_str_put
 *(SORT_BY_ALIGNMENT(.TEXT.*))
 .TEXT.__aeabi_read_tp
                0x0000000010005c0c        0xc zephyr/arch/arch/arm/core/cortex_m/libarch__arm__core__cortex_m.a(__aeabi_read_tp.S.obj)
                0x0000000010005c0c                __aeabi_read_tp
 *(SORT_BY_ALIGNMENT(.gnu.linkonce.t.*))
 *(SORT_BY_ALIGNMENT(.glue_7t))
 .glue_7t       0x0000000010005c18        0x0 linker stubs
 *(SORT_BY_ALIGNMENT(.glue_7))
 .glue_7        0x0000000010005c18        0x0 linker stubs
 *(SORT_BY_ALIGNMENT(.vfp11_veneer))
 .vfp11_veneer  0x0000000010005c18        0x0 linker stubs
 *(SORT_BY_ALIGNMENT(.v4_bx))
 .v4_bx         0x0000000010005c18        0x0 linker stubs
                0x0000000010005c18                . = ALIGN (0x4)
                0x0000000010005c18                __text_region_end = .

.ARM.exidx      0x0000000010005c18        0x8
                0x0000000010005c18                __exidx_start = .
 *(SORT_BY_ALIGNMENT(.ARM.exidx*) SORT_BY_ALIGNMENT(gnu.linkonce.armexidx.*))
 .ARM.exidx     0x0000000010005c18        0x8 /home/issam/zephyr-sdk-0.17.0/arm-zephyr-eabi/bin/../lib/gcc/arm-zephyr-eabi/12.2.0/thumb/v6-m/nofp/libgcc.a(_udivmoddi4.o)
                0x0000000010005c20                __exidx_end = .
                0x0000000010005c20                __rodata_region_start = .

initlevel       0x0000000010005c20       0x40
                0x0000000010005c20                __init_start = .
                0x0000000010005c20                __init_EARLY_start = .
 *(SORT_BY_NAME(SORT_BY_ALIGNMENT(.z_init_EARLY_P_?_*)))
 *(SORT_BY_NAME(SORT_BY_ALIGNMENT(.z_init_EARLY_P_??_*)))
 *(SORT_BY_NAME(SORT_BY_ALIGNMENT(.z_init_EARLY_P_???_*)))
                0x0000000010005c20                __init_PRE_KERNEL_1_start = .
 *(SORT_BY_NAME(SORT_BY_ALIGNMENT(.z_init_PRE_KERNEL_1_P_?_*)))
 *(SORT_BY_NAME(SORT_BY_ALIGNMENT(.z_init_PRE_KERNEL_1_P_??_*)))
 .z_init_PRE_KERNEL_1_P_30_SUB_00025_
                0x0000000010005c20        0x8 zephyr/drivers/clock_control/libdrivers__clock_control.a(clock_control_rpi_pico.c.obj)
 .z_init_PRE_KERNEL_1_P_35_SUB_00027_
                0x0000000010005c28        0x8 zephyr/drivers/reset/libdrivers__reset.a(reset_rpi_pico.c.obj)
 .z_init_PRE_KERNEL_1_P_50_SUB_00066_
                0x0000000010005c30        0x8 zephyr/drivers/serial/libdrivers__serial.a(uart_pl011.c.obj)
 .z_init_PRE_KERNEL_1_P_60_SUB_0_
                0x0000000010005c38        0x8 zephyr/drivers/console/libdrivers__console.a(uart_console.c.obj)
 *(SORT_BY_NAME(SORT_BY_ALIGNMENT(.z_init_PRE_KERNEL_1_P_???_*)))
                0x0000000010005c40                __init_PRE_KERNEL_2_start = .
 *(SORT_BY_NAME(SORT_BY_ALIGNMENT(.z_init_PRE_KERNEL_2_P_?_*)))
 .z_init_PRE_KERNEL_2_P_0_SUB_0_
                0x0000000010005c40        0x8 zephyr/drivers/timer/libdrivers__timer.a(cortex_m_systick.c.obj)
 *(SORT_BY_NAME(SORT_BY_ALIGNMENT(.z_init_PRE_KERNEL_2_P_??_*)))
 *(SORT_BY_NAME(SORT_BY_ALIGNMENT(.z_init_PRE_KERNEL_2_P_???_*)))
                0x0000000010005c48                __init_POST_KERNEL_start = .
 *(SORT_BY_NAME(SORT_BY_ALIGNMENT(.z_init_POST_KERNEL_P_?_*)))
 .z_init_POST_KERNEL_P_0_SUB_0_
                0x0000000010005c48        0x8 zephyr/libzephyr.a(log_core.c.obj)
 *(SORT_BY_NAME(SORT_BY_ALIGNMENT(.z_init_POST_KERNEL_P_??_*)))
 .z_init_POST_KERNEL_P_35_SUB_0_
                0x0000000010005c50        0x8 zephyr/lib/libc/common/liblib__libc__common.a(malloc.c.obj)
 .z_init_POST_KERNEL_P_40_SUB_00036_
                0x0000000010005c58        0x8 zephyr/drivers/gpio/libdrivers__gpio.a(gpio_rpi_pico.c.obj)
 *(SORT_BY_NAME(SORT_BY_ALIGNMENT(.z_init_POST_KERNEL_P_???_*)))
                0x0000000010005c60                __init_APPLICATION_start = .
 *(SORT_BY_NAME(SORT_BY_ALIGNMENT(.z_init_APPLICATION_P_?_*)))
 *(SORT_BY_NAME(SORT_BY_ALIGNMENT(.z_init_APPLICATION_P_??_*)))
 *(SORT_BY_NAME(SORT_BY_ALIGNMENT(.z_init_APPLICATION_P_???_*)))
                0x0000000010005c60                __init_SMP_start = .
 *(SORT_BY_NAME(SORT_BY_ALIGNMENT(.z_init_SMP_P_?_*)))
 *(SORT_BY_NAME(SORT_BY_ALIGNMENT(.z_init_SMP_P_??_*)))
 *(SORT_BY_NAME(SORT_BY_ALIGNMENT(.z_init_SMP_P_???_*)))
                0x0000000010005c60                __init_end = .

device_area     0x0000000010005c60       0x80
                0x0000000010005c60                _device_list_start = .
 *(SORT_BY_NAME(SORT_BY_ALIGNMENT(._device.static.*_?_*)))
 *(SORT_BY_NAME(SORT_BY_ALIGNMENT(._device.static.*_??_*)))
 ._device.static.1_30_
                0x0000000010005c60       0x20 zephyr/drivers/clock_control/libdrivers__clock_control.a(clock_control_rpi_pico.c.obj)
                0x0000000010005c60                __device_dts_ord_25
 ._device.static.1_35_
                0x0000000010005c80       0x20 zephyr/drivers/reset/libdrivers__reset.a(reset_rpi_pico.c.obj)
                0x0000000010005c80                __device_dts_ord_27
 ._device.static.1_50_
                0x0000000010005ca0       0x20 zephyr/drivers/serial/libdrivers__serial.a(uart_pl011.c.obj)
                0x0000000010005ca0                __device_dts_ord_66
 ._device.static.3_40_
                0x0000000010005cc0       0x20 zephyr/drivers/gpio/libdrivers__gpio.a(gpio_rpi_pico.c.obj)
                0x0000000010005cc0                __device_dts_ord_36
 *(SORT_BY_NAME(SORT_BY_ALIGNMENT(._device.static.*_???_*)))
 *(SORT_BY_NAME(SORT_BY_ALIGNMENT(._device.static.*_????_*)))
 *(SORT_BY_NAME(SORT_BY_ALIGNMENT(._device.static.*_?????_*)))
                0x0000000010005ce0                _device_list_end = .

sw_isr_table    0x0000000010005ce0       0xd0
                0x0000000010005ce0                . = ALIGN (0x4)
 *(SORT_BY_ALIGNMENT(.gnu.linkonce.sw_isr_table*))
 .gnu.linkonce.sw_isr_table
                0x0000000010005ce0       0xd0 zephyr/arch/common/libisr_tables.a(isr_tables.c.obj)
                0x0000000010005ce0                _sw_isr_table

initlevel_error
                0x0000000010005c20        0x0
 *(SORT_BY_NAME(SORT_BY_ALIGNMENT(.z_init_*)))
                0x0000000000000001                ASSERT ((SIZEOF (initlevel_error) == 0x0), Undefined initialization levels used.)

app_shmem_regions
                0x0000000010005db0        0x0
                0x0000000010005db0                __app_shmem_regions_start = .
 *(SORT_BY_NAME(SORT_BY_ALIGNMENT(.app_regions.*)))
                0x0000000010005db0                __app_shmem_regions_end = .

k_p4wq_initparam_area
                0x0000000010005db0        0x0
                0x0000000010005db0                _k_p4wq_initparam_list_start = .
 *(SORT_BY_NAME(SORT_BY_ALIGNMENT(._k_p4wq_initparam.static.*)))
                0x0000000010005db0                _k_p4wq_initparam_list_end = .

_static_thread_data_area
                0x0000000010005db0        0x0
                0x0000000010005db0                __static_thread_data_list_start = .
 *(SORT_BY_NAME(SORT_BY_ALIGNMENT(.__static_thread_data.static.*)))
                0x0000000010005db0                __static_thread_data_list_end = .

device_deps     0x0000000010005db0        0x0
                0x0000000010005db0                __device_deps_start = .
 *(SORT_BY_NAME(SORT_BY_ALIGNMENT(.__device_deps_pass2*)))
                0x0000000010005db0                __device_deps_end = .

gpio_driver_api_area
                0x0000000010005db0       0x24
                0x0000000010005db0                _gpio_driver_api_list_start = .
 *(SORT_BY_NAME(SORT_BY_ALIGNMENT(._gpio_driver_api.static.*)))
 ._gpio_driver_api.static.gpio_rpi_driver_api_
                0x0000000010005db0       0x24 zephyr/drivers/gpio/libdrivers__gpio.a(gpio_rpi_pico.c.obj)
                0x0000000010005dd4                _gpio_driver_api_list_end = .

reset_driver_api_area
                0x0000000010005dd4       0x10
                0x0000000010005dd4                _reset_driver_api_list_start = .
 *(SORT_BY_NAME(SORT_BY_ALIGNMENT(._reset_driver_api.static.*)))
 ._reset_driver_api.static.reset_rpi_driver_api_
                0x0000000010005dd4       0x10 zephyr/drivers/reset/libdrivers__reset.a(reset_rpi_pico.c.obj)
                0x0000000010005de4                _reset_driver_api_list_end = .

shared_irq_driver_api_area
                0x0000000010005de4        0x0
                0x0000000010005de4                _shared_irq_driver_api_list_start = .
 *(SORT_BY_NAME(SORT_BY_ALIGNMENT(._shared_irq_driver_api.static.*)))
                0x0000000010005de4                _shared_irq_driver_api_list_end = .

crypto_driver_api_area
                0x0000000010005de4        0x0
                0x0000000010005de4                _crypto_driver_api_list_start = .
 *(SORT_BY_NAME(SORT_BY_ALIGNMENT(._crypto_driver_api.static.*)))
                0x0000000010005de4                _crypto_driver_api_list_end = .

adc_driver_api_area
                0x0000000010005de4        0x0
                0x0000000010005de4                _adc_driver_api_list_start = .
 *(SORT_BY_NAME(SORT_BY_ALIGNMENT(._adc_driver_api.static.*)))
                0x0000000010005de4                _adc_driver_api_list_end = .

auxdisplay_driver_api_area
                0x0000000010005de4        0x0
                0x0000000010005de4                _auxdisplay_driver_api_list_start = .
 *(SORT_BY_NAME(SORT_BY_ALIGNMENT(._auxdisplay_driver_api.static.*)))
                0x0000000010005de4                _auxdisplay_driver_api_list_end = .

bbram_driver_api_area
                0x0000000010005de4        0x0
                0x0000000010005de4                _bbram_driver_api_list_start = .
 *(SORT_BY_NAME(SORT_BY_ALIGNMENT(._bbram_driver_api.static.*)))
                0x0000000010005de4                _bbram_driver_api_list_end = .

bt_hci_driver_api_area
                0x0000000010005de4        0x0
                0x0000000010005de4                _bt_hci_driver_api_list_start = .
 *(SORT_BY_NAME(SORT_BY_ALIGNMENT(._bt_hci_driver_api.static.*)))
                0x0000000010005de4                _bt_hci_driver_api_list_end = .

can_driver_api_area
                0x0000000010005de4        0x0
                0x0000000010005de4                _can_driver_api_list_start = .
 *(SORT_BY_NAME(SORT_BY_ALIGNMENT(._can_driver_api.static.*)))
                0x0000000010005de4                _can_driver_api_list_end = .

cellular_driver_api_area
                0x0000000010005de4        0x0
                0x0000000010005de4                _cellular_driver_api_list_start = .
 *(SORT_BY_NAME(SORT_BY_ALIGNMENT(._cellular_driver_api.static.*)))
                0x0000000010005de4                _cellular_driver_api_list_end = .

charger_driver_api_area
                0x0000000010005de4        0x0
                0x0000000010005de4                _charger_driver_api_list_start = .
 *(SORT_BY_NAME(SORT_BY_ALIGNMENT(._charger_driver_api.static.*)))
                0x0000000010005de4                _charger_driver_api_list_end = .

clock_control_driver_api_area
                0x0000000010005de4       0x1c
                0x0000000010005de4                _clock_control_driver_api_list_start = .
 *(SORT_BY_NAME(SORT_BY_ALIGNMENT(._clock_control_driver_api.static.*)))
 ._clock_control_driver_api.static.clock_control_rpi_pico_api_
                0x0000000010005de4       0x1c zephyr/drivers/clock_control/libdrivers__clock_control.a(clock_control_rpi_pico.c.obj)
                0x0000000010005e00                _clock_control_driver_api_list_end = .

comparator_driver_api_area
                0x0000000010005e00        0x0
                0x0000000010005e00                _comparator_driver_api_list_start = .
 *(SORT_BY_NAME(SORT_BY_ALIGNMENT(._comparator_driver_api.static.*)))
                0x0000000010005e00                _comparator_driver_api_list_end = .

coredump_driver_api_area
                0x0000000010005e00        0x0
                0x0000000010005e00                _coredump_driver_api_list_start = .
 *(SORT_BY_NAME(SORT_BY_ALIGNMENT(._coredump_driver_api.static.*)))
                0x0000000010005e00                _coredump_driver_api_list_end = .

counter_driver_api_area
                0x0000000010005e00        0x0
                0x0000000010005e00                _counter_driver_api_list_start = .
 *(SORT_BY_NAME(SORT_BY_ALIGNMENT(._counter_driver_api.static.*)))
                0x0000000010005e00                _counter_driver_api_list_end = .

dac_driver_api_area
                0x0000000010005e00        0x0
                0x0000000010005e00                _dac_driver_api_list_start = .
 *(SORT_BY_NAME(SORT_BY_ALIGNMENT(._dac_driver_api.static.*)))
                0x0000000010005e00                _dac_driver_api_list_end = .

dai_driver_api_area
                0x0000000010005e00        0x0
                0x0000000010005e00                _dai_driver_api_list_start = .
 *(SORT_BY_NAME(SORT_BY_ALIGNMENT(._dai_driver_api.static.*)))
                0x0000000010005e00                _dai_driver_api_list_end = .

display_driver_api_area
                0x0000000010005e00        0x0
                0x0000000010005e00                _display_driver_api_list_start = .
 *(SORT_BY_NAME(SORT_BY_ALIGNMENT(._display_driver_api.static.*)))
                0x0000000010005e00                _display_driver_api_list_end = .

dma_driver_api_area
                0x0000000010005e00        0x0
                0x0000000010005e00                _dma_driver_api_list_start = .
 *(SORT_BY_NAME(SORT_BY_ALIGNMENT(._dma_driver_api.static.*)))
                0x0000000010005e00                _dma_driver_api_list_end = .

edac_driver_api_area
                0x0000000010005e00        0x0
                0x0000000010005e00                _edac_driver_api_list_start = .
 *(SORT_BY_NAME(SORT_BY_ALIGNMENT(._edac_driver_api.static.*)))
                0x0000000010005e00                _edac_driver_api_list_end = .

eeprom_driver_api_area
                0x0000000010005e00        0x0
                0x0000000010005e00                _eeprom_driver_api_list_start = .
 *(SORT_BY_NAME(SORT_BY_ALIGNMENT(._eeprom_driver_api.static.*)))
                0x0000000010005e00                _eeprom_driver_api_list_end = .

emul_bbram_driver_api_area
                0x0000000010005e00        0x0
                0x0000000010005e00                _emul_bbram_driver_api_list_start = .
 *(SORT_BY_NAME(SORT_BY_ALIGNMENT(._emul_bbram_driver_api.static.*)))
                0x0000000010005e00                _emul_bbram_driver_api_list_end = .

fuel_gauge_emul_driver_api_area
                0x0000000010005e00        0x0
                0x0000000010005e00                _fuel_gauge_emul_driver_api_list_start = .
 *(SORT_BY_NAME(SORT_BY_ALIGNMENT(._fuel_gauge_emul_driver_api.static.*)))
                0x0000000010005e00                _fuel_gauge_emul_driver_api_list_end = .

emul_sensor_driver_api_area
                0x0000000010005e00        0x0
                0x0000000010005e00                _emul_sensor_driver_api_list_start = .
 *(SORT_BY_NAME(SORT_BY_ALIGNMENT(._emul_sensor_driver_api.static.*)))
                0x0000000010005e00                _emul_sensor_driver_api_list_end = .

entropy_driver_api_area
                0x0000000010005e00        0x0
                0x0000000010005e00                _entropy_driver_api_list_start = .
 *(SORT_BY_NAME(SORT_BY_ALIGNMENT(._entropy_driver_api.static.*)))
                0x0000000010005e00                _entropy_driver_api_list_end = .

espi_driver_api_area
                0x0000000010005e00        0x0
                0x0000000010005e00                _espi_driver_api_list_start = .
 *(SORT_BY_NAME(SORT_BY_ALIGNMENT(._espi_driver_api.static.*)))
                0x0000000010005e00                _espi_driver_api_list_end = .

espi_saf_driver_api_area
                0x0000000010005e00        0x0
                0x0000000010005e00                _espi_saf_driver_api_list_start = .
 *(SORT_BY_NAME(SORT_BY_ALIGNMENT(._espi_saf_driver_api.static.*)))
                0x0000000010005e00                _espi_saf_driver_api_list_end = .

flash_driver_api_area
                0x0000000010005e00        0x0
                0x0000000010005e00                _flash_driver_api_list_start = .
 *(SORT_BY_NAME(SORT_BY_ALIGNMENT(._flash_driver_api.static.*)))
                0x0000000010005e00                _flash_driver_api_list_end = .

fpga_driver_api_area
                0x0000000010005e00        0x0
                0x0000000010005e00                _fpga_driver_api_list_start = .
 *(SORT_BY_NAME(SORT_BY_ALIGNMENT(._fpga_driver_api.static.*)))
                0x0000000010005e00                _fpga_driver_api_list_end = .

fuel_gauge_driver_api_area
                0x0000000010005e00        0x0
                0x0000000010005e00                _fuel_gauge_driver_api_list_start = .
 *(SORT_BY_NAME(SORT_BY_ALIGNMENT(._fuel_gauge_driver_api.static.*)))
                0x0000000010005e00                _fuel_gauge_driver_api_list_end = .

gnss_driver_api_area
                0x0000000010005e00        0x0
                0x0000000010005e00                _gnss_driver_api_list_start = .
 *(SORT_BY_NAME(SORT_BY_ALIGNMENT(._gnss_driver_api.static.*)))
                0x0000000010005e00                _gnss_driver_api_list_end = .

haptics_driver_api_area
                0x0000000010005e00        0x0
                0x0000000010005e00                _haptics_driver_api_list_start = .
 *(SORT_BY_NAME(SORT_BY_ALIGNMENT(._haptics_driver_api.static.*)))
                0x0000000010005e00                _haptics_driver_api_list_end = .

hwspinlock_driver_api_area
                0x0000000010005e00        0x0
                0x0000000010005e00                _hwspinlock_driver_api_list_start = .
 *(SORT_BY_NAME(SORT_BY_ALIGNMENT(._hwspinlock_driver_api.static.*)))
                0x0000000010005e00                _hwspinlock_driver_api_list_end = .

i2c_driver_api_area
                0x0000000010005e00        0x0
                0x0000000010005e00                _i2c_driver_api_list_start = .
 *(SORT_BY_NAME(SORT_BY_ALIGNMENT(._i2c_driver_api.static.*)))
                0x0000000010005e00                _i2c_driver_api_list_end = .

i2c_target_driver_api_area
                0x0000000010005e00        0x0
                0x0000000010005e00                _i2c_target_driver_api_list_start = .
 *(SORT_BY_NAME(SORT_BY_ALIGNMENT(._i2c_target_driver_api.static.*)))
                0x0000000010005e00                _i2c_target_driver_api_list_end = .

i2s_driver_api_area
                0x0000000010005e00        0x0
                0x0000000010005e00                _i2s_driver_api_list_start = .
 *(SORT_BY_NAME(SORT_BY_ALIGNMENT(._i2s_driver_api.static.*)))
                0x0000000010005e00                _i2s_driver_api_list_end = .

i3c_driver_api_area
                0x0000000010005e00        0x0
                0x0000000010005e00                _i3c_driver_api_list_start = .
 *(SORT_BY_NAME(SORT_BY_ALIGNMENT(._i3c_driver_api.static.*)))
                0x0000000010005e00                _i3c_driver_api_list_end = .

ipm_driver_api_area
                0x0000000010005e00        0x0
                0x0000000010005e00                _ipm_driver_api_list_start = .
 *(SORT_BY_NAME(SORT_BY_ALIGNMENT(._ipm_driver_api.static.*)))
                0x0000000010005e00                _ipm_driver_api_list_end = .

led_driver_api_area
                0x0000000010005e00        0x0
                0x0000000010005e00                _led_driver_api_list_start = .
 *(SORT_BY_NAME(SORT_BY_ALIGNMENT(._led_driver_api.static.*)))
                0x0000000010005e00                _led_driver_api_list_end = .

led_strip_driver_api_area
                0x0000000010005e00        0x0
                0x0000000010005e00                _led_strip_driver_api_list_start = .
 *(SORT_BY_NAME(SORT_BY_ALIGNMENT(._led_strip_driver_api.static.*)))
                0x0000000010005e00                _led_strip_driver_api_list_end = .

lora_driver_api_area
                0x0000000010005e00        0x0
                0x0000000010005e00                _lora_driver_api_list_start = .
 *(SORT_BY_NAME(SORT_BY_ALIGNMENT(._lora_driver_api.static.*)))
                0x0000000010005e00                _lora_driver_api_list_end = .

mbox_driver_api_area
                0x0000000010005e00        0x0
                0x0000000010005e00                _mbox_driver_api_list_start = .
 *(SORT_BY_NAME(SORT_BY_ALIGNMENT(._mbox_driver_api.static.*)))
                0x0000000010005e00                _mbox_driver_api_list_end = .

mdio_driver_api_area
                0x0000000010005e00        0x0
                0x0000000010005e00                _mdio_driver_api_list_start = .
 *(SORT_BY_NAME(SORT_BY_ALIGNMENT(._mdio_driver_api.static.*)))
                0x0000000010005e00                _mdio_driver_api_list_end = .

mipi_dbi_driver_api_area
                0x0000000010005e00        0x0
                0x0000000010005e00                _mipi_dbi_driver_api_list_start = .
 *(SORT_BY_NAME(SORT_BY_ALIGNMENT(._mipi_dbi_driver_api.static.*)))
                0x0000000010005e00                _mipi_dbi_driver_api_list_end = .

mipi_dsi_driver_api_area
                0x0000000010005e00        0x0
                0x0000000010005e00                _mipi_dsi_driver_api_list_start = .
 *(SORT_BY_NAME(SORT_BY_ALIGNMENT(._mipi_dsi_driver_api.static.*)))
                0x0000000010005e00                _mipi_dsi_driver_api_list_end = .

mspi_driver_api_area
                0x0000000010005e00        0x0
                0x0000000010005e00                _mspi_driver_api_list_start = .
 *(SORT_BY_NAME(SORT_BY_ALIGNMENT(._mspi_driver_api.static.*)))
                0x0000000010005e00                _mspi_driver_api_list_end = .

peci_driver_api_area
                0x0000000010005e00        0x0
                0x0000000010005e00                _peci_driver_api_list_start = .
 *(SORT_BY_NAME(SORT_BY_ALIGNMENT(._peci_driver_api.static.*)))
                0x0000000010005e00                _peci_driver_api_list_end = .

ps2_driver_api_area
                0x0000000010005e00        0x0
                0x0000000010005e00                _ps2_driver_api_list_start = .
 *(SORT_BY_NAME(SORT_BY_ALIGNMENT(._ps2_driver_api.static.*)))
                0x0000000010005e00                _ps2_driver_api_list_end = .

ptp_clock_driver_api_area
                0x0000000010005e00        0x0
                0x0000000010005e00                _ptp_clock_driver_api_list_start = .
 *(SORT_BY_NAME(SORT_BY_ALIGNMENT(._ptp_clock_driver_api.static.*)))
                0x0000000010005e00                _ptp_clock_driver_api_list_end = .

pwm_driver_api_area
                0x0000000010005e00        0x0
                0x0000000010005e00                _pwm_driver_api_list_start = .
 *(SORT_BY_NAME(SORT_BY_ALIGNMENT(._pwm_driver_api.static.*)))
                0x0000000010005e00                _pwm_driver_api_list_end = .

regulator_parent_driver_api_area
                0x0000000010005e00        0x0
                0x0000000010005e00                _regulator_parent_driver_api_list_start = .
 *(SORT_BY_NAME(SORT_BY_ALIGNMENT(._regulator_parent_driver_api.static.*)))
                0x0000000010005e00                _regulator_parent_driver_api_list_end = .

regulator_driver_api_area
                0x0000000010005e00        0x0
                0x0000000010005e00                _regulator_driver_api_list_start = .
 *(SORT_BY_NAME(SORT_BY_ALIGNMENT(._regulator_driver_api.static.*)))
                0x0000000010005e00                _regulator_driver_api_list_end = .

retained_mem_driver_api_area
                0x0000000010005e00        0x0
                0x0000000010005e00                _retained_mem_driver_api_list_start = .
 *(SORT_BY_NAME(SORT_BY_ALIGNMENT(._retained_mem_driver_api.static.*)))
                0x0000000010005e00                _retained_mem_driver_api_list_end = .

rtc_driver_api_area
                0x0000000010005e00        0x0
                0x0000000010005e00                _rtc_driver_api_list_start = .
 *(SORT_BY_NAME(SORT_BY_ALIGNMENT(._rtc_driver_api.static.*)))
                0x0000000010005e00                _rtc_driver_api_list_end = .

sdhc_driver_api_area
                0x0000000010005e00        0x0
                0x0000000010005e00                _sdhc_driver_api_list_start = .
 *(SORT_BY_NAME(SORT_BY_ALIGNMENT(._sdhc_driver_api.static.*)))
                0x0000000010005e00                _sdhc_driver_api_list_end = .

sensor_driver_api_area
                0x0000000010005e00        0x0
                0x0000000010005e00                _sensor_driver_api_list_start = .
 *(SORT_BY_NAME(SORT_BY_ALIGNMENT(._sensor_driver_api.static.*)))
                0x0000000010005e00                _sensor_driver_api_list_end = .

smbus_driver_api_area
                0x0000000010005e00        0x0
                0x0000000010005e00                _smbus_driver_api_list_start = .
 *(SORT_BY_NAME(SORT_BY_ALIGNMENT(._smbus_driver_api.static.*)))
                0x0000000010005e00                _smbus_driver_api_list_end = .

spi_driver_api_area
                0x0000000010005e00        0x0
                0x0000000010005e00                _spi_driver_api_list_start = .
 *(SORT_BY_NAME(SORT_BY_ALIGNMENT(._spi_driver_api.static.*)))
                0x0000000010005e00                _spi_driver_api_list_end = .

stepper_driver_api_area
                0x0000000010005e00        0x0
                0x0000000010005e00                _stepper_driver_api_list_start = .
 *(SORT_BY_NAME(SORT_BY_ALIGNMENT(._stepper_driver_api.static.*)))
                0x0000000010005e00                _stepper_driver_api_list_end = .

syscon_driver_api_area
                0x0000000010005e00        0x0
                0x0000000010005e00                _syscon_driver_api_list_start = .
 *(SORT_BY_NAME(SORT_BY_ALIGNMENT(._syscon_driver_api.static.*)))
                0x0000000010005e00                _syscon_driver_api_list_end = .

tee_driver_api_area
                0x0000000010005e00        0x0
                0x0000000010005e00                _tee_driver_api_list_start = .
 *(SORT_BY_NAME(SORT_BY_ALIGNMENT(._tee_driver_api.static.*)))
                0x0000000010005e00                _tee_driver_api_list_end = .

video_driver_api_area
                0x0000000010005e00        0x0
                0x0000000010005e00                _video_driver_api_list_start = .
 *(SORT_BY_NAME(SORT_BY_ALIGNMENT(._video_driver_api.static.*)))
                0x0000000010005e00                _video_driver_api_list_end = .

w1_driver_api_area
                0x0000000010005e00        0x0
                0x0000000010005e00                _w1_driver_api_list_start = .
 *(SORT_BY_NAME(SORT_BY_ALIGNMENT(._w1_driver_api.static.*)))
                0x0000000010005e00                _w1_driver_api_list_end = .

wdt_driver_api_area
                0x0000000010005e00        0x0
                0x0000000010005e00                _wdt_driver_api_list_start = .
 *(SORT_BY_NAME(SORT_BY_ALIGNMENT(._wdt_driver_api.static.*)))
                0x0000000010005e00                _wdt_driver_api_list_end = .

can_transceiver_driver_api_area
                0x0000000010005e00        0x0
                0x0000000010005e00                _can_transceiver_driver_api_list_start = .
 *(SORT_BY_NAME(SORT_BY_ALIGNMENT(._can_transceiver_driver_api.static.*)))
                0x0000000010005e00                _can_transceiver_driver_api_list_end = .

nrf_clock_control_driver_api_area
                0x0000000010005e00        0x0
                0x0000000010005e00                _nrf_clock_control_driver_api_list_start = .
 *(SORT_BY_NAME(SORT_BY_ALIGNMENT(._nrf_clock_control_driver_api.static.*)))
                0x0000000010005e00                _nrf_clock_control_driver_api_list_end = .

i3c_target_driver_api_area
                0x0000000010005e00        0x0
                0x0000000010005e00                _i3c_target_driver_api_list_start = .
 *(SORT_BY_NAME(SORT_BY_ALIGNMENT(._i3c_target_driver_api.static.*)))
                0x0000000010005e00                _i3c_target_driver_api_list_end = .

its_driver_api_area
                0x0000000010005e00        0x0
                0x0000000010005e00                _its_driver_api_list_start = .
 *(SORT_BY_NAME(SORT_BY_ALIGNMENT(._its_driver_api.static.*)))
                0x0000000010005e00                _its_driver_api_list_end = .

vtd_driver_api_area
                0x0000000010005e00        0x0
                0x0000000010005e00                _vtd_driver_api_list_start = .
 *(SORT_BY_NAME(SORT_BY_ALIGNMENT(._vtd_driver_api.static.*)))
                0x0000000010005e00                _vtd_driver_api_list_end = .

tgpio_driver_api_area
                0x0000000010005e00        0x0
                0x0000000010005e00                _tgpio_driver_api_list_start = .
 *(SORT_BY_NAME(SORT_BY_ALIGNMENT(._tgpio_driver_api.static.*)))
                0x0000000010005e00                _tgpio_driver_api_list_end = .

pcie_ctrl_driver_api_area
                0x0000000010005e00        0x0
                0x0000000010005e00                _pcie_ctrl_driver_api_list_start = .
 *(SORT_BY_NAME(SORT_BY_ALIGNMENT(._pcie_ctrl_driver_api.static.*)))
                0x0000000010005e00                _pcie_ctrl_driver_api_list_end = .

pcie_ep_driver_api_area
                0x0000000010005e00        0x0
                0x0000000010005e00                _pcie_ep_driver_api_list_start = .
 *(SORT_BY_NAME(SORT_BY_ALIGNMENT(._pcie_ep_driver_api.static.*)))
                0x0000000010005e00                _pcie_ep_driver_api_list_end = .

svc_driver_api_area
                0x0000000010005e00        0x0
                0x0000000010005e00                _svc_driver_api_list_start = .
 *(SORT_BY_NAME(SORT_BY_ALIGNMENT(._svc_driver_api.static.*)))
                0x0000000010005e00                _svc_driver_api_list_end = .

uart_driver_api_area
                0x0000000010005e00       0x4c
                0x0000000010005e00                _uart_driver_api_list_start = .
 *(SORT_BY_NAME(SORT_BY_ALIGNMENT(._uart_driver_api.static.*)))
 ._uart_driver_api.static.pl011_driver_api_
                0x0000000010005e00       0x4c zephyr/drivers/serial/libdrivers__serial.a(uart_pl011.c.obj)
                0x0000000010005e4c                _uart_driver_api_list_end = .

bc12_emul_driver_api_area
                0x0000000010005e4c        0x0
                0x0000000010005e4c                _bc12_emul_driver_api_list_start = .
 *(SORT_BY_NAME(SORT_BY_ALIGNMENT(._bc12_emul_driver_api.static.*)))
                0x0000000010005e4c                _bc12_emul_driver_api_list_end = .

bc12_driver_api_area
                0x0000000010005e4c        0x0
                0x0000000010005e4c                _bc12_driver_api_list_start = .
 *(SORT_BY_NAME(SORT_BY_ALIGNMENT(._bc12_driver_api.static.*)))
                0x0000000010005e4c                _bc12_driver_api_list_end = .

usbc_ppc_driver_api_area
                0x0000000010005e4c        0x0
                0x0000000010005e4c                _usbc_ppc_driver_api_list_start = .
 *(SORT_BY_NAME(SORT_BY_ALIGNMENT(._usbc_ppc_driver_api.static.*)))
                0x0000000010005e4c                _usbc_ppc_driver_api_list_end = .

tcpc_driver_api_area
                0x0000000010005e4c        0x0
                0x0000000010005e4c                _tcpc_driver_api_list_start = .
 *(SORT_BY_NAME(SORT_BY_ALIGNMENT(._tcpc_driver_api.static.*)))
                0x0000000010005e4c                _tcpc_driver_api_list_end = .

usbc_vbus_driver_api_area
                0x0000000010005e4c        0x0
                0x0000000010005e4c                _usbc_vbus_driver_api_list_start = .
 *(SORT_BY_NAME(SORT_BY_ALIGNMENT(._usbc_vbus_driver_api.static.*)))
                0x0000000010005e4c                _usbc_vbus_driver_api_list_end = .

ivshmem_driver_api_area
                0x0000000010005e4c        0x0
                0x0000000010005e4c                _ivshmem_driver_api_list_start = .
 *(SORT_BY_NAME(SORT_BY_ALIGNMENT(._ivshmem_driver_api.static.*)))
                0x0000000010005e4c                _ivshmem_driver_api_list_end = .

ethphy_driver_api_area
                0x0000000010005e4c        0x0
                0x0000000010005e4c                _ethphy_driver_api_list_start = .
 *(SORT_BY_NAME(SORT_BY_ALIGNMENT(._ethphy_driver_api.static.*)))
                0x0000000010005e4c                _ethphy_driver_api_list_end = .

ztest           0x0000000010005e4c        0x0
                0x0000000010005e4c                _ztest_expected_result_entry_list_start = .
 *(SORT_BY_NAME(SORT_BY_ALIGNMENT(._ztest_expected_result_entry.static.*)))
                0x0000000010005e4c                _ztest_expected_result_entry_list_end = .
                0x0000000010005e4c                _ztest_suite_node_list_start = .
 *(SORT_BY_NAME(SORT_BY_ALIGNMENT(._ztest_suite_node.static.*)))
                0x0000000010005e4c                _ztest_suite_node_list_end = .
                0x0000000010005e4c                _ztest_unit_test_list_start = .
 *(SORT_BY_NAME(SORT_BY_ALIGNMENT(._ztest_unit_test.static.*)))
                0x0000000010005e4c                _ztest_unit_test_list_end = .
                0x0000000010005e4c                _ztest_test_rule_list_start = .
 *(SORT_BY_NAME(SORT_BY_ALIGNMENT(._ztest_test_rule.static.*)))
                0x0000000010005e4c                _ztest_test_rule_list_end = .

init_array      0x0000000010005e4c        0x0
 *(SORT_BY_NAME(SORT_BY_ALIGNMENT(.ctors*)))
 *(SORT_BY_NAME(SORT_BY_ALIGNMENT(.init_array*)))
                0x0000000000000001                ASSERT ((SIZEOF (init_array) == 0x0), GNU-style constructors required but STATIC_INIT_GNU not enabled)

bt_l2cap_fixed_chan_area
                0x0000000010005e4c        0x0
                0x0000000010005e4c                _bt_l2cap_fixed_chan_list_start = .
 *(SORT_BY_NAME(SORT_BY_ALIGNMENT(._bt_l2cap_fixed_chan.static.*)))
                0x0000000010005e4c                _bt_l2cap_fixed_chan_list_end = .

bt_gatt_service_static_area
                0x0000000010005e4c        0x0
                0x0000000010005e4c                _bt_gatt_service_static_list_start = .
 *(SORT_BY_NAME(SORT_BY_ALIGNMENT(._bt_gatt_service_static.static.*)))
                0x0000000010005e4c                _bt_gatt_service_static_list_end = .

log_strings_area
                0x0000000010005e4c        0x0
                0x0000000010005e4c                _log_strings_list_start = .
 *(SORT_BY_NAME(SORT_BY_ALIGNMENT(._log_strings.static.*)))
                0x0000000010005e4c                _log_strings_list_end = .

log_stmesp_ptr_area
                0x0000000010005e4c        0x0
                0x0000000010005e4c                _log_stmesp_ptr_list_start = .
 *(SORT_BY_NAME(SORT_BY_ALIGNMENT(._log_stmesp_ptr.static.*)))
                0x0000000010005e4c                _log_stmesp_ptr_list_end = .

log_stmesp_str_area
                0x0000000010005e4c        0x0
                0x0000000010005e4c                _log_stmesp_str_list_start = .
 *(SORT_BY_NAME(SORT_BY_ALIGNMENT(._log_stmesp_str.static.*)))
                0x0000000010005e4c                _log_stmesp_str_list_end = .

log_const_area  0x0000000010005e4c       0x40
                0x0000000010005e4c                _log_const_list_start = .
 *(SORT_BY_NAME(SORT_BY_ALIGNMENT(._log_const.static.*)))
 ._log_const.static.log_const_button_driver_
                0x0000000010005e4c        0x8 app/libapp.a(button_driver.c.obj)
                0x0000000010005e4c                log_const_button_driver
 ._log_const.static.log_const_cbprintf_package_
                0x0000000010005e54        0x8 zephyr/libzephyr.a(cbprintf_packaged.c.obj)
                0x0000000010005e54                log_const_cbprintf_package
 ._log_const.static.log_const_log_
                0x0000000010005e5c        0x8 zephyr/libzephyr.a(log_core.c.obj)
                0x0000000010005e5c                log_const_log
 ._log_const.static.log_const_log_mgmt_
                0x0000000010005e64        0x8 zephyr/libzephyr.a(log_mgmt.c.obj)
                0x0000000010005e64                log_const_log_mgmt
 ._log_const.static.log_const_log_uart_
                0x0000000010005e6c        0x8 zephyr/libzephyr.a(log_backend_uart.c.obj)
                0x0000000010005e6c                log_const_log_uart
 ._log_const.static.log_const_main_
                0x0000000010005e74        0x8 app/libapp.a(main.c.obj)
                0x0000000010005e74                log_const_main
 ._log_const.static.log_const_os_
                0x0000000010005e7c        0x8 zephyr/kernel/libkernel.a(init.c.obj)
                0x0000000010005e7c                log_const_os
 ._log_const.static.log_const_soc_
                0x0000000010005e84        0x8 zephyr/libzephyr.a(soc.c.obj)
                0x0000000010005e84                log_const_soc
                0x0000000010005e8c                _log_const_list_end = .

log_backend_area
                0x0000000010005e8c       0x10
                0x0000000010005e8c                _log_backend_list_start = .
 *(SORT_BY_NAME(SORT_BY_ALIGNMENT(._log_backend.static.*)))
 ._log_backend.static.log_backend_uart_
                0x0000000010005e8c       0x10 zephyr/libzephyr.a(log_backend_uart.c.obj)
                0x0000000010005e9c                _log_backend_list_end = .

log_link_area   0x0000000010005e9c        0x0
                0x0000000010005e9c                _log_link_list_start = .
 *(SORT_BY_NAME(SORT_BY_ALIGNMENT(._log_link.static.*)))
                0x0000000010005e9c                _log_link_list_end = .

tracing_backend_area
                0x0000000010005e9c        0x0
                0x0000000010005e9c                _tracing_backend_list_start = .
 *(SORT_BY_NAME(SORT_BY_ALIGNMENT(._tracing_backend.static.*)))
                0x0000000010005e9c                _tracing_backend_list_end = .

zephyr_dbg_info
 *(SORT_BY_ALIGNMENT(.dbg_thread_info))

intc_table_area
                0x0000000010005e9c        0x0
                0x0000000010005e9c                _intc_table_list_start = .
 *(SORT_BY_NAME(SORT_BY_ALIGNMENT(._intc_table.static.*)))
                0x0000000010005e9c                _intc_table_list_end = .

symbol_to_keep  0x0000000010005e9c        0x0
                0x0000000010005e9c                __symbol_to_keep_start = .
 *(SORT_BY_NAME(SORT_BY_ALIGNMENT(.symbol_to_keep*)))
                0x0000000010005e9c                __symbol_to_keep_end = .

shell_area      0x0000000010005e9c        0x0
                0x0000000010005e9c                _shell_list_start = .
 *(SORT_BY_NAME(SORT_BY_ALIGNMENT(._shell.static.*)))
                0x0000000010005e9c                _shell_list_end = .

shell_root_cmds_area
                0x0000000010005e9c        0x0
                0x0000000010005e9c                _shell_root_cmds_list_start = .
 *(SORT_BY_NAME(SORT_BY_ALIGNMENT(._shell_root_cmds.static.*)))
                0x0000000010005e9c                _shell_root_cmds_list_end = .

shell_subcmds_area
                0x0000000010005e9c        0x0
                0x0000000010005e9c                _shell_subcmds_list_start = .
 *(SORT_BY_NAME(SORT_BY_ALIGNMENT(._shell_subcmds.static.*)))
                0x0000000010005e9c                _shell_subcmds_list_end = .

shell_dynamic_subcmds_area
                0x0000000010005e9c        0x0
                0x0000000010005e9c                _shell_dynamic_subcmds_list_start = .
 *(SORT_BY_NAME(SORT_BY_ALIGNMENT(._shell_dynamic_subcmds.static.*)))
                0x0000000010005e9c                _shell_dynamic_subcmds_list_end = .

cfb_font_area   0x0000000010005e9c        0x0
                0x0000000010005e9c                _cfb_font_list_start = .
 *(SORT_BY_NAME(SORT_BY_ALIGNMENT(._cfb_font.static.*)))
                0x0000000010005e9c                _cfb_font_list_end = .

tdata           0x0000000010005e9c        0x0
 *(SORT_BY_ALIGNMENT(.tdata) SORT_BY_ALIGNMENT(.tdata.*) SORT_BY_ALIGNMENT(.gnu.linkonce.td.*))

tbss            0x0000000010005e9c        0x4
 *(SORT_BY_ALIGNMENT(.tbss) SORT_BY_ALIGNMENT(.tbss.*) SORT_BY_ALIGNMENT(.gnu.linkonce.tb.*) SORT_BY_ALIGNMENT(.tcommon))
 .tbss.z_tls_current
                0x0000000010005e9c        0x4 zephyr/libzephyr.a(thread_entry.c.obj)
                0x0000000010005e9c                z_tls_current
                0x0000000010005e9c                PROVIDE (__tdata_start = LOADADDR (tdata))
                0x0000000000000001                PROVIDE (__tdata_align = ALIGNOF (tdata))
                0x0000000000000000                PROVIDE (__tdata_size = (((SIZEOF (tdata) + __tdata_align) - 0x1) & ~ ((__tdata_align - 0x1))))
                [!provide]                        PROVIDE (__tdata_end = (__tdata_start + __tdata_size))
                0x0000000000000004                PROVIDE (__tbss_align = ALIGNOF (tbss))
                [!provide]                        PROVIDE (__tbss_start = ADDR (tbss))