Archive member included to satisfy reference by file (symbol)

app/libapp.a(main.c.obj)      (--whole-archive)
zephyr/libzephyr.a(heap.c.obj)
                              (--whole-archive)
zephyr/libzephyr.a(cbprintf_packaged.c.obj)
                              (--whole-archive)
zephyr/libzephyr.a(printk.c.obj)
                              (--whole-archive)
zephyr/libzephyr.a(sem.c.obj)
                              (--whole-archive)
zephyr/libzephyr.a(thread_entry.c.obj)
                              (--whole-archive)
zephyr/libzephyr.a(cbprintf_complete.c.obj)
                              (--whole-archive)
zephyr/libzephyr.a(assert.c.obj)
                              (--whole-archive)
zephyr/libzephyr.a(dec.c.obj)
                              (--whole-archive)
zephyr/libzephyr.a(hex.c.obj)
                              (--whole-archive)
zephyr/libzephyr.a(rb.c.obj)  (--whole-archive)
zephyr/libzephyr.a(timeutil.c.obj)
                              (--whole-archive)
zephyr/libzephyr.a(bitarray.c.obj)
                              (--whole-archive)
zephyr/libzephyr.a(onoff.c.obj)
                              (--whole-archive)
zephyr/libzephyr.a(notify.c.obj)
                              (--whole-archive)
zephyr/libzephyr.a(ring_buffer.c.obj)
                              (--whole-archive)
zephyr/libzephyr.a(configs.c.obj)
                              (--whole-archive)
zephyr/libzephyr.a(mem_attr.c.obj)
                              (--whole-archive)
zephyr/libzephyr.a(tracing_none.c.obj)
                              (--whole-archive)
zephyr/arch/common/libarch__common.a(sw_isr_common.c.obj)
                              (--whole-archive)
zephyr/arch/arch/arm/core/libarch__arm__core.a(fatal.c.obj)
                              (--whole-archive)
zephyr/arch/arch/arm/core/libarch__arm__core.a(nmi.c.obj)
                              (--whole-archive)
zephyr/arch/arch/arm/core/libarch__arm__core.a(nmi_on_reset.S.obj)
                              (--whole-archive)
zephyr/arch/arch/arm/core/libarch__arm__core.a(tls.c.obj)
                              (--whole-archive)
zephyr/arch/arch/arm/core/cortex_m/libarch__arm__core__cortex_m.a(exc_exit.c.obj)
                              (--whole-archive)
zephyr/arch/arch/arm/core/cortex_m/libarch__arm__core__cortex_m.a(fault.c.obj)
                              (--whole-archive)
zephyr/arch/arch/arm/core/cortex_m/libarch__arm__core__cortex_m.a(fault_s.S.obj)
                              (--whole-archive)
zephyr/arch/arch/arm/core/cortex_m/libarch__arm__core__cortex_m.a(fpu.c.obj)
                              (--whole-archive)
zephyr/arch/arch/arm/core/cortex_m/libarch__arm__core__cortex_m.a(reset.S.obj)
                              (--whole-archive)
zephyr/arch/arch/arm/core/cortex_m/libarch__arm__core__cortex_m.a(scb.c.obj)
                              (--whole-archive)
zephyr/arch/arch/arm/core/cortex_m/libarch__arm__core__cortex_m.a(thread_abort.c.obj)
                              (--whole-archive)
zephyr/arch/arch/arm/core/cortex_m/libarch__arm__core__cortex_m.a(vector_table.S.obj)
                              (--whole-archive)
zephyr/arch/arch/arm/core/cortex_m/libarch__arm__core__cortex_m.a(swap_helper.S.obj)
                              (--whole-archive)
zephyr/arch/arch/arm/core/cortex_m/libarch__arm__core__cortex_m.a(irq_manage.c.obj)
                              (--whole-archive)
zephyr/arch/arch/arm/core/cortex_m/libarch__arm__core__cortex_m.a(prep_c.c.obj)
                              (--whole-archive)
zephyr/arch/arch/arm/core/cortex_m/libarch__arm__core__cortex_m.a(thread.c.obj)
                              (--whole-archive)
zephyr/arch/arch/arm/core/cortex_m/libarch__arm__core__cortex_m.a(cpu_idle.c.obj)
                              (--whole-archive)
zephyr/arch/arch/arm/core/cortex_m/libarch__arm__core__cortex_m.a(irq_init.c.obj)
                              (--whole-archive)
zephyr/arch/arch/arm/core/cortex_m/libarch__arm__core__cortex_m.a(isr_wrapper.c.obj)
                              (--whole-archive)
zephyr/arch/arch/arm/core/cortex_m/libarch__arm__core__cortex_m.a(__aeabi_read_tp.S.obj)
                              (--whole-archive)
zephyr/arch/arch/arm/core/mpu/libarch__arm__core__mpu.a(arm_core_mpu.c.obj)
                              (--whole-archive)
zephyr/arch/arch/arm/core/mpu/libarch__arm__core__mpu.a(arm_mpu.c.obj)
                              (--whole-archive)
zephyr/arch/arch/arm/core/mpu/libarch__arm__core__mpu.a(arm_mpu_regions.c.obj)
                              (--whole-archive)
zephyr/lib/libc/picolibc/liblib__libc__picolibc.a(assert.c.obj)
                              (--whole-archive)
zephyr/lib/libc/picolibc/liblib__libc__picolibc.a(cbprintf.c.obj)
                              (--whole-archive)
zephyr/lib/libc/picolibc/liblib__libc__picolibc.a(chk_fail.c.obj)
                              (--whole-archive)
zephyr/lib/libc/picolibc/liblib__libc__picolibc.a(errno_wrap.c.obj)
[...]
Memory Configuration

Name             Origin             Length             Attributes
FLASH            0x0000000000000000 0x0000000000100000 xr
RAM              0x0000000020000000 0x0000000000040000 xw
IDT_LIST         0x00000000ffff7fff 0x0000000000008000 xw
*default*        0x0000000000000000 0xffffffffffffffff

Linker script and memory map

                0x0000000000005890                vfprintf = __l_vfprintf
                0x0000000000000000                vfscanf = __l_vfscanf
LOAD zephyr/CMakeFiles/zephyr_pre0.dir/misc/empty_file.c.obj
LOAD zephyr/CMakeFiles/offsets.dir/./arch/arm/core/offsets/offsets.c.obj
LOAD app/libapp.a
LOAD zephyr/libzephyr.a
LOAD zephyr/arch/common/libarch__common.a
LOAD zephyr/arch/arch/arm/core/libarch__arm__core.a
LOAD zephyr/arch/arch/arm/core/cortex_m/libarch__arm__core__cortex_m.a
LOAD zephyr/arch/arch/arm/core/mpu/libarch__arm__core__mpu.a
LOAD zephyr/lib/libc/picolibc/liblib__libc__picolibc.a
LOAD zephyr/lib/libc/common/liblib__libc__common.a
LOAD zephyr/soc/soc/nrf52840/libsoc__nordic.a
LOAD zephyr/drivers/clock_control/libdrivers__clock_control.a
LOAD zephyr/drivers/console/libdrivers__console.a
LOAD zephyr/drivers/gpio/libdrivers__gpio.a
LOAD zephyr/drivers/pinctrl/libdrivers__pinctrl.a
LOAD zephyr/drivers/serial/libdrivers__serial.a
LOAD zephyr/drivers/timer/libdrivers__timer.a
LOAD modules/hal_nordic/nrfx/libmodules__hal_nordic__nrfx.a
LOAD modules/segger/libmodules__segger.a
LOAD zephyr/kernel/libkernel.a
LOAD zephyr/arch/common/libisr_tables.a
LOAD /home/issam/zephyr-sdk-0.17.0/arm-zephyr-eabi/bin/../lib/gcc/../../picolibc/arm-zephyr-eabi/lib/thumb/v7e-m/nofp/libc.a
LOAD /home/issam/zephyr-sdk-0.17.0/arm-zephyr-eabi/bin/../lib/gcc/arm-zephyr-eabi/12.2.0/thumb/v7e-m/nofp/libgcc.a
                0x0000000000000020                _region_min_align = 0x20

.rel.plt        0x0000000000000000        0x0
 *(SORT_BY_ALIGNMENT(.rel.plt))
                [!provide]                        PROVIDE (__rel_iplt_start = .)
 *(SORT_BY_ALIGNMENT(.rel.iplt))
 .rel.iplt      0x0000000000000000        0x0 app/libapp.a(main.c.obj)
                [!provide]                        PROVIDE (__rel_iplt_end = .)

.rela.plt       0x0000000000000000        0x0
 *(SORT_BY_ALIGNMENT(.rela.plt))
                [!provide]                        PROVIDE (__rela_iplt_start = .)
 *(SORT_BY_ALIGNMENT(.rela.iplt))
                [!provide]                        PROVIDE (__rela_iplt_end = .)

.rel.dyn
 *(SORT_BY_ALIGNMENT(.rel.*))

.rela.dyn
 *(SORT_BY_ALIGNMENT(.rela.*))

/DISCARD/
 *(SORT_BY_ALIGNMENT(.plt))

/DISCARD/
 *(SORT_BY_ALIGNMENT(.iplt))
                0x0000000000000000                __rom_region_start = 0x0

rom_start       0x0000000000000000      0x100
                0x0000000000000000                __rom_start_address = .
 FILL mask 0x00
                0x0000000000000000                . = (. + (0x0 - (. - __rom_start_address)))
                0x0000000000000000                . = ALIGN (0x4)
                0x0000000000000000                . = ALIGN (0x80)
                0x0000000000000000                . = ALIGN (0x100)
                0x0000000000000000                _vector_start = .
 *(SORT_BY_ALIGNMENT(.exc_vector_table))
 *(SORT_BY_ALIGNMENT(.exc_vector_table.*))
 .exc_vector_table._vector_table_section
                0x0000000000000000       0x40 zephyr/arch/arch/arm/core/cortex_m/libarch__arm__core__cortex_m.a(vector_table.S.obj)
                0x0000000000000000                _vector_table
 *(SORT_BY_ALIGNMENT(.vectors))
                0x0000000000000100                _vector_end = .
                0x0000000000000040                . = ALIGN (0x4)
 *(SORT_BY_ALIGNMENT(.gnu.linkonce.irq_vector_table*))
 .gnu.linkonce.irq_vector_table
                0x0000000000000040       0xc0 zephyr/arch/common/libisr_tables.a(isr_tables.c.obj)
                0x0000000000000040                _irq_vector_table
                0x0000000000000100                _vector_end = .

text            0x0000000000000100     0x65e4
                0x0000000000000100                __text_region_start = .
 *(SORT_BY_ALIGNMENT(.text))
 .text          0x0000000000000100       0x30 /home/issam/zephyr-sdk-0.17.0/arm-zephyr-eabi/bin/../lib/gcc/arm-zephyr-eabi/12.2.0/thumb/v7e-m/nofp/libgcc.a(_aeabi_uldivmod.o)
                0x0000000000000100                __aeabi_uldivmod
 .text          0x0000000000000130        0x4 /home/issam/zephyr-sdk-0.17.0/arm-zephyr-eabi/bin/../lib/gcc/arm-zephyr-eabi/12.2.0/thumb/v7e-m/nofp/libgcc.a(_dvmd_tls.o)
                0x0000000000000130                __aeabi_ldiv0
                0x0000000000000130                __aeabi_idiv0
 .text          0x0000000000000134      0x2a0 /home/issam/zephyr-sdk-0.17.0/arm-zephyr-eabi/bin/../lib/gcc/arm-zephyr-eabi/12.2.0/thumb/v7e-m/nofp/libgcc.a(_udivmoddi4.o)
                0x0000000000000134                __udivmoddi4
 *(SORT_BY_ALIGNMENT(.text.*))
 .text.uart_out
                0x00000000000003d4       0x30 app/libapp.a(main.c.obj)
                0x00000000000003d4                uart_out
 .text.blink    0x0000000000000404      0x1b0 app/libapp.a(main.c.obj)
                0x0000000000000404                blink
 .text.blink0   0x00000000000005b4       0x10 app/libapp.a(main.c.obj)
                0x00000000000005b4                blink0
 .text.blink1   0x00000000000005c4       0x10 app/libapp.a(main.c.obj)
                0x00000000000005c4                blink1
 .text.sys_heap_free
                0x00000000000005d4       0x8c zephyr/libzephyr.a(heap.c.obj)
                0x00000000000005d4                sys_heap_free
 .text.sys_heap_init
                0x0000000000000660      0x11c zephyr/libzephyr.a(heap.c.obj)
                0x0000000000000660                sys_heap_init
 .text.char_out
                0x000000000000077c        0xc zephyr/libzephyr.a(printk.c.obj)
 .text.__printk_hook_install
                0x0000000000000788        0xc zephyr/libzephyr.a(printk.c.obj)
                0x0000000000000788                __printk_hook_install
 .text.vprintk  0x0000000000000794       0x30 zephyr/libzephyr.a(printk.c.obj)
                0x0000000000000794                vprintk
 .text.z_thread_entry
                0x00000000000007c4       0x34 zephyr/libzephyr.a(thread_entry.c.obj)
                0x00000000000007c4                z_thread_entry
 .text.process_event
                0x00000000000007f8      0x3ac zephyr/libzephyr.a(onoff.c.obj)
 .text.transition_complete
                0x0000000000000ba4       0x64 zephyr/libzephyr.a(onoff.c.obj)
 .text.onoff_request
                0x0000000000000c08      0x130 zephyr/libzephyr.a(onoff.c.obj)
                0x0000000000000c08                onoff_request
 .text.sys_notify_finalize
                0x0000000000000d38       0x40 zephyr/libzephyr.a(notify.c.obj)
                0x0000000000000d38                sys_notify_finalize
 .text.mem_attr_get_regions
                0x0000000000000d78        0xc zephyr/libzephyr.a(mem_attr.c.obj)
                0x0000000000000d78                mem_attr_get_regions
 .text.z_SysNmiOnReset
                0x0000000000000d84        0x8 zephyr/arch/arch/arm/core/libarch__arm__core.a(nmi_on_reset.S.obj)
                0x0000000000000d84                z_SysNmiOnReset
 .text.arch_tls_stack_setup
                0x0000000000000d8c       0x40 zephyr/arch/arch/arm/core/libarch__arm__core.a(tls.c.obj)
                0x0000000000000d8c                arch_tls_stack_setup
 .text._HandlerModeExit
                0x0000000000000dcc       0x20 zephyr/arch/arch/arm/core/cortex_m/libarch__arm__core__cortex_m.a(exc_exit.c.obj)
                0x0000000000000dcc                z_arm_exc_exit
                0x0000000000000dcc                z_arm_int_exit
 .text.mem_manage_fault
                0x0000000000000dec       0xd4 zephyr/arch/arch/arm/core/cortex_m/libarch__arm__core__cortex_m.a(fault.c.obj)
 .text.usage_fault.constprop.0
                0x0000000000000ec0       0x54 zephyr/arch/arch/arm/core/cortex_m/libarch__arm__core__cortex_m.a(fault.c.obj)
 .text.bus_fault.constprop.0
                0x0000000000000f14       0x6c zephyr/arch/arch/arm/core/cortex_m/libarch__arm__core__cortex_m.a(fault.c.obj)
 .text.z_arm_fault
                0x0000000000000f80      0x198 zephyr/arch/arch/arm/core/cortex_m/libarch__arm__core__cortex_m.a(fault.c.obj)
                0x0000000000000f80                z_arm_fault
 .text.z_arm_fault_init
                0x0000000000001118       0x18 zephyr/arch/arch/arm/core/cortex_m/libarch__arm__core__cortex_m.a(fault.c.obj)
                0x0000000000001118                z_arm_fault_init
 .text.__fault  0x0000000000001130       0x14 zephyr/arch/arch/arm/core/cortex_m/libarch__arm__core__cortex_m.a(fault_s.S.obj)
                0x0000000000001130                z_arm_bus_fault
                0x0000000000001130                z_arm_usage_fault
                0x0000000000001130                z_arm_mpu_fault
                0x0000000000001130                z_arm_exc_spurious
                0x0000000000001130                z_arm_debug_monitor
                0x0000000000001130                z_arm_hard_fault
 .text._reset_section
                0x0000000000001144       0x38 zephyr/arch/arch/arm/core/cortex_m/libarch__arm__core__cortex_m.a(reset.S.obj)
                0x0000000000001144                z_arm_reset
                0x0000000000001144                __start
 .text.z_impl_k_thread_abort
                0x000000000000117c       0x2c zephyr/arch/arch/arm/core/cortex_m/libarch__arm__core__cortex_m.a(thread_abort.c.obj)
                0x000000000000117c                z_impl_k_thread_abort
 .text.z_arm_pendsv
                0x00000000000011a8       0x60 zephyr/arch/arch/arm/core/cortex_m/libarch__arm__core__cortex_m.a(swap_helper.S.obj)
                0x00000000000011a8                z_arm_pendsv
 .text.z_arm_svc
                0x0000000000001208       0x24 zephyr/arch/arch/arm/core/cortex_m/libarch__arm__core__cortex_m.a(swap_helper.S.obj)
                0x0000000000001208                z_arm_svc
 .text.arm_irq_enable
                0x000000000000122c       0x1c zephyr/arch/arch/arm/core/cortex_m/libarch__arm__core__cortex_m.a(irq_manage.c.obj)
                0x000000000000122c                arm_irq_enable
 .text.arm_irq_is_enabled
                0x0000000000001248       0x1c zephyr/arch/arch/arm/core/cortex_m/libarch__arm__core__cortex_m.a(irq_manage.c.obj)
                0x0000000000001248                arm_irq_is_enabled
 .text.arm_irq_priority_set
                0x0000000000001264       0x68 zephyr/arch/arch/arm/core/cortex_m/libarch__arm__core__cortex_m.a(irq_manage.c.obj)
                0x0000000000001264                arm_irq_priority_set
 .text.relocate_vector_table
                0x00000000000012cc       0x1c zephyr/arch/arch/arm/core/cortex_m/libarch__arm__core__cortex_m.a(prep_c.c.obj)
                0x00000000000012cc                relocate_vector_table
 .text.z_prep_c
                0x00000000000012e8       0x38 zephyr/arch/arch/arm/core/cortex_m/libarch__arm__core__cortex_m.a(prep_c.c.obj)
                0x00000000000012e8                z_prep_c
 .text.arch_new_thread
                0x0000000000001320       0x38 zephyr/arch/arch/arm/core/cortex_m/libarch__arm__core__cortex_m.a(thread.c.obj)
                0x0000000000001320                arch_new_thread
 .text.z_check_thread_stack_fail
                0x0000000000001358       0x2c zephyr/arch/arch/arm/core/cortex_m/libarch__arm__core__cortex_m.a(thread.c.obj)
                0x0000000000001358                z_check_thread_stack_fail
 .text.arch_switch_to_main_thread
                0x0000000000001384       0x3c zephyr/arch/arch/arm/core/cortex_m/libarch__arm__core__cortex_m.a(thread.c.obj)
                0x0000000000001384                arch_switch_to_main_thread
 .text.z_arm_cpu_idle_init
                0x00000000000013c0        0xc zephyr/arch/arch/arm/core/cortex_m/libarch__arm__core__cortex_m.a(cpu_idle.c.obj)
                0x00000000000013c0                z_arm_cpu_idle_init
 .text.z_arm_interrupt_init
                0x00000000000013cc       0x18 zephyr/arch/arch/arm/core/cortex_m/libarch__arm__core__cortex_m.a(irq_init.c.obj)
                0x00000000000013cc                z_arm_interrupt_init
 .text._isr_wrapper
                0x00000000000013e4       0x24 zephyr/arch/arch/arm/core/cortex_m/libarch__arm__core__cortex_m.a(isr_wrapper.c.obj)
                0x00000000000013e4                _isr_wrapper
 .text.z_arm_configure_static_mpu_regions
                0x0000000000001408       0x18 zephyr/arch/arch/arm/core/mpu/libarch__arm__core__mpu.a(arm_core_mpu.c.obj)
                0x0000000000001408                z_arm_configure_static_mpu_regions
 .text.z_arm_configure_dynamic_mpu_regions
                0x0000000000001420       0x20 zephyr/arch/arch/arm/core/mpu/libarch__arm__core__mpu.a(arm_core_mpu.c.obj)
                0x0000000000001420                z_arm_configure_dynamic_mpu_regions
 .text.region_init
                0x0000000000001440       0x28 zephyr/arch/arch/arm/core/mpu/libarch__arm__core__mpu.a(arm_mpu.c.obj)
 .text.mpu_configure_regions
                0x0000000000001468       0x6c zephyr/arch/arch/arm/core/mpu/libarch__arm__core__mpu.a(arm_mpu.c.obj)
 .text.arm_core_mpu_enable
                0x00000000000014d4       0x18 zephyr/arch/arch/arm/core/mpu/libarch__arm__core__mpu.a(arm_mpu.c.obj)
                0x00000000000014d4                arm_core_mpu_enable
 .text.arm_core_mpu_disable
                0x00000000000014ec       0x14 zephyr/arch/arch/arm/core/mpu/libarch__arm__core__mpu.a(arm_mpu.c.obj)
                0x00000000000014ec                arm_core_mpu_disable
 .text.arm_core_mpu_configure_static_mpu_regions
                0x0000000000001500       0x4c zephyr/arch/arch/arm/core/mpu/libarch__arm__core__mpu.a(arm_mpu.c.obj)
                0x0000000000001500                arm_core_mpu_configure_static_mpu_regions
 .text.arm_core_mpu_configure_dynamic_mpu_regions
                0x000000000000154c       0x6c zephyr/arch/arch/arm/core/mpu/libarch__arm__core__mpu.a(arm_mpu.c.obj)
                0x000000000000154c                arm_core_mpu_configure_dynamic_mpu_regions
 .text.z_arm_mpu_init
                0x00000000000015b8      0x21c zephyr/arch/arch/arm/core/mpu/libarch__arm__core__mpu.a(arm_mpu.c.obj)
                0x00000000000015b8                z_arm_mpu_init
 .text.z_impl_zephyr_fputc
                0x00000000000017d4       0x10 zephyr/lib/libc/picolibc/liblib__libc__picolibc.a(stdio.c.obj)
                0x00000000000017d4                z_impl_zephyr_fputc
 .text.__stdout_hook_install
                0x00000000000017e4       0x18 zephyr/lib/libc/picolibc/liblib__libc__picolibc.a(stdio.c.obj)
                0x00000000000017e4                __stdout_hook_install
 .text.malloc_prepare
                0x00000000000017fc       0x24 zephyr/lib/libc/common/liblib__libc__common.a(malloc.c.obj)
 .text.nordicsemi_nrf52_init
                0x0000000000001820       0x44 zephyr/soc/soc/nrf52840/libsoc__nordic.a(soc.c.obj)
 .text.arch_busy_wait
                0x0000000000001864       0x14 zephyr/soc/soc/nrf52840/libsoc__nordic.a(soc.c.obj)
                0x0000000000001864                arch_busy_wait
 .text.onoff_start
                0x0000000000001878       0x3c zephyr/drivers/clock_control/libdrivers__clock_control.a(clock_control_nrf.c.obj)
 .text.get_status
                0x00000000000018b4       0x38 zephyr/drivers/clock_control/libdrivers__clock_control.a(clock_control_nrf.c.obj)
 .text.stop     0x00000000000018ec       0x7c zephyr/drivers/clock_control/libdrivers__clock_control.a(clock_control_nrf.c.obj)
 .text.onoff_stop
                0x0000000000001968       0x28 zephyr/drivers/clock_control/libdrivers__clock_control.a(clock_control_nrf.c.obj)
 .text.clk_init
                0x0000000000001990       0x58 zephyr/drivers/clock_control/libdrivers__clock_control.a(clock_control_nrf.c.obj)
 .text.api_blocking_start
                0x00000000000019e8       0x34 zephyr/drivers/clock_control/libdrivers__clock_control.a(clock_control_nrf.c.obj)
 .text.generic_hfclk_stop
                0x0000000000001a1c       0x34 zephyr/drivers/clock_control/libdrivers__clock_control.a(clock_control_nrf.c.obj)
 .text.clkstarted_handle.constprop.0
                0x0000000000001a50       0x4c zephyr/drivers/clock_control/libdrivers__clock_control.a(clock_control_nrf.c.obj)
 .text.clock_event_handler
                0x0000000000001a9c       0x5c zephyr/drivers/clock_control/libdrivers__clock_control.a(clock_control_nrf.c.obj)
 .text.generic_hfclk_start
                0x0000000000001af8       0x78 zephyr/drivers/clock_control/libdrivers__clock_control.a(clock_control_nrf.c.obj)
 .text.z_nrf_clock_control_lf_on
                0x0000000000001b70      0x13c zephyr/drivers/clock_control/libdrivers__clock_control.a(clock_control_nrf.c.obj)
                0x0000000000001b70                z_nrf_clock_control_lf_on
 .text.uart_console_init
                0x0000000000001cac       0x28 zephyr/drivers/console/libdrivers__console.a(uart_console.c.obj)
 .text.console_out
                0x0000000000001cd4       0x28 zephyr/drivers/console/libdrivers__console.a(uart_console.c.obj)
 .text.gpio_nrfx_manage_callback
                0x0000000000001cfc       0xa0 zephyr/drivers/gpio/libdrivers__gpio.a(gpio_nrfx.c.obj)
 .text.gpio_nrfx_init
                0x0000000000001d9c       0x48 zephyr/drivers/gpio/libdrivers__gpio.a(gpio_nrfx.c.obj)
 .text.nrf_gpio_pin_port_decode
                0x0000000000001de4       0x5c zephyr/drivers/gpio/libdrivers__gpio.a(gpio_nrfx.c.obj)
 .text.gpio_nrfx_pin_interrupt_configure
                0x0000000000001e40       0xe4 zephyr/drivers/gpio/libdrivers__gpio.a(gpio_nrfx.c.obj)
 .text.gpio_nrfx_pin_configure
                0x0000000000001f24      0x19c zephyr/drivers/gpio/libdrivers__gpio.a(gpio_nrfx.c.obj)
 .text.nrfx_gpio_handler
                0x00000000000020c0       0x78 zephyr/drivers/gpio/libdrivers__gpio.a(gpio_nrfx.c.obj)
 .text.nrf_gpio_pin_port_decode
                0x0000000000002138       0x5c zephyr/drivers/pinctrl/libdrivers__pinctrl.a(pinctrl_nrf.c.obj)
 .text.pinctrl_configure_pins
                0x0000000000002194      0x1a0 zephyr/drivers/pinctrl/libdrivers__pinctrl.a(pinctrl_nrf.c.obj)
                0x0000000000002194                pinctrl_configure_pins
 .text.uarte_nrfx_poll_out
                0x0000000000002334       0xb4 zephyr/drivers/serial/libdrivers__serial.a(uart_nrfx_uarte.c.obj)
 .text.uarte_0_init
                0x00000000000023e8      0x108 zephyr/drivers/serial/libdrivers__serial.a(uart_nrfx_uarte.c.obj)
 .text.sys_clock_timeout_handler
                0x00000000000024f0       0x48 zephyr/drivers/timer/libdrivers__timer.a(nrf_rtc_timer.c.obj)
 .text.z_nrf_rtc_timer_read
                0x0000000000002538       0x44 zephyr/drivers/timer/libdrivers__timer.a(nrf_rtc_timer.c.obj)
                0x0000000000002538                z_nrf_rtc_timer_read
 .text.rtc_nrf_isr
                0x000000000000257c       0xd4 zephyr/drivers/timer/libdrivers__timer.a(nrf_rtc_timer.c.obj)
                0x000000000000257c                rtc_nrf_isr
 .text.compare_set.constprop.0.isra.0
                0x0000000000002650      0x154 zephyr/drivers/timer/libdrivers__timer.a(nrf_rtc_timer.c.obj)
 .text.sys_clock_driver_init
                0x00000000000027a4       0x80 zephyr/drivers/timer/libdrivers__timer.a(nrf_rtc_timer.c.obj)
 .text.sys_clock_set_timeout
                0x0000000000002824       0x4c zephyr/drivers/timer/libdrivers__timer.a(nrf_rtc_timer.c.obj)
                0x0000000000002824                sys_clock_set_timeout
 .text.sys_clock_elapsed
                0x0000000000002870       0x14 zephyr/drivers/timer/libdrivers__timer.a(nrf_rtc_timer.c.obj)
                0x0000000000002870                sys_clock_elapsed
 .text.nrf52_errata_98
                0x0000000000002884       0x24 modules/hal_nordic/nrfx/libmodules__hal_nordic__nrfx.a(system_nrf52840.c.obj)
 .text.nvmc_wait
                0x00000000000028a8       0x10 modules/hal_nordic/nrfx/libmodules__hal_nordic__nrfx.a(system_nrf52840.c.obj)
                0x00000000000028a8                nvmc_wait
 .text.SystemInit
                0x00000000000028b8      0x1bc modules/hal_nordic/nrfx/libmodules__hal_nordic__nrfx.a(system_nrf52840.c.obj)
                0x00000000000028b8                SystemInit
 .text.nrfx_flag32_alloc
                0x0000000000002a74       0x48 modules/hal_nordic/nrfx/libmodules__hal_nordic__nrfx.a(nrfx_flag32_allocator.c.obj)
                0x0000000000002a74                nrfx_flag32_alloc
 .text.nrfx_flag32_free
                0x0000000000002abc       0x40 modules/hal_nordic/nrfx/libmodules__hal_nordic__nrfx.a(nrfx_flag32_allocator.c.obj)
                0x0000000000002abc                nrfx_flag32_free
 .text.nrfx_gppi_channels_enable
                0x0000000000002afc        0xc modules/hal_nordic/nrfx/libmodules__hal_nordic__nrfx.a(nrfx_gppi_ppi.c.obj)
                0x0000000000002afc                nrfx_gppi_channels_enable
 .text.clock_stop
                0x0000000000002b08       0xf4 modules/hal_nordic/nrfx/libmodules__hal_nordic__nrfx.a(nrfx_clock.c.obj)
 .text.nrfx_clock_init
                0x0000000000002bfc       0x20 modules/hal_nordic/nrfx/libmodules__hal_nordic__nrfx.a(nrfx_clock.c.obj)
                0x0000000000002bfc                nrfx_clock_init
 .text.nrfx_clock_enable
                0x0000000000002c1c       0x4c modules/hal_nordic/nrfx/libmodules__hal_nordic__nrfx.a(nrfx_clock.c.obj)
                0x0000000000002c1c                nrfx_clock_enable
 .text.nrfx_clock_start
                0x0000000000002c68       0xe4 modules/hal_nordic/nrfx/libmodules__hal_nordic__nrfx.a(nrfx_clock.c.obj)
                0x0000000000002c68                nrfx_clock_start
 .text.nrfx_clock_stop
                0x0000000000002d4c       0x38 modules/hal_nordic/nrfx/libmodules__hal_nordic__nrfx.a(nrfx_clock.c.obj)
                0x0000000000002d4c                nrfx_clock_stop
 .text.nrfx_power_clock_irq_handler
                0x0000000000002d84       0x9c modules/hal_nordic/nrfx/libmodules__hal_nordic__nrfx.a(nrfx_clock.c.obj)
                0x0000000000002d84                nrfx_power_clock_irq_handler
 .text.get_pin_idx
                0x0000000000002e20       0x14 modules/hal_nordic/nrfx/libmodules__hal_nordic__nrfx.a(nrfx_gpiote.c.obj)
 .text.nrf_gpio_pin_port_decode
                0x0000000000002e34       0x68 modules/hal_nordic/nrfx/libmodules__hal_nordic__nrfx.a(nrfx_gpiote.c.obj)
 .text.nrf_gpiote_in_event_get
                0x0000000000002e9c       0x34 modules/hal_nordic/nrfx/libmodules__hal_nordic__nrfx.a(nrfx_gpiote.c.obj)
 .text.call_handler.constprop.0
                0x0000000000002ed0       0x40 modules/hal_nordic/nrfx/libmodules__hal_nordic__nrfx.a(nrfx_gpiote.c.obj)
 .text.pin_te_get.constprop.0
                0x0000000000002f10       0x18 modules/hal_nordic/nrfx/libmodules__hal_nordic__nrfx.a(nrfx_gpiote.c.obj)
 .text.pin_is_output.constprop.0
                0x0000000000002f28       0x18 modules/hal_nordic/nrfx/libmodules__hal_nordic__nrfx.a(nrfx_gpiote.c.obj)
 .text.pin_has_trigger.constprop.0
                0x0000000000002f40       0x1c modules/hal_nordic/nrfx/libmodules__hal_nordic__nrfx.a(nrfx_gpiote.c.obj)
 .text.pin_in_use_by_te.constprop.0
                0x0000000000002f5c       0x18 modules/hal_nordic/nrfx/libmodules__hal_nordic__nrfx.a(nrfx_gpiote.c.obj)
 .text.latch_pending_read_and_check
                0x0000000000002f74       0x40 modules/hal_nordic/nrfx/libmodules__hal_nordic__nrfx.a(nrfx_gpiote.c.obj)
 .text.release_handler.isra.0
                0x0000000000002fb4       0x80 modules/hal_nordic/nrfx/libmodules__hal_nordic__nrfx.a(nrfx_gpiote.c.obj)
 .text.__nrfy_internal_gpiote_events_process.constprop.0
                0x0000000000003034       0x64 modules/hal_nordic/nrfx/libmodules__hal_nordic__nrfx.a(nrfx_gpiote.c.obj)
 .text.pin_uninit
                0x0000000000003098       0x80 modules/hal_nordic/nrfx/libmodules__hal_nordic__nrfx.a(nrfx_gpiote.c.obj)
 .text.nrfx_gpiote_input_configure
                0x0000000000003118      0x168 modules/hal_nordic/nrfx/libmodules__hal_nordic__nrfx.a(nrfx_gpiote.c.obj)
                0x0000000000003118                nrfx_gpiote_input_configure
 .text.nrfx_gpiote_output_configure
                0x0000000000003280       0xf8 modules/hal_nordic/nrfx/libmodules__hal_nordic__nrfx.a(nrfx_gpiote.c.obj)
                0x0000000000003280                nrfx_gpiote_output_configure
 .text.nrfx_gpiote_global_callback_set
                0x0000000000003378        0xc modules/hal_nordic/nrfx/libmodules__hal_nordic__nrfx.a(nrfx_gpiote.c.obj)
                0x0000000000003378                nrfx_gpiote_global_callback_set
 .text.nrfx_gpiote_channel_get
                0x0000000000003384       0x58 modules/hal_nordic/nrfx/libmodules__hal_nordic__nrfx.a(nrfx_gpiote.c.obj)
                0x0000000000003384                nrfx_gpiote_channel_get
 .text.nrfx_gpiote_init
                0x00000000000033dc       0x74 modules/hal_nordic/nrfx/libmodules__hal_nordic__nrfx.a(nrfx_gpiote.c.obj)
                0x00000000000033dc                nrfx_gpiote_init
 .text.nrfx_gpiote_init_check
                0x0000000000003450       0x14 modules/hal_nordic/nrfx/libmodules__hal_nordic__nrfx.a(nrfx_gpiote.c.obj)
                0x0000000000003450                nrfx_gpiote_init_check
 .text.nrfx_gpiote_channel_free
                0x0000000000003464        0xc modules/hal_nordic/nrfx/libmodules__hal_nordic__nrfx.a(nrfx_gpiote.c.obj)
                0x0000000000003464                nrfx_gpiote_channel_free
 .text.nrfx_gpiote_channel_alloc
                0x0000000000003470        0xc modules/hal_nordic/nrfx/libmodules__hal_nordic__nrfx.a(nrfx_gpiote.c.obj)
                0x0000000000003470                nrfx_gpiote_channel_alloc
 .text.nrfx_gpiote_trigger_enable
                0x000000000000347c       0xfc modules/hal_nordic/nrfx/libmodules__hal_nordic__nrfx.a(nrfx_gpiote.c.obj)
                0x000000000000347c                nrfx_gpiote_trigger_enable
 .text.nrfx_gpiote_0_irq_handler
                0x0000000000003578      0x1bc modules/hal_nordic/nrfx/libmodules__hal_nordic__nrfx.a(nrfx_gpiote.c.obj)
                0x0000000000003578                nrfx_gpiote_0_irq_handler
 .text.nrfx_ppi_channel_alloc
                0x0000000000003734        0xc modules/hal_nordic/nrfx/libmodules__hal_nordic__nrfx.a(nrfx_ppi.c.obj)
                0x0000000000003734                nrfx_ppi_channel_alloc
 .text._DoInit  0x0000000000003740       0x68 modules/segger/libmodules__segger.a(SEGGER_RTT.c.obj)
 .text.SEGGER_RTT_Init
                0x00000000000037a8       0x3c modules/segger/libmodules__segger.a(SEGGER_RTT.c.obj)
                0x00000000000037a8                SEGGER_RTT_Init
 .text.z_device_state_init
                0x00000000000037e4       0x44 zephyr/kernel/libkernel.a(device.c.obj)
                0x00000000000037e4                z_device_state_init
 .text.z_fatal_error
                0x0000000000003828       0x60 zephyr/kernel/libkernel.a(fatal.c.obj)
                0x0000000000003828                z_fatal_error
 .text.z_sys_init_run_level
                0x0000000000003888       0x30 zephyr/kernel/libkernel.a(init.c.obj)
 .text.bg_thread_main
                0x00000000000038b8      0x10c zephyr/kernel/libkernel.a(init.c.obj)
 .text.z_bss_zero
                0x00000000000039c4       0x18 zephyr/kernel/libkernel.a(init.c.obj)
                0x00000000000039c4                z_bss_zero
 .text.z_init_cpu
                0x00000000000039dc       0x70 zephyr/kernel/libkernel.a(init.c.obj)
                0x00000000000039dc                z_init_cpu
 .text.z_cstart
                0x0000000000003a4c       0xd0 zephyr/kernel/libkernel.a(init.c.obj)
                0x0000000000003a4c                z_cstart
 .text.idle     0x0000000000003b1c       0x48 zephyr/kernel/libkernel.a(idle.c.obj)
                0x0000000000003b1c                idle
 .text.unpend_thread_no_timeout
                0x0000000000003b64       0x40 zephyr/kernel/libkernel.a(queue.c.obj)
 .text.queue_insert
                0x0000000000003ba4      0x17c zephyr/kernel/libkernel.a(queue.c.obj)
 .text.z_impl_k_queue_get
                0x0000000000003d20       0xd4 zephyr/kernel/libkernel.a(queue.c.obj)
                0x0000000000003d20                z_impl_k_queue_get
 .text.unpend_thread_no_timeout
                0x0000000000003df4       0x40 zephyr/kernel/libkernel.a(sem.c.obj)
 .text.z_impl_k_sem_give
                0x0000000000003e34       0xf8 zephyr/kernel/libkernel.a(sem.c.obj)
                0x0000000000003e34                z_impl_k_sem_give
 .text.z_impl_k_sem_take
                0x0000000000003f2c       0xf4 zephyr/kernel/libkernel.a(sem.c.obj)
                0x0000000000003f2c                z_impl_k_sem_take
 .text.z_setup_new_thread
                0x0000000000004020       0xe4 zephyr/kernel/libkernel.a(thread.c.obj)
                0x0000000000004020                z_setup_new_thread
 .text.z_dummy_thread_init
                0x0000000000004104       0x20 zephyr/kernel/libkernel.a(thread.c.obj)
                0x0000000000004104                z_dummy_thread_init
 .text.z_swap_irqlock
                0x0000000000004124       0x30 zephyr/kernel/libkernel.a(sched.c.obj)
 .text.unready_thread
                0x0000000000004154       0xa4 zephyr/kernel/libkernel.a(sched.c.obj)
 .text.unpend_thread_no_timeout
                0x00000000000041f8       0x38 zephyr/kernel/libkernel.a(sched.c.obj)
 .text.ready_thread
                0x0000000000004230       0xd4 zephyr/kernel/libkernel.a(sched.c.obj)
 .text.move_thread_to_end_of_prio_q
                0x0000000000004304       0xf4 zephyr/kernel/libkernel.a(sched.c.obj)
                0x0000000000004304                move_thread_to_end_of_prio_q
 .text.z_ready_thread
                0x00000000000043f8       0x8c zephyr/kernel/libkernel.a(sched.c.obj)
                0x00000000000043f8                z_ready_thread
 .text.z_unpend_thread_no_timeout
                0x0000000000004484       0x90 zephyr/kernel/libkernel.a(sched.c.obj)
                0x0000000000004484                z_unpend_thread_no_timeout
 .text.z_sched_wake_thread
                0x0000000000004514       0xa8 zephyr/kernel/libkernel.a(sched.c.obj)
                0x0000000000004514                z_sched_wake_thread
 .text.z_pend_curr
                0x00000000000045bc      0x10c zephyr/kernel/libkernel.a(sched.c.obj)
                0x00000000000045bc                z_pend_curr
 .text.z_reschedule
                0x00000000000046c8       0x8c zephyr/kernel/libkernel.a(sched.c.obj)
                0x00000000000046c8                z_reschedule
 .text.z_reschedule_irqlock
                0x0000000000004754       0x28 zephyr/kernel/libkernel.a(sched.c.obj)
                0x0000000000004754                z_reschedule_irqlock
 .text.k_sched_lock
                0x000000000000477c       0xdc zephyr/kernel/libkernel.a(sched.c.obj)
                0x000000000000477c                k_sched_lock
 .text.k_sched_unlock
                0x0000000000004858      0x120 zephyr/kernel/libkernel.a(sched.c.obj)
                0x0000000000004858                k_sched_unlock
 .text.z_sched_init
                0x0000000000004978       0x10 zephyr/kernel/libkernel.a(sched.c.obj)
                0x0000000000004978                z_sched_init
 .text.z_impl_k_yield
                0x0000000000004988      0x120 zephyr/kernel/libkernel.a(sched.c.obj)
                0x0000000000004988                z_impl_k_yield
 .text.z_tick_sleep
                0x0000000000004aa8      0x118 zephyr/kernel/libkernel.a(sched.c.obj)
 .text.z_impl_k_sleep
                0x0000000000004bc0       0x88 zephyr/kernel/libkernel.a(sched.c.obj)
                0x0000000000004bc0                z_impl_k_sleep
 .text.z_impl_k_wakeup
                0x0000000000004c48       0xb0 zephyr/kernel/libkernel.a(sched.c.obj)
                0x0000000000004c48                z_impl_k_wakeup
 .text.z_impl_k_sched_current_thread_query
                0x0000000000004cf8        0xc zephyr/kernel/libkernel.a(sched.c.obj)
                0x0000000000004cf8                z_impl_k_sched_current_thread_query
 .text.z_thread_abort
                0x0000000000004d04      0x248 zephyr/kernel/libkernel.a(sched.c.obj)
                0x0000000000004d04                z_thread_abort
 .text.slice_timeout
                0x0000000000004f4c       0x5c zephyr/kernel/libkernel.a(timeslicing.c.obj)
 .text.thread_is_sliceable
                0x0000000000004fa8       0x3c zephyr/kernel/libkernel.a(timeslicing.c.obj)
                0x0000000000004fa8                thread_is_sliceable
 .text.z_reset_time_slice
                0x0000000000004fe4       0x50 zephyr/kernel/libkernel.a(timeslicing.c.obj)
                0x0000000000004fe4                z_reset_time_slice
 .text.z_time_slice
                0x0000000000005034       0xc8 zephyr/kernel/libkernel.a(timeslicing.c.obj)
                0x0000000000005034                z_time_slice
 .text.z_spin_lock_valid
                0x00000000000050fc       0x1c zephyr/kernel/libkernel.a(spinlock_validate.c.obj)
                0x00000000000050fc                z_spin_lock_valid
 .text.z_spin_unlock_valid
                0x0000000000005118       0x2c zephyr/kernel/libkernel.a(spinlock_validate.c.obj)
                0x0000000000005118                z_spin_unlock_valid
 .text.z_spin_lock_set_owner
                0x0000000000005144       0x10 zephyr/kernel/libkernel.a(spinlock_validate.c.obj)
                0x0000000000005144                z_spin_lock_set_owner
 .text.z_data_copy
                0x0000000000005154       0x38 zephyr/kernel/libkernel.a(xip.c.obj)
                0x0000000000005154                z_data_copy
 .text.first    0x000000000000518c       0x10 zephyr/kernel/libkernel.a(timeout.c.obj)
 .text.elapsed  0x000000000000519c       0x14 zephyr/kernel/libkernel.a(timeout.c.obj)
 .text.remove_timeout
                0x00000000000051b0       0x38 zephyr/kernel/libkernel.a(timeout.c.obj)
 .text.z_add_timeout
                0x00000000000051e8      0x1a4 zephyr/kernel/libkernel.a(timeout.c.obj)
                0x00000000000051e8                z_add_timeout
 .text.z_abort_timeout
                0x000000000000538c       0xb4 zephyr/kernel/libkernel.a(timeout.c.obj)
                0x000000000000538c                z_abort_timeout
 .text.sys_clock_announce
                0x0000000000005440      0x14c zephyr/kernel/libkernel.a(timeout.c.obj)
                0x0000000000005440                sys_clock_announce
 .text.sys_clock_tick_get
                0x000000000000558c       0x9c zephyr/kernel/libkernel.a(timeout.c.obj)
                0x000000000000558c                sys_clock_tick_get
 .text.z_alloc_helper
                0x0000000000005628       0xfc zephyr/kernel/libkernel.a(mempool.c.obj)
 .text.z_thread_alloc_helper
                0x0000000000005724       0x38 zephyr/kernel/libkernel.a(mempool.c.obj)
 .text.k_malloc
                0x000000000000575c       0x14 zephyr/kernel/libkernel.a(mempool.c.obj)
                0x000000000000575c                k_malloc
 .text.k_thread_system_pool_assign
                0x0000000000005770        0xc zephyr/kernel/libkernel.a(mempool.c.obj)
                0x0000000000005770                k_thread_system_pool_assign
 .text.z_thread_malloc
                0x000000000000577c       0x10 zephyr/kernel/libkernel.a(mempool.c.obj)
                0x000000000000577c                z_thread_malloc
 .text.boot_banner
                0x000000000000578c        0xc zephyr/kernel/libkernel.a(banner.c.obj)
                0x000000000000578c                boot_banner
 .text.statics_init
                0x0000000000005798       0x50 zephyr/kernel/libkernel.a(kheap.c.obj)
 .text.k_heap_free
                0x00000000000057e8       0xa8 zephyr/kernel/libkernel.a(kheap.c.obj)
                0x00000000000057e8                k_heap_free
 .text.__l_vfprintf
                0x0000000000005890      0x4b8 /home/issam/zephyr-sdk-0.17.0/arm-zephyr-eabi/bin/../lib/gcc/../../picolibc/arm-zephyr-eabi/lib/thumb/v7e-m/nofp/libc.a(libc_tinystdio_vflprintf.c.o)
                0x0000000000005890                __l_vfprintf
 .text._OffsetAbsSyms
                0x0000000000005d48        0x2 zephyr/CMakeFiles/offsets.dir/./arch/arm/core/offsets/offsets.c.obj
                0x0000000000005d48                _OffsetAbsSyms
 .text.chunk_size
                0x0000000000005d4a        0xa zephyr/libzephyr.a(heap.c.obj)
 .text.free_list_add
                0x0000000000005d54       0x4e zephyr/libzephyr.a(heap.c.obj)
 .text.free_list_remove_bidx
                0x0000000000005da2       0x3a zephyr/libzephyr.a(heap.c.obj)
 .text.free_list_remove
                0x0000000000005ddc       0x1a zephyr/libzephyr.a(heap.c.obj)
 .text.alloc_chunk
                0x0000000000005df6       0x6e zephyr/libzephyr.a(heap.c.obj)
 .text.merge_chunks
                0x0000000000005e64       0x2c zephyr/libzephyr.a(heap.c.obj)
 .text.split_chunks
                0x0000000000005e90       0x34 zephyr/libzephyr.a(heap.c.obj)
 .text.free_chunk
                0x0000000000005ec4       0x62 zephyr/libzephyr.a(heap.c.obj)
 .text.sys_heap_alloc
                0x0000000000005f26       0x52 zephyr/libzephyr.a(heap.c.obj)
                0x0000000000005f26                sys_heap_alloc
 .text.sys_heap_noalign_alloc
                0x0000000000005f78        0x6 zephyr/libzephyr.a(heap.c.obj)
                0x0000000000005f78                sys_heap_noalign_alloc
 .text.arch_printk_char_out
                0x0000000000005f7e        0x4 zephyr/libzephyr.a(printk.c.obj)
                0x0000000000005f7e                arch_printk_char_out
 .text.printk   0x0000000000005f82       0x1a zephyr/libzephyr.a(printk.c.obj)
                0x0000000000005f82                printk
 .text.assert_post_action
                0x0000000000005f9c       0x12 zephyr/libzephyr.a(assert.c.obj)
                0x0000000000005f9c                assert_post_action
 .text.assert_print
                0x0000000000005fae       0x1a zephyr/libzephyr.a(assert.c.obj)
                0x0000000000005fae                assert_print
 .text.process_recheck
                0x0000000000005fc8       0x38 zephyr/libzephyr.a(onoff.c.obj)
 .text.validate_args
                0x0000000000006000       0x20 zephyr/libzephyr.a(onoff.c.obj)
 .text.notify_one
                0x0000000000006020       0x2c zephyr/libzephyr.a(onoff.c.obj)
 .text.onoff_manager_init
                0x000000000000604c       0x26 zephyr/libzephyr.a(onoff.c.obj)
                0x000000000000604c                onoff_manager_init
 .text.sys_notify_validate
                0x0000000000006072       0x22 zephyr/libzephyr.a(notify.c.obj)
                0x0000000000006072                sys_notify_validate
 .text._ConfigAbsSyms
                0x0000000000006094        0x2 zephyr/libzephyr.a(configs.c.obj)
                0x0000000000006094                _ConfigAbsSyms
 .text.z_arm_fatal_error
                0x0000000000006096        0xc zephyr/arch/arch/arm/core/libarch__arm__core.a(fatal.c.obj)
                0x0000000000006096                z_arm_fatal_error
 .text.z_do_kernel_oops
                0x00000000000060a2        0x8 zephyr/arch/arch/arm/core/libarch__arm__core.a(fatal.c.obj)
                0x00000000000060a2                z_do_kernel_oops
 .text.z_arm_nmi
                0x00000000000060aa        0xe zephyr/arch/arch/arm/core/libarch__arm__core.a(nmi.c.obj)
                0x00000000000060aa                z_arm_nmi
 .text.z_irq_spurious
                0x00000000000060b8        0x8 zephyr/arch/arch/arm/core/cortex_m/libarch__arm__core__cortex_m.a(irq_manage.c.obj)
                0x00000000000060b8                z_irq_spurious
 .text.arch_irq_unlock_outlined
                0x00000000000060c0        0xe zephyr/arch/arch/arm/core/cortex_m/libarch__arm__core__cortex_m.a(thread.c.obj)
                0x00000000000060c0                arch_irq_unlock_outlined
 .text.arch_cpu_idle
                0x00000000000060ce       0x1a zephyr/arch/arch/arm/core/cortex_m/libarch__arm__core__cortex_m.a(cpu_idle.c.obj)
                0x00000000000060ce                arch_cpu_idle
 .text.arch_cpu_atomic_idle
                0x00000000000060e8       0x1e zephyr/arch/arch/arm/core/cortex_m/libarch__arm__core__cortex_m.a(cpu_idle.c.obj)
                0x00000000000060e8                arch_cpu_atomic_idle
 .text.size_to_mpu_rasr_size
                0x0000000000006106       0x20 zephyr/arch/arch/arm/core/mpu/libarch__arm__core__mpu.a(arm_mpu.c.obj)
 .text.picolibc_put
                0x0000000000006126        0xa zephyr/lib/libc/picolibc/liblib__libc__picolibc.a(stdio.c.obj)
 .text.async_start
                0x0000000000006130       0x5c zephyr/drivers/clock_control/libdrivers__clock_control.a(clock_control_nrf.c.obj)
 .text.api_start
                0x000000000000618c        0xe zephyr/drivers/clock_control/libdrivers__clock_control.a(clock_control_nrf.c.obj)
 .text.onoff_started_callback
                0x000000000000619a        0xc zephyr/drivers/clock_control/libdrivers__clock_control.a(clock_control_nrf.c.obj)
 .text.lfclk_start
                0x00000000000061a6        0x6 zephyr/drivers/clock_control/libdrivers__clock_control.a(clock_control_nrf.c.obj)
 .text.lfclk_stop
                0x00000000000061ac        0x6 zephyr/drivers/clock_control/libdrivers__clock_control.a(clock_control_nrf.c.obj)
 .text.blocking_start_callback
                0x00000000000061b2        0x6 zephyr/drivers/clock_control/libdrivers__clock_control.a(clock_control_nrf.c.obj)
 .text.api_stop
                0x00000000000061b8        0x6 zephyr/drivers/clock_control/libdrivers__clock_control.a(clock_control_nrf.c.obj)
 .text.gpio_nrfx_port_get_raw
                0x00000000000061be        0xe zephyr/drivers/gpio/libdrivers__gpio.a(gpio_nrfx.c.obj)
 .text.gpio_nrfx_port_set_masked_raw
                0x00000000000061cc       0x18 zephyr/drivers/gpio/libdrivers__gpio.a(gpio_nrfx.c.obj)
 .text.gpio_nrfx_port_set_bits_raw
                0x00000000000061e4        0xc zephyr/drivers/gpio/libdrivers__gpio.a(gpio_nrfx.c.obj)
 .text.gpio_nrfx_port_clear_bits_raw
                0x00000000000061f0        0xc zephyr/drivers/gpio/libdrivers__gpio.a(gpio_nrfx.c.obj)
 .text.gpio_nrfx_port_toggle_bits
                0x00000000000061fc       0x1a zephyr/drivers/gpio/libdrivers__gpio.a(gpio_nrfx.c.obj)
 .text.pinctrl_lookup_state
                0x0000000000006216       0x26 zephyr/drivers/pinctrl/libdrivers__pinctrl.a(common.c.obj)
                0x0000000000006216                pinctrl_lookup_state
 .text.uarte_nrfx_err_check
                0x000000000000623c        0xe zephyr/drivers/serial/libdrivers__serial.a(uart_nrfx_uarte.c.obj)
 .text.uarte_nrfx_poll_in
                0x000000000000624a       0x26 zephyr/drivers/serial/libdrivers__serial.a(uart_nrfx_uarte.c.obj)
 .text.is_tx_ready.isra.0
                0x0000000000006270       0x20 zephyr/drivers/serial/libdrivers__serial.a(uart_nrfx_uarte.c.obj)
 .text.uarte_nrfx_isr_int
                0x0000000000006290       0x42 zephyr/drivers/serial/libdrivers__serial.a(uart_nrfx_uarte.c.obj)
 .text.nrfx_isr
                0x00000000000062d2        0x2 modules/hal_nordic/nrfx/libmodules__hal_nordic__nrfx.a(nrfx_glue.c.obj)
                0x00000000000062d2                nrfx_isr
 .text.nrfx_busy_wait
                0x00000000000062d4        0x4 modules/hal_nordic/nrfx/libmodules__hal_nordic__nrfx.a(nrfx_glue.c.obj)
                0x00000000000062d4                nrfx_busy_wait
 .text.nrfx_gppi_channel_endpoints_setup
                0x00000000000062d8       0x14 modules/hal_nordic/nrfx/libmodules__hal_nordic__nrfx.a(nrfx_gppi_ppi.c.obj)
                0x00000000000062d8                nrfx_gppi_channel_endpoints_setup
 .text.nrfx_gppi_channel_alloc
                0x00000000000062ec        0x4 modules/hal_nordic/nrfx/libmodules__hal_nordic__nrfx.a(nrfx_gppi_ppi.c.obj)
                0x00000000000062ec                nrfx_gppi_channel_alloc
 .text.nrf_gpio_pin_present_check
                0x00000000000062f0       0x24 modules/hal_nordic/nrfx/libmodules__hal_nordic__nrfx.a(nrfx_gpiote.c.obj)
 .text.nrf_gpio_reconfigure
                0x0000000000006314       0x9a modules/hal_nordic/nrfx/libmodules__hal_nordic__nrfx.a(nrfx_gpiote.c.obj)
 .text.nrf_gpio_cfg_sense_set
                0x00000000000063ae       0x1e modules/hal_nordic/nrfx/libmodules__hal_nordic__nrfx.a(nrfx_gpiote.c.obj)
 .text.pin_is_task_output.isra.0
                0x00000000000063cc       0x16 modules/hal_nordic/nrfx/libmodules__hal_nordic__nrfx.a(nrfx_gpiote.c.obj)
 .text.pin_trigger_disable
                0x00000000000063e2       0x48 modules/hal_nordic/nrfx/libmodules__hal_nordic__nrfx.a(nrfx_gpiote.c.obj)
 .text.nrfx_gpiote_pin_uninit
                0x000000000000642a        0x4 modules/hal_nordic/nrfx/libmodules__hal_nordic__nrfx.a(nrfx_gpiote.c.obj)
                0x000000000000642a                nrfx_gpiote_pin_uninit
 .text.nrfx_gpiote_trigger_disable
                0x000000000000642e        0x4 modules/hal_nordic/nrfx/libmodules__hal_nordic__nrfx.a(nrfx_gpiote.c.obj)
                0x000000000000642e                nrfx_gpiote_trigger_disable
 .text.rtt_init
                0x0000000000006432        0xa modules/segger/libmodules__segger.a(SEGGER_RTT_zephyr.c.obj)
 .text.z_impl_k_busy_wait
                0x000000000000643c        0x8 zephyr/kernel/libkernel.a(busy_wait.c.obj)
                0x000000000000643c                z_impl_k_busy_wait
 .text.z_impl_device_is_ready
                0x0000000000006444       0x16 zephyr/kernel/libkernel.a(device.c.obj)
                0x0000000000006444                z_impl_device_is_ready
 .text.arch_system_halt
                0x000000000000645a       0x10 zephyr/kernel/libkernel.a(fatal.c.obj)
                0x000000000000645a                arch_system_halt
 .text.k_sys_fatal_error_handler
                0x000000000000646a        0x6 zephyr/kernel/libkernel.a(fatal.c.obj)
                0x000000000000646a                k_sys_fatal_error_handler
 .text.do_device_init
                0x0000000000006470       0x2e zephyr/kernel/libkernel.a(init.c.obj)
 .text.z_early_memset
                0x000000000000649e        0x4 zephyr/kernel/libkernel.a(init.c.obj)
                0x000000000000649e                z_early_memset
 .text.z_early_memcpy
                0x00000000000064a2        0x4 zephyr/kernel/libkernel.a(init.c.obj)
                0x00000000000064a2                z_early_memcpy
 .text.z_init_static
                0x00000000000064a6        0x2 zephyr/kernel/libkernel.a(init_static.c.obj)
                0x00000000000064a6                z_init_static
 .text.z_queue_node_peek
                0x00000000000064a8       0x18 zephyr/kernel/libkernel.a(queue.c.obj)
                0x00000000000064a8                z_queue_node_peek
 .text.k_queue_append
                0x00000000000064c0       0x16 zephyr/kernel/libkernel.a(queue.c.obj)
                0x00000000000064c0                k_queue_append
 .text.k_is_in_isr
                0x00000000000064d6        0xc zephyr/kernel/libkernel.a(thread.c.obj)
                0x00000000000064d6                k_is_in_isr
 .text.sys_dlist_remove
                0x00000000000064e2       0x10 zephyr/kernel/libkernel.a(sched.c.obj)
 .text.add_to_waitq_locked
                0x00000000000064f2       0x50 zephyr/kernel/libkernel.a(sched.c.obj)
 .text.z_thread_timeout
                0x0000000000006542        0x8 zephyr/kernel/libkernel.a(sched.c.obj)
                0x0000000000006542                z_thread_timeout
 .text.z_unpend_thread
                0x000000000000654a       0x14 zephyr/kernel/libkernel.a(sched.c.obj)
                0x000000000000654a                z_unpend_thread
 .text.z_unpend_all
                0x000000000000655e       0x28 zephyr/kernel/libkernel.a(sched.c.obj)
                0x000000000000655e                z_unpend_all
 .text.next_timeout
                0x0000000000006586       0x2e zephyr/kernel/libkernel.a(timeout.c.obj)
 .text.sys_clock_tick_get_32
                0x00000000000065b4        0x8 zephyr/kernel/libkernel.a(timeout.c.obj)
                0x00000000000065b4                sys_clock_tick_get_32
 .text.k_free   0x00000000000065bc        0xe zephyr/kernel/libkernel.a(mempool.c.obj)
                0x00000000000065bc                k_free
 .text.main     0x00000000000065ca        0x6 zephyr/kernel/libkernel.a(main_weak.c.obj)
                0x00000000000065ca                main
 .text.k_heap_init
                0x00000000000065d0       0x14 zephyr/kernel/libkernel.a(kheap.c.obj)
                0x00000000000065d0                k_heap_init
 .text.memcpy   0x00000000000065e4       0x1c /home/issam/zephyr-sdk-0.17.0/arm-zephyr-eabi/bin/../lib/gcc/../../picolibc/arm-zephyr-eabi/lib/thumb/v7e-m/nofp/libc.a(memcpy.c.o)
                0x00000000000065e4                memcpy
                0x00000000000065e4                __aeabi_memcpy
                0x00000000000065e4                __aeabi_memcpy4
                0x00000000000065e4                __aeabi_memcpy8
 .text.memset   0x0000000000006600       0x10 /home/issam/zephyr-sdk-0.17.0/arm-zephyr-eabi/bin/../lib/gcc/../../picolibc/arm-zephyr-eabi/lib/thumb/v7e-m/nofp/libc.a(memset.c.o)
                0x0000000000006600                memset
 .text.strnlen  0x0000000000006610       0x18 /home/issam/zephyr-sdk-0.17.0/arm-zephyr-eabi/bin/../lib/gcc/../../picolibc/arm-zephyr-eabi/lib/thumb/v7e-m/nofp/libc.a(libc_string_strnlen.c.o)
                0x0000000000006610                strnlen
 .text.__ultoa_invert
                0x0000000000006628       0xae /home/issam/zephyr-sdk-0.17.0/arm-zephyr-eabi/bin/../lib/gcc/../../picolibc/arm-zephyr-eabi/lib/thumb/v7e-m/nofp/libc.a(libc_tinystdio_vflprintf.c.o)
 *(SORT_BY_ALIGNMENT(.TEXT.*))
 *fill*         0x00000000000066d6        0x2 
 .TEXT.__aeabi_read_tp
                0x00000000000066d8        0xc zephyr/arch/arch/arm/core/cortex_m/libarch__arm__core__cortex_m.a(__aeabi_read_tp.S.obj)
                0x00000000000066d8                __aeabi_read_tp
 *(SORT_BY_ALIGNMENT(.gnu.linkonce.t.*))
 *(SORT_BY_ALIGNMENT(.glue_7t))
 .glue_7t       0x00000000000066e4        0x0 linker stubs
 *(SORT_BY_ALIGNMENT(.glue_7))
 .glue_7        0x00000000000066e4        0x0 linker stubs
 *(SORT_BY_ALIGNMENT(.vfp11_veneer))
 .vfp11_veneer  0x00000000000066e4        0x0 linker stubs
 *(SORT_BY_ALIGNMENT(.v4_bx))
 .v4_bx         0x00000000000066e4        0x0 linker stubs
                0x00000000000066e4                . = ALIGN (0x4)
                0x00000000000066e4                __text_region_end = .

.ARM.exidx      0x00000000000066e4        0x8
                0x00000000000066e4                __exidx_start = .
 *(SORT_BY_ALIGNMENT(.ARM.exidx*) SORT_BY_ALIGNMENT(gnu.linkonce.armexidx.*))
 .ARM.exidx     0x00000000000066e4        0x8 /home/issam/zephyr-sdk-0.17.0/arm-zephyr-eabi/bin/../lib/gcc/arm-zephyr-eabi/12.2.0/thumb/v7e-m/nofp/libgcc.a(_udivmoddi4.o)
                0x00000000000066ec                __exidx_end = .
                0x00000000000066ec                __rodata_region_start = .

initlevel       0x00000000000066ec       0x50
                0x00000000000066ec                __init_start = .
                0x00000000000066ec                __init_EARLY_start = .
 *(SORT_BY_NAME(SORT_BY_ALIGNMENT(.z_init_EARLY_P_?_*)))
 *(SORT_BY_NAME(SORT_BY_ALIGNMENT(.z_init_EARLY_P_??_*)))
 *(SORT_BY_NAME(SORT_BY_ALIGNMENT(.z_init_EARLY_P_???_*)))
                0x00000000000066ec                __init_PRE_KERNEL_1_start = .
 *(SORT_BY_NAME(SORT_BY_ALIGNMENT(.z_init_PRE_KERNEL_1_P_?_*)))
 .z_init_PRE_KERNEL_1_P_0_SUB_0_
                0x00000000000066ec        0x8 zephyr/soc/soc/nrf52840/libsoc__nordic.a(soc.c.obj)
 *(SORT_BY_NAME(SORT_BY_ALIGNMENT(.z_init_PRE_KERNEL_1_P_??_*)))
 .z_init_PRE_KERNEL_1_P_30_SUB_00075_
                0x00000000000066f4        0x8 zephyr/drivers/clock_control/libdrivers__clock_control.a(clock_control_nrf.c.obj)
 .z_init_PRE_KERNEL_1_P_30_SUB_0_
                0x00000000000066fc        0x8 modules/segger/libmodules__segger.a(SEGGER_RTT_zephyr.c.obj)
 .z_init_PRE_KERNEL_1_P_30_SUB_0_
                0x0000000000006704        0x8 zephyr/kernel/libkernel.a(kheap.c.obj)
 .z_init_PRE_KERNEL_1_P_40_SUB_00011_
                0x000000000000670c        0x8 zephyr/drivers/gpio/libdrivers__gpio.a(gpio_nrfx.c.obj)
 .z_init_PRE_KERNEL_1_P_40_SUB_00105_
                0x0000000000006714        0x8 zephyr/drivers/gpio/libdrivers__gpio.a(gpio_nrfx.c.obj)
 .z_init_PRE_KERNEL_1_P_50_SUB_00113_
                0x000000000000671c        0x8 zephyr/drivers/serial/libdrivers__serial.a(uart_nrfx_uarte.c.obj)
 .z_init_PRE_KERNEL_1_P_60_SUB_0_
                0x0000000000006724        0x8 zephyr/drivers/console/libdrivers__console.a(uart_console.c.obj)
 *(SORT_BY_NAME(SORT_BY_ALIGNMENT(.z_init_PRE_KERNEL_1_P_???_*)))
                0x000000000000672c                __init_PRE_KERNEL_2_start = .
 *(SORT_BY_NAME(SORT_BY_ALIGNMENT(.z_init_PRE_KERNEL_2_P_?_*)))
 .z_init_PRE_KERNEL_2_P_0_SUB_0_
                0x000000000000672c        0x8 zephyr/drivers/timer/libdrivers__timer.a(nrf_rtc_timer.c.obj)
 *(SORT_BY_NAME(SORT_BY_ALIGNMENT(.z_init_PRE_KERNEL_2_P_??_*)))
 *(SORT_BY_NAME(SORT_BY_ALIGNMENT(.z_init_PRE_KERNEL_2_P_???_*)))
                0x0000000000006734                __init_POST_KERNEL_start = .
 *(SORT_BY_NAME(SORT_BY_ALIGNMENT(.z_init_POST_KERNEL_P_?_*)))
 *(SORT_BY_NAME(SORT_BY_ALIGNMENT(.z_init_POST_KERNEL_P_??_*)))
 .z_init_POST_KERNEL_P_35_SUB_0_
                0x0000000000006734        0x8 zephyr/lib/libc/common/liblib__libc__common.a(malloc.c.obj)
 *(SORT_BY_NAME(SORT_BY_ALIGNMENT(.z_init_POST_KERNEL_P_???_*)))
                0x000000000000673c                __init_APPLICATION_start = .
 *(SORT_BY_NAME(SORT_BY_ALIGNMENT(.z_init_APPLICATION_P_?_*)))
 *(SORT_BY_NAME(SORT_BY_ALIGNMENT(.z_init_APPLICATION_P_??_*)))
 *(SORT_BY_NAME(SORT_BY_ALIGNMENT(.z_init_APPLICATION_P_???_*)))
                0x000000000000673c                __init_SMP_start = .
 *(SORT_BY_NAME(SORT_BY_ALIGNMENT(.z_init_SMP_P_?_*)))
 *(SORT_BY_NAME(SORT_BY_ALIGNMENT(.z_init_SMP_P_??_*)))
 *(SORT_BY_NAME(SORT_BY_ALIGNMENT(.z_init_SMP_P_???_*)))
                0x000000000000673c                __init_end = .

device_area     0x000000000000673c       0x80
                0x000000000000673c                _device_list_start = .
 *(SORT_BY_NAME(SORT_BY_ALIGNMENT(._device.static.*_?_*)))
 *(SORT_BY_NAME(SORT_BY_ALIGNMENT(._device.static.*_??_*)))
 ._device.static.1_30_
                0x000000000000673c       0x20 zephyr/drivers/clock_control/libdrivers__clock_control.a(clock_control_nrf.c.obj)
                0x000000000000673c                __device_dts_ord_75
 ._device.static.1_40_
                0x000000000000675c       0x40 zephyr/drivers/gpio/libdrivers__gpio.a(gpio_nrfx.c.obj)
                0x000000000000675c                __device_dts_ord_105
                0x000000000000677c                __device_dts_ord_11
 ._device.static.1_50_
                0x000000000000679c       0x20 zephyr/drivers/serial/libdrivers__serial.a(uart_nrfx_uarte.c.obj)
                0x000000000000679c                __device_dts_ord_113
 *(SORT_BY_NAME(SORT_BY_ALIGNMENT(._device.static.*_???_*)))
 *(SORT_BY_NAME(SORT_BY_ALIGNMENT(._device.static.*_????_*)))
 *(SORT_BY_NAME(SORT_BY_ALIGNMENT(._device.static.*_?????_*)))
                0x00000000000067bc                _device_list_end = .

sw_isr_table    0x00000000000067bc      0x180
                0x00000000000067bc                . = ALIGN (0x4)
 *(SORT_BY_ALIGNMENT(.gnu.linkonce.sw_isr_table*))
 .gnu.linkonce.sw_isr_table
                0x00000000000067bc      0x180 zephyr/arch/common/libisr_tables.a(isr_tables.c.obj)
                0x00000000000067bc                _sw_isr_table

initlevel_error
                0x00000000000066ec        0x0
 *(SORT_BY_NAME(SORT_BY_ALIGNMENT(.z_init_*)))
                0x0000000000000001                ASSERT ((SIZEOF (initlevel_error) == 0x0), Undefined initialization levels used.)

app_shmem_regions
                0x000000000000693c        0x0
                0x000000000000693c                __app_shmem_regions_start = .
 *(SORT_BY_NAME(SORT_BY_ALIGNMENT(.app_regions.*)))
                0x000000000000693c                __app_shmem_regions_end = .

k_p4wq_initparam_area
                0x000000000000693c        0x0
                0x000000000000693c                _k_p4wq_initparam_list_start = .
 *(SORT_BY_NAME(SORT_BY_ALIGNMENT(._k_p4wq_initparam.static.*)))
                0x000000000000693c                _k_p4wq_initparam_list_end = .

_static_thread_data_area
                0x0000000000006940       0x90
                0x0000000000006940                __static_thread_data_list_start = .
 *(SORT_BY_NAME(SORT_BY_ALIGNMENT(.__static_thread_data.static.*)))
 .__static_thread_data.static._k_thread_data_blink0_id_
                0x0000000000006940       0x30 app/libapp.a(main.c.obj)
                0x0000000000006940                _k_thread_data_blink0_id
 .__static_thread_data.static._k_thread_data_blink1_id_
                0x0000000000006970       0x30 app/libapp.a(main.c.obj)
                0x0000000000006970                _k_thread_data_blink1_id
 .__static_thread_data.static._k_thread_data_uart_out_id_
                0x00000000000069a0       0x30 app/libapp.a(main.c.obj)
                0x00000000000069a0                _k_thread_data_uart_out_id
                0x00000000000069d0                __static_thread_data_list_end = .

device_deps     0x00000000000069d0        0x0
                0x00000000000069d0                __device_deps_start = .
 *(SORT_BY_NAME(SORT_BY_ALIGNMENT(.__device_deps_pass2*)))
                0x00000000000069d0                __device_deps_end = .

gpio_driver_api_area
                0x00000000000069d0       0x24
                0x00000000000069d0                _gpio_driver_api_list_start = .
 *(SORT_BY_NAME(SORT_BY_ALIGNMENT(._gpio_driver_api.static.*)))
 ._gpio_driver_api.static.gpio_nrfx_drv_api_funcs_
                0x00000000000069d0       0x24 zephyr/drivers/gpio/libdrivers__gpio.a(gpio_nrfx.c.obj)
                0x00000000000069f4                _gpio_driver_api_list_end = .

shared_irq_driver_api_area
                0x00000000000069f4        0x0
                0x00000000000069f4                _shared_irq_driver_api_list_start = .
 *(SORT_BY_NAME(SORT_BY_ALIGNMENT(._shared_irq_driver_api.static.*)))
                0x00000000000069f4                _shared_irq_driver_api_list_end = .

crypto_driver_api_area
                0x00000000000069f4        0x0
                0x00000000000069f4                _crypto_driver_api_list_start = .
 *(SORT_BY_NAME(SORT_BY_ALIGNMENT(._crypto_driver_api.static.*)))
                0x00000000000069f4                _crypto_driver_api_list_end = .

adc_driver_api_area
                0x00000000000069f4        0x0
                0x00000000000069f4                _adc_driver_api_list_start = .
 *(SORT_BY_NAME(SORT_BY_ALIGNMENT(._adc_driver_api.static.*)))
                0x00000000000069f4                _adc_driver_api_list_end = .

auxdisplay_driver_api_area
                0x00000000000069f4        0x0
                0x00000000000069f4                _auxdisplay_driver_api_list_start = .
 *(SORT_BY_NAME(SORT_BY_ALIGNMENT(._auxdisplay_driver_api.static.*)))
                0x00000000000069f4                _auxdisplay_driver_api_list_end = .

bbram_driver_api_area
                0x00000000000069f4        0x0
                0x00000000000069f4                _bbram_driver_api_list_start = .
 *(SORT_BY_NAME(SORT_BY_ALIGNMENT(._bbram_driver_api.static.*)))
                0x00000000000069f4                _bbram_driver_api_list_end = .

bt_hci_driver_api_area
                0x00000000000069f4        0x0
                0x00000000000069f4                _bt_hci_driver_api_list_start = .
 *(SORT_BY_NAME(SORT_BY_ALIGNMENT(._bt_hci_driver_api.static.*)))
                0x00000000000069f4                _bt_hci_driver_api_list_end = .

can_driver_api_area
                0x00000000000069f4        0x0
                0x00000000000069f4                _can_driver_api_list_start = .
 *(SORT_BY_NAME(SORT_BY_ALIGNMENT(._can_driver_api.static.*)))
                0x00000000000069f4                _can_driver_api_list_end = .

cellular_driver_api_area
                0x00000000000069f4        0x0
                0x00000000000069f4                _cellular_driver_api_list_start = .
 *(SORT_BY_NAME(SORT_BY_ALIGNMENT(._cellular_driver_api.static.*)))
                0x00000000000069f4                _cellular_driver_api_list_end = .

charger_driver_api_area
                0x00000000000069f4        0x0
                0x00000000000069f4                _charger_driver_api_list_start = .
 *(SORT_BY_NAME(SORT_BY_ALIGNMENT(._charger_driver_api.static.*)))
                0x00000000000069f4                _charger_driver_api_list_end = .

clock_control_driver_api_area
                0x00000000000069f4       0x1c
                0x00000000000069f4                _clock_control_driver_api_list_start = .
 *(SORT_BY_NAME(SORT_BY_ALIGNMENT(._clock_control_driver_api.static.*)))
 ._clock_control_driver_api.static.clock_control_api_
                0x00000000000069f4       0x1c zephyr/drivers/clock_control/libdrivers__clock_control.a(clock_control_nrf.c.obj)
                0x0000000000006a10                _clock_control_driver_api_list_end = .

comparator_driver_api_area
                0x0000000000006a10        0x0
                0x0000000000006a10                _comparator_driver_api_list_start = .
 *(SORT_BY_NAME(SORT_BY_ALIGNMENT(._comparator_driver_api.static.*)))
                0x0000000000006a10                _comparator_driver_api_list_end = .

coredump_driver_api_area
                0x0000000000006a10        0x0
                0x0000000000006a10                _coredump_driver_api_list_start = .
 *(SORT_BY_NAME(SORT_BY_ALIGNMENT(._coredump_driver_api.static.*)))
                0x0000000000006a10                _coredump_driver_api_list_end = .

counter_driver_api_area
                0x0000000000006a10        0x0
                0x0000000000006a10                _counter_driver_api_list_start = .
 *(SORT_BY_NAME(SORT_BY_ALIGNMENT(._counter_driver_api.static.*)))
                0x0000000000006a10                _counter_driver_api_list_end = .

dac_driver_api_area
                0x0000000000006a10        0x0
                0x0000000000006a10                _dac_driver_api_list_start = .
 *(SORT_BY_NAME(SORT_BY_ALIGNMENT(._dac_driver_api.static.*)))
                0x0000000000006a10                _dac_driver_api_list_end = .

dai_driver_api_area
                0x0000000000006a10        0x0
                0x0000000000006a10                _dai_driver_api_list_start = .
 *(SORT_BY_NAME(SORT_BY_ALIGNMENT(._dai_driver_api.static.*)))
                0x0000000000006a10                _dai_driver_api_list_end = .

display_driver_api_area
                0x0000000000006a10        0x0
                0x0000000000006a10                _display_driver_api_list_start = .
 *(SORT_BY_NAME(SORT_BY_ALIGNMENT(._display_driver_api.static.*)))
                0x0000000000006a10                _display_driver_api_list_end = .

dma_driver_api_area
                0x0000000000006a10        0x0
                0x0000000000006a10                _dma_driver_api_list_start = .
 *(SORT_BY_NAME(SORT_BY_ALIGNMENT(._dma_driver_api.static.*)))
                0x0000000000006a10                _dma_driver_api_list_end = .

edac_driver_api_area
                0x0000000000006a10        0x0
                0x0000000000006a10                _edac_driver_api_list_start = .
 *(SORT_BY_NAME(SORT_BY_ALIGNMENT(._edac_driver_api.static.*)))
                0x0000000000006a10                _edac_driver_api_list_end = .

eeprom_driver_api_area
                0x0000000000006a10        0x0
                0x0000000000006a10                _eeprom_driver_api_list_start = .
 *(SORT_BY_NAME(SORT_BY_ALIGNMENT(._eeprom_driver_api.static.*)))
                0x0000000000006a10                _eeprom_driver_api_list_end = .

emul_bbram_driver_api_area
                0x0000000000006a10        0x0
                0x0000000000006a10                _emul_bbram_driver_api_list_start = .
 *(SORT_BY_NAME(SORT_BY_ALIGNMENT(._emul_bbram_driver_api.static.*)))
                0x0000000000006a10                _emul_bbram_driver_api_list_end = .

fuel_gauge_emul_driver_api_area
                0x0000000000006a10        0x0
                0x0000000000006a10                _fuel_gauge_emul_driver_api_list_start = .
 *(SORT_BY_NAME(SORT_BY_ALIGNMENT(._fuel_gauge_emul_driver_api.static.*)))
                0x0000000000006a10                _fuel_gauge_emul_driver_api_list_end = .

emul_sensor_driver_api_area
                0x0000000000006a10        0x0
                0x0000000000006a10                _emul_sensor_driver_api_list_start = .
 *(SORT_BY_NAME(SORT_BY_ALIGNMENT(._emul_sensor_driver_api.static.*)))
                0x0000000000006a10                _emul_sensor_driver_api_list_end = .

entropy_driver_api_area
                0x0000000000006a10        0x0
                0x0000000000006a10                _entropy_driver_api_list_start = .
 *(SORT_BY_NAME(SORT_BY_ALIGNMENT(._entropy_driver_api.static.*)))
                0x0000000000006a10                _entropy_driver_api_list_end = .

espi_driver_api_area
                0x0000000000006a10        0x0
                0x0000000000006a10                _espi_driver_api_list_start = .
 *(SORT_BY_NAME(SORT_BY_ALIGNMENT(._espi_driver_api.static.*)))
                0x0000000000006a10                _espi_driver_api_list_end = .

espi_saf_driver_api_area
                0x0000000000006a10        0x0
                0x0000000000006a10                _espi_saf_driver_api_list_start = .
 *(SORT_BY_NAME(SORT_BY_ALIGNMENT(._espi_saf_driver_api.static.*)))
                0x0000000000006a10                _espi_saf_driver_api_list_end = .

flash_driver_api_area
                0x0000000000006a10        0x0
                0x0000000000006a10                _flash_driver_api_list_start = .
 *(SORT_BY_NAME(SORT_BY_ALIGNMENT(._flash_driver_api.static.*)))
                0x0000000000006a10                _flash_driver_api_list_end = .

fpga_driver_api_area
                0x0000000000006a10        0x0
                0x0000000000006a10                _fpga_driver_api_list_start = .
 *(SORT_BY_NAME(SORT_BY_ALIGNMENT(._fpga_driver_api.static.*)))
                0x0000000000006a10                _fpga_driver_api_list_end = .

fuel_gauge_driver_api_area
                0x0000000000006a10        0x0
                0x0000000000006a10                _fuel_gauge_driver_api_list_start = .
 *(SORT_BY_NAME(SORT_BY_ALIGNMENT(._fuel_gauge_driver_api.static.*)))
                0x0000000000006a10                _fuel_gauge_driver_api_list_end = .

gnss_driver_api_area
                0x0000000000006a10        0x0
                0x0000000000006a10                _gnss_driver_api_list_start = .
 *(SORT_BY_NAME(SORT_BY_ALIGNMENT(._gnss_driver_api.static.*)))
                0x0000000000006a10                _gnss_driver_api_list_end = .

haptics_driver_api_area
                0x0000000000006a10        0x0
                0x0000000000006a10                _haptics_driver_api_list_start = .
 *(SORT_BY_NAME(SORT_BY_ALIGNMENT(._haptics_driver_api.static.*)))
                0x0000000000006a10                _haptics_driver_api_list_end = .

hwspinlock_driver_api_area
                0x0000000000006a10        0x0
                0x0000000000006a10                _hwspinlock_driver_api_list_start = .
 *(SORT_BY_NAME(SORT_BY_ALIGNMENT(._hwspinlock_driver_api.static.*)))
                0x0000000000006a10                _hwspinlock_driver_api_list_end = .

i2c_driver_api_area
                0x0000000000006a10        0x0
                0x0000000000006a10                _i2c_driver_api_list_start = .
 *(SORT_BY_NAME(SORT_BY_ALIGNMENT(._i2c_driver_api.static.*)))
                0x0000000000006a10                _i2c_driver_api_list_end = .

i2c_target_driver_api_area
                0x0000000000006a10        0x0
                0x0000000000006a10                _i2c_target_driver_api_list_start = .
 *(SORT_BY_NAME(SORT_BY_ALIGNMENT(._i2c_target_driver_api.static.*)))
                0x0000000000006a10                _i2c_target_driver_api_list_end = .

i2s_driver_api_area
                0x0000000000006a10        0x0
                0x0000000000006a10                _i2s_driver_api_list_start = .
 *(SORT_BY_NAME(SORT_BY_ALIGNMENT(._i2s_driver_api.static.*)))
                0x0000000000006a10                _i2s_driver_api_list_end = .

i3c_driver_api_area
                0x0000000000006a10        0x0
                0x0000000000006a10                _i3c_driver_api_list_start = .
 *(SORT_BY_NAME(SORT_BY_ALIGNMENT(._i3c_driver_api.static.*)))
                0x0000000000006a10                _i3c_driver_api_list_end = .

ipm_driver_api_area
                0x0000000000006a10        0x0
                0x0000000000006a10                _ipm_driver_api_list_start = .
 *(SORT_BY_NAME(SORT_BY_ALIGNMENT(._ipm_driver_api.static.*)))
                0x0000000000006a10                _ipm_driver_api_list_end = .

led_driver_api_area
                0x0000000000006a10        0x0
                0x0000000000006a10                _led_driver_api_list_start = .
 *(SORT_BY_NAME(SORT_BY_ALIGNMENT(._led_driver_api.static.*)))
                0x0000000000006a10                _led_driver_api_list_end = .

led_strip_driver_api_area
                0x0000000000006a10        0x0
                0x0000000000006a10                _led_strip_driver_api_list_start = .
 *(SORT_BY_NAME(SORT_BY_ALIGNMENT(._led_strip_driver_api.static.*)))
                0x0000000000006a10                _led_strip_driver_api_list_end = .

lora_driver_api_area
                0x0000000000006a10        0x0
                0x0000000000006a10                _lora_driver_api_list_start = .
 *(SORT_BY_NAME(SORT_BY_ALIGNMENT(._lora_driver_api.static.*)))
                0x0000000000006a10                _lora_driver_api_list_end = .

mbox_driver_api_area
                0x0000000000006a10        0x0
                0x0000000000006a10                _mbox_driver_api_list_start = .
 *(SORT_BY_NAME(SORT_BY_ALIGNMENT(._mbox_driver_api.static.*)))
                0x0000000000006a10                _mbox_driver_api_list_end = .

mdio_driver_api_area
                0x0000000000006a10        0x0
                0x0000000000006a10                _mdio_driver_api_list_start = .
 *(SORT_BY_NAME(SORT_BY_ALIGNMENT(._mdio_driver_api.static.*)))
                0x0000000000006a10                _mdio_driver_api_list_end = .

mipi_dbi_driver_api_area
                0x0000000000006a10        0x0
                0x0000000000006a10                _mipi_dbi_driver_api_list_start = .
 *(SORT_BY_NAME(SORT_BY_ALIGNMENT(._mipi_dbi_driver_api.static.*)))
                0x0000000000006a10                _mipi_dbi_driver_api_list_end = .

mipi_dsi_driver_api_area
                0x0000000000006a10        0x0
                0x0000000000006a10                _mipi_dsi_driver_api_list_start = .
 *(SORT_BY_NAME(SORT_BY_ALIGNMENT(._mipi_dsi_driver_api.static.*)))
                0x0000000000006a10                _mipi_dsi_driver_api_list_end = .

mspi_driver_api_area
                0x0000000000006a10        0x0
                0x0000000000006a10                _mspi_driver_api_list_start = .
 *(SORT_BY_NAME(SORT_BY_ALIGNMENT(._mspi_driver_api.static.*)))
                0x0000000000006a10                _mspi_driver_api_list_end = .

peci_driver_api_area
                0x0000000000006a10        0x0
                0x0000000000006a10                _peci_driver_api_list_start = .
 *(SORT_BY_NAME(SORT_BY_ALIGNMENT(._peci_driver_api.static.*)))
                0x0000000000006a10                _peci_driver_api_list_end = .

ps2_driver_api_area
                0x0000000000006a10        0x0
                0x0000000000006a10                _ps2_driver_api_list_start = .
 *(SORT_BY_NAME(SORT_BY_ALIGNMENT(._ps2_driver_api.static.*)))
                0x0000000000006a10                _ps2_driver_api_list_end = .

ptp_clock_driver_api_area
                0x0000000000006a10        0x0
                0x0000000000006a10                _ptp_clock_driver_api_list_start = .
 *(SORT_BY_NAME(SORT_BY_ALIGNMENT(._ptp_clock_driver_api.static.*)))
                0x0000000000006a10                _ptp_clock_driver_api_list_end = .

pwm_driver_api_area
                0x0000000000006a10        0x0
                0x0000000000006a10                _pwm_driver_api_list_start = .
 *(SORT_BY_NAME(SORT_BY_ALIGNMENT(._pwm_driver_api.static.*)))
                0x0000000000006a10                _pwm_driver_api_list_end = .

regulator_parent_driver_api_area
                0x0000000000006a10        0x0
                0x0000000000006a10                _regulator_parent_driver_api_list_start = .
 *(SORT_BY_NAME(SORT_BY_ALIGNMENT(._regulator_parent_driver_api.static.*)))
                0x0000000000006a10                _regulator_parent_driver_api_list_end = .

regulator_driver_api_area
                0x0000000000006a10        0x0
                0x0000000000006a10                _regulator_driver_api_list_start = .
 *(SORT_BY_NAME(SORT_BY_ALIGNMENT(._regulator_driver_api.static.*)))
                0x0000000000006a10                _regulator_driver_api_list_end = .

reset_driver_api_area
                0x0000000000006a10        0x0
                0x0000000000006a10                _reset_driver_api_list_start = .
 *(SORT_BY_NAME(SORT_BY_ALIGNMENT(._reset_driver_api.static.*)))
                0x0000000000006a10                _reset_driver_api_list_end = .

retained_mem_driver_api_area
                0x0000000000006a10        0x0
                0x0000000000006a10                _retained_mem_driver_api_list_start = .
 *(SORT_BY_NAME(SORT_BY_ALIGNMENT(._retained_mem_driver_api.static.*)))
                0x0000000000006a10                _retained_mem_driver_api_list_end = .

rtc_driver_api_area
                0x0000000000006a10        0x0
                0x0000000000006a10                _rtc_driver_api_list_start = .
 *(SORT_BY_NAME(SORT_BY_ALIGNMENT(._rtc_driver_api.static.*)))
                0x0000000000006a10                _rtc_driver_api_list_end = .

sdhc_driver_api_area
                0x0000000000006a10        0x0
                0x0000000000006a10                _sdhc_driver_api_list_start = .
 *(SORT_BY_NAME(SORT_BY_ALIGNMENT(._sdhc_driver_api.static.*)))
                0x0000000000006a10                _sdhc_driver_api_list_end = .

sensor_driver_api_area
                0x0000000000006a10        0x0
                0x0000000000006a10                _sensor_driver_api_list_start = .
 *(SORT_BY_NAME(SORT_BY_ALIGNMENT(._sensor_driver_api.static.*)))
                0x0000000000006a10                _sensor_driver_api_list_end = .

smbus_driver_api_area
                0x0000000000006a10        0x0
                0x0000000000006a10                _smbus_driver_api_list_start = .
 *(SORT_BY_NAME(SORT_BY_ALIGNMENT(._smbus_driver_api.static.*)))
                0x0000000000006a10                _smbus_driver_api_list_end = .

spi_driver_api_area
                0x0000000000006a10        0x0
                0x0000000000006a10                _spi_driver_api_list_start = .
 *(SORT_BY_NAME(SORT_BY_ALIGNMENT(._spi_driver_api.static.*)))
                0x0000000000006a10                _spi_driver_api_list_end = .

stepper_driver_api_area
                0x0000000000006a10        0x0
                0x0000000000006a10                _stepper_driver_api_list_start = .
 *(SORT_BY_NAME(SORT_BY_ALIGNMENT(._stepper_driver_api.static.*)))
                0x0000000000006a10                _stepper_driver_api_list_end = .

syscon_driver_api_area
                0x0000000000006a10        0x0
                0x0000000000006a10                _syscon_driver_api_list_start = .
 *(SORT_BY_NAME(SORT_BY_ALIGNMENT(._syscon_driver_api.static.*)))
                0x0000000000006a10                _syscon_driver_api_list_end = .

tee_driver_api_area
                0x0000000000006a10        0x0
                0x0000000000006a10                _tee_driver_api_list_start = .
 *(SORT_BY_NAME(SORT_BY_ALIGNMENT(._tee_driver_api.static.*)))
                0x0000000000006a10                _tee_driver_api_list_end = .

video_driver_api_area
                0x0000000000006a10        0x0
                0x0000000000006a10                _video_driver_api_list_start = .
 *(SORT_BY_NAME(SORT_BY_ALIGNMENT(._video_driver_api.static.*)))
                0x0000000000006a10                _video_driver_api_list_end = .

w1_driver_api_area
                0x0000000000006a10        0x0
                0x0000000000006a10                _w1_driver_api_list_start = .
 *(SORT_BY_NAME(SORT_BY_ALIGNMENT(._w1_driver_api.static.*)))
                0x0000000000006a10                _w1_driver_api_list_end = .

wdt_driver_api_area
                0x0000000000006a10        0x0
                0x0000000000006a10                _wdt_driver_api_list_start = .
 *(SORT_BY_NAME(SORT_BY_ALIGNMENT(._wdt_driver_api.static.*)))
                0x0000000000006a10                _wdt_driver_api_list_end = .

can_transceiver_driver_api_area
                0x0000000000006a10        0x0
                0x0000000000006a10                _can_transceiver_driver_api_list_start = .
 *(SORT_BY_NAME(SORT_BY_ALIGNMENT(._can_transceiver_driver_api.static.*)))
                0x0000000000006a10                _can_transceiver_driver_api_list_end = .

nrf_clock_control_driver_api_area
                0x0000000000006a10        0x0
                0x0000000000006a10                _nrf_clock_control_driver_api_list_start = .
 *(SORT_BY_NAME(SORT_BY_ALIGNMENT(._nrf_clock_control_driver_api.static.*)))
                0x0000000000006a10                _nrf_clock_control_driver_api_list_end = .

i3c_target_driver_api_area
                0x0000000000006a10        0x0
                0x0000000000006a10                _i3c_target_driver_api_list_start = .
 *(SORT_BY_NAME(SORT_BY_ALIGNMENT(._i3c_target_driver_api.static.*)))
                0x0000000000006a10                _i3c_target_driver_api_list_end = .

its_driver_api_area
                0x0000000000006a10        0x0
                0x0000000000006a10                _its_driver_api_list_start = .
 *(SORT_BY_NAME(SORT_BY_ALIGNMENT(._its_driver_api.static.*)))
                0x0000000000006a10                _its_driver_api_list_end = .

vtd_driver_api_area
                0x0000000000006a10        0x0
                0x0000000000006a10                _vtd_driver_api_list_start = .
 *(SORT_BY_NAME(SORT_BY_ALIGNMENT(._vtd_driver_api.static.*)))
                0x0000000000006a10                _vtd_driver_api_list_end = .

tgpio_driver_api_area
                0x0000000000006a10        0x0
                0x0000000000006a10                _tgpio_driver_api_list_start = .
 *(SORT_BY_NAME(SORT_BY_ALIGNMENT(._tgpio_driver_api.static.*)))
                0x0000000000006a10                _tgpio_driver_api_list_end = .

pcie_ctrl_driver_api_area
                0x0000000000006a10        0x0
                0x0000000000006a10                _pcie_ctrl_driver_api_list_start = .
 *(SORT_BY_NAME(SORT_BY_ALIGNMENT(._pcie_ctrl_driver_api.static.*)))
                0x0000000000006a10                _pcie_ctrl_driver_api_list_end = .

pcie_ep_driver_api_area
                0x0000000000006a10        0x0
                0x0000000000006a10                _pcie_ep_driver_api_list_start = .
 *(SORT_BY_NAME(SORT_BY_ALIGNMENT(._pcie_ep_driver_api.static.*)))
                0x0000000000006a10                _pcie_ep_driver_api_list_end = .

svc_driver_api_area
                0x0000000000006a10        0x0
                0x0000000000006a10                _svc_driver_api_list_start = .
 *(SORT_BY_NAME(SORT_BY_ALIGNMENT(._svc_driver_api.static.*)))
                0x0000000000006a10                _svc_driver_api_list_end = .

uart_driver_api_area
                0x0000000000006a10        0xc
                0x0000000000006a10                _uart_driver_api_list_start = .
 *(SORT_BY_NAME(SORT_BY_ALIGNMENT(._uart_driver_api.static.*)))
 ._uart_driver_api.static.uart_nrfx_uarte_driver_api_
                0x0000000000006a10        0xc zephyr/drivers/serial/libdrivers__serial.a(uart_nrfx_uarte.c.obj)
                0x0000000000006a1c                _uart_driver_api_list_end = .

bc12_emul_driver_api_area
                0x0000000000006a1c        0x0
                0x0000000000006a1c                _bc12_emul_driver_api_list_start = .
 *(SORT_BY_NAME(SORT_BY_ALIGNMENT(._bc12_emul_driver_api.static.*)))
                0x0000000000006a1c                _bc12_emul_driver_api_list_end = .

bc12_driver_api_area
                0x0000000000006a1c        0x0
                0x0000000000006a1c                _bc12_driver_api_list_start = .
 *(SORT_BY_NAME(SORT_BY_ALIGNMENT(._bc12_driver_api.static.*)))
                0x0000000000006a1c                _bc12_driver_api_list_end = .

usbc_ppc_driver_api_area
                0x0000000000006a1c        0x0
                0x0000000000006a1c                _usbc_ppc_driver_api_list_start = .
 *(SORT_BY_NAME(SORT_BY_ALIGNMENT(._usbc_ppc_driver_api.static.*)))
                0x0000000000006a1c                _usbc_ppc_driver_api_list_end = .

tcpc_driver_api_area
                0x0000000000006a1c        0x0
                0x0000000000006a1c                _tcpc_driver_api_list_start = .
 *(SORT_BY_NAME(SORT_BY_ALIGNMENT(._tcpc_driver_api.static.*)))
                0x0000000000006a1c                _tcpc_driver_api_list_end = .

usbc_vbus_driver_api_area
                0x0000000000006a1c        0x0
                0x0000000000006a1c                _usbc_vbus_driver_api_list_start = .
 *(SORT_BY_NAME(SORT_BY_ALIGNMENT(._usbc_vbus_driver_api.static.*)))
                0x0000000000006a1c                _usbc_vbus_driver_api_list_end = .

ivshmem_driver_api_area
                0x0000000000006a1c        0x0
                0x0000000000006a1c                _ivshmem_driver_api_list_start = .
 *(SORT_BY_NAME(SORT_BY_ALIGNMENT(._ivshmem_driver_api.static.*)))
                0x0000000000006a1c                _ivshmem_driver_api_list_end = .

ethphy_driver_api_area
                0x0000000000006a1c        0x0
                0x0000000000006a1c                _ethphy_driver_api_list_start = .
 *(SORT_BY_NAME(SORT_BY_ALIGNMENT(._ethphy_driver_api.static.*)))
                0x0000000000006a1c                _ethphy_driver_api_list_end = .

ztest           0x0000000000006a1c        0x0
                0x0000000000006a1c                _ztest_expected_result_entry_list_start = .
 *(SORT_BY_NAME(SORT_BY_ALIGNMENT(._ztest_expected_result_entry.static.*)))
                0x0000000000006a1c                _ztest_expected_result_entry_list_end = .
                0x0000000000006a1c                _ztest_suite_node_list_start = .
 *(SORT_BY_NAME(SORT_BY_ALIGNMENT(._ztest_suite_node.static.*)))
                0x0000000000006a1c                _ztest_suite_node_list_end = .
                0x0000000000006a1c                _ztest_unit_test_list_start = .
 *(SORT_BY_NAME(SORT_BY_ALIGNMENT(._ztest_unit_test.static.*)))
                0x0000000000006a1c                _ztest_unit_test_list_end = .
                0x0000000000006a1c                _ztest_test_rule_list_start = .
 *(SORT_BY_NAME(SORT_BY_ALIGNMENT(._ztest_test_rule.static.*)))
                0x0000000000006a1c                _ztest_test_rule_list_end = .

init_array      0x0000000000006a1c        0x0
 *(SORT_BY_NAME(SORT_BY_ALIGNMENT(.ctors*)))
 *(SORT_BY_NAME(SORT_BY_ALIGNMENT(.init_array*)))
                0x0000000000000001                ASSERT ((SIZEOF (init_array) == 0x0), GNU-style constructors required but STATIC_INIT_GNU not enabled)

bt_l2cap_fixed_chan_area
                0x0000000000006a1c        0x0
                0x0000000000006a1c                _bt_l2cap_fixed_chan_list_start = .
 *(SORT_BY_NAME(SORT_BY_ALIGNMENT(._bt_l2cap_fixed_chan.static.*)))
                0x0000000000006a1c                _bt_l2cap_fixed_chan_list_end = .

bt_gatt_service_static_area
                0x0000000000006a1c        0x0
                0x0000000000006a1c                _bt_gatt_service_static_list_start = .
 *(SORT_BY_NAME(SORT_BY_ALIGNMENT(._bt_gatt_service_static.static.*)))
                0x0000000000006a1c                _bt_gatt_service_static_list_end = .

log_strings_area
                0x0000000000006a1c        0x0
                0x0000000000006a1c                _log_strings_list_start = .
 *(SORT_BY_NAME(SORT_BY_ALIGNMENT(._log_strings.static.*)))
                0x0000000000006a1c                _log_strings_list_end = .

log_stmesp_ptr_area
                0x0000000000006a1c        0x0
                0x0000000000006a1c                _log_stmesp_ptr_list_start = .
 *(SORT_BY_NAME(SORT_BY_ALIGNMENT(._log_stmesp_ptr.static.*)))
                0x0000000000006a1c                _log_stmesp_ptr_list_end = .

log_stmesp_str_area
                0x0000000000006a1c        0x0
                0x0000000000006a1c                _log_stmesp_str_list_start = .
 *(SORT_BY_NAME(SORT_BY_ALIGNMENT(._log_stmesp_str.static.*)))
                0x0000000000006a1c                _log_stmesp_str_list_end = .

log_const_area  0x0000000000006a1c        0x0
                0x0000000000006a1c                _log_const_list_start = .
 *(SORT_BY_NAME(SORT_BY_ALIGNMENT(._log_const.static.*)))
                0x0000000000006a1c                _log_const_list_end = .

log_backend_area
                0x0000000000006a1c        0x0
                0x0000000000006a1c                _log_backend_list_start = .
 *(SORT_BY_NAME(SORT_BY_ALIGNMENT(._log_backend.static.*)))
                0x0000000000006a1c                _log_backend_list_end = .

log_link_area   0x0000000000006a1c        0x0
                0x0000000000006a1c                _log_link_list_start = .
 *(SORT_BY_NAME(SORT_BY_ALIGNMENT(._log_link.static.*)))
                0x0000000000006a1c                _log_link_list_end = .

tracing_backend_area
                0x0000000000006a1c        0x0
                0x0000000000006a1c                _tracing_backend_list_start = .
 *(SORT_BY_NAME(SORT_BY_ALIGNMENT(._tracing_backend.static.*)))
                0x0000000000006a1c                _tracing_backend_list_end = .

zephyr_dbg_info
 *(SORT_BY_ALIGNMENT(.dbg_thread_info))

intc_table_area
                0x0000000000006a1c        0x0
                0x0000000000006a1c                _intc_table_list_start = .
 *(SORT_BY_NAME(SORT_BY_ALIGNMENT(._intc_table.static.*)))
                0x0000000000006a1c                _intc_table_list_end = .

symbol_to_keep  0x0000000000006a1c        0x0
                0x0000000000006a1c                __symbol_to_keep_start = .
 *(SORT_BY_NAME(SORT_BY_ALIGNMENT(.symbol_to_keep*)))
                0x0000000000006a1c                __symbol_to_keep_end = .

shell_area      0x0000000000006a1c        0x0
                0x0000000000006a1c                _shell_list_start = .
 *(SORT_BY_NAME(SORT_BY_ALIGNMENT(._shell.static.*)))
                0x0000000000006a1c                _shell_list_end = .

shell_root_cmds_area
                0x0000000000006a1c        0x0
                0x0000000000006a1c                _shell_root_cmds_list_start = .
 *(SORT_BY_NAME(SORT_BY_ALIGNMENT(._shell_root_cmds.static.*)))
                0x0000000000006a1c                _shell_root_cmds_list_end = .

shell_subcmds_area
                0x0000000000006a1c        0x0
                0x0000000000006a1c                _shell_subcmds_list_start = .
 *(SORT_BY_NAME(SORT_BY_ALIGNMENT(._shell_subcmds.static.*)))
                0x0000000000006a1c                _shell_subcmds_list_end = .

shell_dynamic_subcmds_area
                0x0000000000006a1c        0x0
                0x0000000000006a1c                _shell_dynamic_subcmds_list_start = .
 *(SORT_BY_NAME(SORT_BY_ALIGNMENT(._shell_dynamic_subcmds.static.*)))
                0x0000000000006a1c                _shell_dynamic_subcmds_list_end = .

cfb_font_area   0x0000000000006a1c        0x0
                0x0000000000006a1c                _cfb_font_list_start = .
 *(SORT_BY_NAME(SORT_BY_ALIGNMENT(._cfb_font.static.*)))
                0x0000000000006a1c                _cfb_font_list_end = .

tdata           0x0000000000006a1c        0x0
 *(SORT_BY_ALIGNMENT(.tdata) SORT_BY_ALIGNMENT(.tdata.*) SORT_BY_ALIGNMENT(.gnu.linkonce.td.*))

tbss            0x0000000000006a1c        0x4
 *(SORT_BY_ALIGNMENT(.tbss) SORT_BY_ALIGNMENT(.tbss.*) SORT_BY_ALIGNMENT(.gnu.linkonce.tb.*) SORT_BY_ALIGNMENT(.tcommon))
 .tbss.z_tls_current
                0x0000000000006a1c        0x4 zephyr/libzephyr.a(thread_entry.c.obj)
                0x0000000000006a1c                z_tls_current
                0x0000000000006a1c                PROVIDE (__tdata_start = LOADADDR (tdata))
                0x0000000000000001                PROVIDE (__tdata_align = ALIGNOF (tdata))
                0x0000000000000000                PROVIDE (__tdata_size = (((SIZEOF (tdata) + __tdata_align) - 0x1) & ~ ((__tdata_align - 0x1))))
                [!provide]                        PROVIDE (__tdata_end = (__tdata_start + __tdata_size))
                0x0000000000000004                PROVIDE (__tbss_align = ALIGNOF (tbss))
                [!provide]                        PROVIDE (__tbss_start = ADDR (tbss))
                0x0000000000000004                PROVIDE (__tbss_size = (((SIZEOF (tbss) + __tbss_align) - 0x1) & ~ ((__tbss_align - 0x1))))
                [!provide]                        PROVIDE (__tbss_end = (__tbss_start + __tbss_size))
                [!provide]                        PROVIDE (__tls_start = __tdata_start)
                [!provide]                        PROVIDE (__tls_end = __tbss_end)
                [!provide]                        PROVIDE (__tls_size = (__tbss_end - __tdata_start))

rodata          0x0000000000006a20     0x1524
 *(SORT_BY_ALIGNMENT(.rodata))
 *(SORT_BY_ALIGNMENT(.rodata.*))
 .rodata.delay_machine_code.0
                0x0000000000006a20        0x6 zephyr/soc/soc/nrf52840/libsoc__nordic.a(soc.c.obj)
 *fill*         0x0000000000006a26        0x2 
 .rodata.led1   0x0000000000006a28        0xc app/libapp.a(main.c.obj)
 .rodata.led0   0x0000000000006a34        0xc app/libapp.a(main.c.obj)
 .rodata.mem_attr_region
                0x0000000000006a40        0x0 zephyr/libzephyr.a(mem_attr.c.obj)
 .rodata.static_regions
                0x0000000000006a40        0xc zephyr/arch/arch/arm/core/mpu/libarch__arm__core__mpu.a(arm_core_mpu.c.obj)
 .rodata.mpu_config
                0x0000000000006a4c        0x8 zephyr/arch/arch/arm/core/mpu/libarch__arm__core__mpu.a(arm_mpu_regions.c.obj)
                0x0000000000006a4c                mpu_config
 .rodata.mpu_regions
                0x0000000000006a54       0x18 zephyr/arch/arch/arm/core/mpu/libarch__arm__core__mpu.a(arm_mpu_regions.c.obj)
 .rodata.transitions.0
                0x0000000000006a6c        0xc zephyr/drivers/clock_control/libdrivers__clock_control.a(clock_control_nrf.c.obj)
 .rodata.config
                0x0000000000006a78       0x10 zephyr/drivers/clock_control/libdrivers__clock_control.a(clock_control_nrf.c.obj)
 .rodata.gpio_nrfx_p1_cfg
                0x0000000000006a88       0x18 zephyr/drivers/gpio/libdrivers__gpio.a(gpio_nrfx.c.obj)
 .rodata.gpio_nrfx_p0_cfg
                0x0000000000006aa0       0x18 zephyr/drivers/gpio/libdrivers__gpio.a(gpio_nrfx.c.obj)
 .rodata.uarte_0z_config
                0x0000000000006ab8       0x20 zephyr/drivers/serial/libdrivers__serial.a(uart_nrfx_uarte.c.obj)
 .rodata.__pinctrl_dev_config__device_dts_ord_113
                0x0000000000006ad8        0xc zephyr/drivers/serial/libdrivers__serial.a(uart_nrfx_uarte.c.obj)
 .rodata.__pinctrl_states__device_dts_ord_113
                0x0000000000006ae4        0x8 zephyr/drivers/serial/libdrivers__serial.a(uart_nrfx_uarte.c.obj)
 .rodata.__pinctrl_state_pins_0__device_dts_ord_113
                0x0000000000006aec       0x10 zephyr/drivers/serial/libdrivers__serial.a(uart_nrfx_uarte.c.obj)
 .rodata.levels.0
                0x0000000000006afc       0x18 zephyr/kernel/libkernel.a(init.c.obj)
 .rodata.uart_out.str1.1
                0x0000000000006b14       0x1b app/libapp.a(main.c.obj)
 .rodata.blink.str1.1
                0x0000000000006b2f      0x1c0 app/libapp.a(main.c.obj)
 .rodata.str1.1
                0x0000000000006cef       0x20 app/libapp.a(main.c.obj)
 .rodata.sys_heap_free.str1.1
                0x0000000000006d0f       0xce zephyr/libzephyr.a(heap.c.obj)
                                         0xeb (size before relaxing)
 .rodata.sys_heap_init.str1.1
                0x0000000000006ddd       0xbb zephyr/libzephyr.a(heap.c.obj)
 .rodata.process_event.str1.1
                0x0000000000006e98      0x12a zephyr/libzephyr.a(onoff.c.obj)
                                        0x149 (size before relaxing)
 .rodata.sys_notify_finalize.str1.1
                0x0000000000006fc2       0x26 zephyr/libzephyr.a(notify.c.obj)
                                         0x45 (size before relaxing)
 .rodata.mem_manage_fault.str1.1
                0x0000000000006fe8       0x9f zephyr/arch/arch/arm/core/cortex_m/libarch__arm__core__cortex_m.a(fault.c.obj)
                                         0xbc (size before relaxing)
 .rodata.z_arm_fault.str1.1
                0x0000000000007087       0xa5 zephyr/arch/arch/arm/core/cortex_m/libarch__arm__core__cortex_m.a(fault.c.obj)
                                         0xa7 (size before relaxing)
 .rodata.arm_irq_priority_set.str1.1
                0x000000000000712c       0x92 zephyr/arch/arch/arm/core/cortex_m/libarch__arm__core__cortex_m.a(irq_manage.c.obj)
                                         0xaf (size before relaxing)
 .rodata.arm_core_mpu_configure_static_mpu_regions.str1.1